Archive member included because of file (symbol)

/opt/altera/13.0sp1/nios2eds/bin/gnu/H-i686-pc-linux-gnu/bin/../lib/gcc/nios2-elf/4.1.2/mno-hw-mul/libgcc.a(lib2-divmod.o)
                              obj/default/src/cpu_0.o (__divsi3)
/opt/altera/13.0sp1/nios2eds/bin/gnu/H-i686-pc-linux-gnu/bin/../lib/gcc/nios2-elf/4.1.2/mno-hw-mul/libgcc.a(lib2-mul.o)
                              obj/default/src/cpu_0.o (__mulsi3)
/opt/altera/13.0sp1/nios2eds/bin/gnu/H-i686-pc-linux-gnu/bin/../lib/gcc/nios2-elf/4.1.2/../../../../nios2-elf/lib/mno-hw-mul/libsmallc.a(lib_a-printf.o)
                              obj/default/src/cpu_0.o (printf)
/opt/altera/13.0sp1/nios2eds/bin/gnu/H-i686-pc-linux-gnu/bin/../lib/gcc/nios2-elf/4.1.2/../../../../nios2-elf/lib/mno-hw-mul/libsmallc.a(lib_a-putchar.o)
                              obj/default/src/cpu_0.o (putchar)
/opt/altera/13.0sp1/nios2eds/bin/gnu/H-i686-pc-linux-gnu/bin/../lib/gcc/nios2-elf/4.1.2/../../../../nios2-elf/lib/mno-hw-mul/libsmallc.a(lib_a-puts.o)
                              obj/default/src/cpu_0.o (puts)
/opt/altera/13.0sp1/nios2eds/bin/gnu/H-i686-pc-linux-gnu/bin/../lib/gcc/nios2-elf/4.1.2/../../../../nios2-elf/lib/mno-hw-mul/libsmallc.a(lib_a-strlen.o)
                              /opt/altera/13.0sp1/nios2eds/bin/gnu/H-i686-pc-linux-gnu/bin/../lib/gcc/nios2-elf/4.1.2/../../../../nios2-elf/lib/mno-hw-mul/libsmallc.a(lib_a-puts.o) (strlen)
/opt/altera/13.0sp1/nios2eds/bin/gnu/H-i686-pc-linux-gnu/bin/../lib/gcc/nios2-elf/4.1.2/../../../../nios2-elf/lib/mno-hw-mul/libsmallc.a(lib_a-vfprintf.o)
                              /opt/altera/13.0sp1/nios2eds/bin/gnu/H-i686-pc-linux-gnu/bin/../lib/gcc/nios2-elf/4.1.2/../../../../nios2-elf/lib/mno-hw-mul/libsmallc.a(lib_a-printf.o) (___vfprintf_internal_r)
/opt/altera/13.0sp1/nios2eds/bin/gnu/H-i686-pc-linux-gnu/bin/../lib/gcc/nios2-elf/4.1.2/../../../../nios2-elf/lib/mno-hw-mul/libsmallc.a(lib_a-fvwrite_small_dev.o)
                              /opt/altera/13.0sp1/nios2eds/bin/gnu/H-i686-pc-linux-gnu/bin/../lib/gcc/nios2-elf/4.1.2/../../../../nios2-elf/lib/mno-hw-mul/libsmallc.a(lib_a-printf.o) (__sfvwrite_small_dev)
/opt/altera/13.0sp1/nios2eds/bin/gnu/H-i686-pc-linux-gnu/bin/../lib/gcc/nios2-elf/4.1.2/../../../../nios2-elf/lib/mno-hw-mul/libsmallc.a(lib_a-impure.o)
                              /opt/altera/13.0sp1/nios2eds/bin/gnu/H-i686-pc-linux-gnu/bin/../lib/gcc/nios2-elf/4.1.2/../../../../nios2-elf/lib/mno-hw-mul/libsmallc.a(lib_a-printf.o) (_impure_ptr)
/opt/altera/13.0sp1/nios2eds/bin/gnu/H-i686-pc-linux-gnu/bin/../lib/gcc/nios2-elf/4.1.2/../../../../nios2-elf/lib/mno-hw-mul/libsmallc.a(lib_a-putc.o)
                              /opt/altera/13.0sp1/nios2eds/bin/gnu/H-i686-pc-linux-gnu/bin/../lib/gcc/nios2-elf/4.1.2/../../../../nios2-elf/lib/mno-hw-mul/libsmallc.a(lib_a-putchar.o) (_putc_r)
/opt/altera/13.0sp1/nios2eds/bin/gnu/H-i686-pc-linux-gnu/bin/../lib/gcc/nios2-elf/4.1.2/../../../../nios2-elf/lib/mno-hw-mul/libsmallc.a(lib_a-writer.o)
                              /opt/altera/13.0sp1/nios2eds/bin/gnu/H-i686-pc-linux-gnu/bin/../lib/gcc/nios2-elf/4.1.2/../../../../nios2-elf/lib/mno-hw-mul/libsmallc.a(lib_a-fvwrite_small_dev.o) (_write_r)
/opt/altera/13.0sp1/nios2eds/bin/gnu/H-i686-pc-linux-gnu/bin/../lib/gcc/nios2-elf/4.1.2/../../../../nios2-elf/lib/mno-hw-mul/libsmallc.a(lib_a-int_errno.o)
                              /opt/altera/13.0sp1/nios2eds/bin/gnu/H-i686-pc-linux-gnu/bin/../lib/gcc/nios2-elf/4.1.2/../../../../nios2-elf/lib/mno-hw-mul/libsmallc.a(lib_a-writer.o) (errno)
../../bsp/mpsoc_hello_world//libhal_bsp.a(alt_load.o)
                              ../../bsp/mpsoc_hello_world//obj/HAL/src/crt0.o (alt_load)
../../bsp/mpsoc_hello_world//libhal_bsp.a(alt_main.o)
                              ../../bsp/mpsoc_hello_world//obj/HAL/src/crt0.o (alt_main)
../../bsp/mpsoc_hello_world//libhal_bsp.a(alt_write.o)
                              /opt/altera/13.0sp1/nios2eds/bin/gnu/H-i686-pc-linux-gnu/bin/../lib/gcc/nios2-elf/4.1.2/../../../../nios2-elf/lib/mno-hw-mul/libsmallc.a(lib_a-writer.o) (write)
../../bsp/mpsoc_hello_world//libhal_bsp.a(alt_sys_init.o)
                              ../../bsp/mpsoc_hello_world//libhal_bsp.a(alt_main.o) (alt_sys_init)
../../bsp/mpsoc_hello_world//libhal_bsp.a(altera_avalon_jtag_uart_write.o)
                              ../../bsp/mpsoc_hello_world//libhal_bsp.a(alt_write.o) (altera_avalon_jtag_uart_write)
../../bsp/mpsoc_hello_world//libhal_bsp.a(altera_avalon_mutex.o)
                              ../../bsp/mpsoc_hello_world//libhal_bsp.a(alt_sys_init.o) (alt_mutex_list)
../../bsp/mpsoc_hello_world//libhal_bsp.a(perf_print_formatted_report.o)
                              obj/default/src/cpu_0.o (perf_print_formatted_report)
../../bsp/mpsoc_hello_world//libhal_bsp.a(alt_dcache_flush_all.o)
                              ../../bsp/mpsoc_hello_world//libhal_bsp.a(alt_load.o) (alt_dcache_flush_all)
../../bsp/mpsoc_hello_world//libhal_bsp.a(alt_dev.o)
                              ../../bsp/mpsoc_hello_world//libhal_bsp.a(alt_sys_init.o) (alt_dev_list)
../../bsp/mpsoc_hello_world//libhal_bsp.a(alt_dev_llist_insert.o)
                              ../../bsp/mpsoc_hello_world//libhal_bsp.a(alt_sys_init.o) (alt_dev_llist_insert)
../../bsp/mpsoc_hello_world//libhal_bsp.a(alt_errno.o)
                              ../../bsp/mpsoc_hello_world//libhal_bsp.a(alt_write.o) (alt_errno)
../../bsp/mpsoc_hello_world//libhal_bsp.a(alt_find_dev.o)
                              ../../bsp/mpsoc_hello_world//libhal_bsp.a(altera_avalon_mutex.o) (alt_find_dev)
../../bsp/mpsoc_hello_world//libhal_bsp.a(alt_icache_flush_all.o)
                              ../../bsp/mpsoc_hello_world//libhal_bsp.a(alt_load.o) (alt_icache_flush_all)
../../bsp/mpsoc_hello_world//libhal_bsp.a(altera_nios2_qsys_irq.o)
                              ../../bsp/mpsoc_hello_world//libhal_bsp.a(alt_sys_init.o) (altera_nios2_qsys_irq_init)
../../bsp/mpsoc_hello_world//libhal_bsp.a(altera_avalon_performance_counter.o)
                              ../../bsp/mpsoc_hello_world//libhal_bsp.a(perf_print_formatted_report.o) (perf_get_num_starts)
/opt/altera/13.0sp1/nios2eds/bin/gnu/H-i686-pc-linux-gnu/bin/../lib/gcc/nios2-elf/4.1.2/../../../../nios2-elf/lib/mno-hw-mul/libsmallc.a(lib_a-memcmp.o)
                              ../../bsp/mpsoc_hello_world//libhal_bsp.a(alt_find_dev.o) (memcmp)
/opt/altera/13.0sp1/nios2eds/bin/gnu/H-i686-pc-linux-gnu/bin/../lib/gcc/nios2-elf/4.1.2/mno-hw-mul/libgcc.a(_muldi3.o)
                              ../../bsp/mpsoc_hello_world//libhal_bsp.a(perf_print_formatted_report.o) (__muldi3)
/opt/altera/13.0sp1/nios2eds/bin/gnu/H-i686-pc-linux-gnu/bin/../lib/gcc/nios2-elf/4.1.2/mno-hw-mul/libgcc.a(_udivdi3.o)
                              ../../bsp/mpsoc_hello_world//libhal_bsp.a(perf_print_formatted_report.o) (__udivdi3)
/opt/altera/13.0sp1/nios2eds/bin/gnu/H-i686-pc-linux-gnu/bin/../lib/gcc/nios2-elf/4.1.2/mno-hw-mul/libgcc.a(_clz.o)
                              /opt/altera/13.0sp1/nios2eds/bin/gnu/H-i686-pc-linux-gnu/bin/../lib/gcc/nios2-elf/4.1.2/mno-hw-mul/libgcc.a(_udivdi3.o) (__clz_tab)

Allocating common symbols
Common symbol       size              file

errno               0x4               /opt/altera/13.0sp1/nios2eds/bin/gnu/H-i686-pc-linux-gnu/bin/../lib/gcc/nios2-elf/4.1.2/../../../../nios2-elf/lib/mno-hw-mul/libsmallc.a(lib_a-int_errno.o)
offsetY             0x4               obj/default/src/cpu_0.o
offsetX             0x4               obj/default/src/cpu_0.o
cropY               0x4               obj/default/src/cpu_0.o
sumMatrix           0x1000            obj/default/src/cpu_0.o
sizeX               0x4               obj/default/src/cpu_0.o
detectX             0x4               obj/default/src/cpu_0.o
grayed_matrix       0x1000            obj/default/src/cpu_0.o
delay               0x4               obj/default/src/cpu_0.o
detectY             0x4               obj/default/src/cpu_0.o
shared_grayed_first
                    0x4               obj/default/src/cpu_0.o
CoordinateX         0x4               obj/default/src/cpu_0.o
cropX               0x4               obj/default/src/cpu_0.o
sizeY               0x4               obj/default/src/cpu_0.o
cropMatrix          0x1440            obj/default/src/cpu_0.o
CoordinateY         0x4               obj/default/src/cpu_0.o

Memory Configuration

Name             Origin             Length             Attributes
reset            0x00080000         0x00000020
sram             0x00080020         0x0007ffe0
shared_onchip    0x00102000         0x00002000
sdram            0x01000000         0x00800000
*default*        0x00000000         0xffffffff

Linker script and memory map

LOAD ../../bsp/mpsoc_hello_world//obj/HAL/src/crt0.o
                0x0008000c                exit = _exit
LOAD obj/default/src/cpu_0.o
LOAD /opt/altera/13.0sp1/nios2eds/bin/gnu/H-i686-pc-linux-gnu/bin/../lib/gcc/nios2-elf/4.1.2/../../../../nios2-elf/lib/mno-hw-mul/libstdc++.a
LOAD /opt/altera/13.0sp1/nios2eds/bin/gnu/H-i686-pc-linux-gnu/bin/../lib/gcc/nios2-elf/4.1.2/../../../../nios2-elf/lib/mno-hw-mul/libm.a
LOAD /opt/altera/13.0sp1/nios2eds/bin/gnu/H-i686-pc-linux-gnu/bin/../lib/gcc/nios2-elf/4.1.2/mno-hw-mul/libgcc.a
START GROUP
LOAD /opt/altera/13.0sp1/nios2eds/bin/gnu/H-i686-pc-linux-gnu/bin/../lib/gcc/nios2-elf/4.1.2/../../../../nios2-elf/lib/mno-hw-mul/libsmallc.a
LOAD /opt/altera/13.0sp1/nios2eds/bin/gnu/H-i686-pc-linux-gnu/bin/../lib/gcc/nios2-elf/4.1.2/mno-hw-mul/libgcc.a
LOAD ../../bsp/mpsoc_hello_world//libhal_bsp.a
END GROUP
LOAD /opt/altera/13.0sp1/nios2eds/bin/gnu/H-i686-pc-linux-gnu/bin/../lib/gcc/nios2-elf/4.1.2/mno-hw-mul/libgcc.a
                0x00080000                __alt_mem_sram = 0x80000
                0x00102000                __alt_mem_shared_onchip = 0x102000
                0x01000000                __alt_mem_sdram = 0x1000000

.entry          0x00080000       0x20
 *(.entry)
 .entry         0x00080000       0x20 ../../bsp/mpsoc_hello_world//obj/HAL/src/crt0.o
                0x00080000                __reset
                0x0008000c                _exit

.exceptions     0x00080020        0x0
                0x00080020                PROVIDE (__ram_exceptions_start, ABSOLUTE (.))
                0x00080020                . = ALIGN (0x20)
 *(.irq)
 *(.exceptions.entry.label)
 *(.exceptions.entry.user)
 *(.exceptions.entry)
 *(.exceptions.irqtest.user)
 *(.exceptions.irqtest)
 *(.exceptions.irqhandler.user)
 *(.exceptions.irqhandler)
 *(.exceptions.irqreturn.user)
 *(.exceptions.irqreturn)
 *(.exceptions.notirq.label)
 *(.exceptions.notirq.user)
 *(.exceptions.notirq)
 *(.exceptions.soft.user)
 *(.exceptions.soft)
 *(.exceptions.unknown.user)
 *(.exceptions.unknown)
 *(.exceptions.exit.label)
 *(.exceptions.exit.user)
 *(.exceptions.exit)
 *(.exceptions)
                0x00080020                PROVIDE (__ram_exceptions_end, ABSOLUTE (.))
                0x00080020                PROVIDE (__flash_exceptions_start, LOADADDR (.exceptions))

.text           0x00080020     0x2648
                0x00080020                PROVIDE (stext, ABSOLUTE (.))
 *(.interp)
 *(.hash)
 *(.dynsym)
 *(.dynstr)
 *(.gnu.version)
 *(.gnu.version_d)
 *(.gnu.version_r)
 *(.rel.init)
 *(.rela.init)
 *(.rel.text .rel.text.* .rel.gnu.linkonce.t.*)
 *(.rela.text .rela.text.* .rela.gnu.linkonce.t.*)
 *(.rel.fini)
 *(.rela.fini)
 *(.rel.rodata .rel.rodata.* .rel.gnu.linkonce.r.*)
 *(.rela.rodata .rela.rodata.* .rela.gnu.linkonce.r.*)
 *(.rel.data .rel.data.* .rel.gnu.linkonce.d.*)
 *(.rela.data .rela.data.* .rela.gnu.linkonce.d.*)
 *(.rel.tdata .rel.tdata.* .rel.gnu.linkonce.td.*)
 *(.rela.tdata .rela.tdata.* .rela.gnu.linkonce.td.*)
 *(.rel.tbss .rel.tbss.* .rel.gnu.linkonce.tb.*)
 *(.rela.tbss .rela.tbss.* .rela.gnu.linkonce.tb.*)
 *(.rel.ctors)
 *(.rela.ctors)
 *(.rel.dtors)
 *(.rela.dtors)
 *(.rel.got)
 *(.rela.got)
 *(.rel.sdata .rel.sdata.* .rel.gnu.linkonce.s.*)
 *(.rela.sdata .rela.sdata.* .rela.gnu.linkonce.s.*)
 *(.rel.sbss .rel.sbss.* .rel.gnu.linkonce.sb.*)
 *(.rela.sbss .rela.sbss.* .rela.gnu.linkonce.sb.*)
 *(.rel.sdata2 .rel.sdata2.* .rel.gnu.linkonce.s2.*)
 *(.rela.sdata2 .rela.sdata2.* .rela.gnu.linkonce.s2.*)
 *(.rel.sbss2 .rel.sbss2.* .rel.gnu.linkonce.sb2.*)
 *(.rela.sbss2 .rela.sbss2.* .rela.gnu.linkonce.sb2.*)
 *(.rel.bss .rel.bss.* .rel.gnu.linkonce.b.*)
 *(.rela.bss .rela.bss.* .rela.gnu.linkonce.b.*)
 *(.rel.plt)
 *(.rela.plt)
 *(.rel.dyn)
 *(.init)
 *(.plt)
 *(.text .stub .text.* .gnu.linkonce.t.*)
 .text          0x00080020       0x3c ../../bsp/mpsoc_hello_world//obj/HAL/src/crt0.o
                0x00080020                _start
 .text          0x0008005c      0xb2c obj/default/src/cpu_0.o
                0x0008005c                task1
                0x00080190                task2
                0x00080228                task3
                0x000802d0                task4
                0x00080428                task5
                0x0008048c                task6
                0x000804e0                main
                0x00080624                gray_displayAsciiHidden
                0x0008079c                gray_displayAscii
                0x000808dc                printAsciiHidden
                0x000809ec                printAscii_int
                0x00080acc                printAscii
 .text          0x00080b88      0x14c /opt/altera/13.0sp1/nios2eds/bin/gnu/H-i686-pc-linux-gnu/bin/../lib/gcc/nios2-elf/4.1.2/mno-hw-mul/libgcc.a(lib2-divmod.o)
                0x00080c04                __divsi3
                0x00080c64                __modsi3
                0x00080cc4                __udivsi3
                0x00080ccc                __umodsi3
 .text          0x00080cd4       0x38 /opt/altera/13.0sp1/nios2eds/bin/gnu/H-i686-pc-linux-gnu/bin/../lib/gcc/nios2-elf/4.1.2/mno-hw-mul/libgcc.a(lib2-mul.o)
                0x00080cd4                __mulsi3
 .text          0x00080d0c       0x98 /opt/altera/13.0sp1/nios2eds/bin/gnu/H-i686-pc-linux-gnu/bin/../lib/gcc/nios2-elf/4.1.2/../../../../nios2-elf/lib/mno-hw-mul/libsmallc.a(lib_a-printf.o)
                0x00080d0c                printf
                0x00080d60                _printf_r
 .text          0x00080da4       0x24 /opt/altera/13.0sp1/nios2eds/bin/gnu/H-i686-pc-linux-gnu/bin/../lib/gcc/nios2-elf/4.1.2/../../../../nios2-elf/lib/mno-hw-mul/libsmallc.a(lib_a-putchar.o)
                0x00080da4                putchar
                0x00080dc0                _putchar_r
 .text          0x00080dc8       0xa4 /opt/altera/13.0sp1/nios2eds/bin/gnu/H-i686-pc-linux-gnu/bin/../lib/gcc/nios2-elf/4.1.2/../../../../nios2-elf/lib/mno-hw-mul/libsmallc.a(lib_a-puts.o)
                0x00080dc8                _puts_r
                0x00080e58                puts
 .text          0x00080e6c       0x20 /opt/altera/13.0sp1/nios2eds/bin/gnu/H-i686-pc-linux-gnu/bin/../lib/gcc/nios2-elf/4.1.2/../../../../nios2-elf/lib/mno-hw-mul/libsmallc.a(lib_a-strlen.o)
                0x00080e6c                strlen
 .text          0x00080e8c      0x740 /opt/altera/13.0sp1/nios2eds/bin/gnu/H-i686-pc-linux-gnu/bin/../lib/gcc/nios2-elf/4.1.2/../../../../nios2-elf/lib/mno-hw-mul/libsmallc.a(lib_a-vfprintf.o)
                0x00080f0c                ___vfprintf_internal_r
                0x000815a8                __vfprintf_internal
 .text          0x000815cc       0xbc /opt/altera/13.0sp1/nios2eds/bin/gnu/H-i686-pc-linux-gnu/bin/../lib/gcc/nios2-elf/4.1.2/../../../../nios2-elf/lib/mno-hw-mul/libsmallc.a(lib_a-fvwrite_small_dev.o)
                0x000815cc                __sfvwrite_small_dev
 .text          0x00081688        0x0 /opt/altera/13.0sp1/nios2eds/bin/gnu/H-i686-pc-linux-gnu/bin/../lib/gcc/nios2-elf/4.1.2/../../../../nios2-elf/lib/mno-hw-mul/libsmallc.a(lib_a-impure.o)
 .text          0x00081688       0xe4 /opt/altera/13.0sp1/nios2eds/bin/gnu/H-i686-pc-linux-gnu/bin/../lib/gcc/nios2-elf/4.1.2/../../../../nios2-elf/lib/mno-hw-mul/libsmallc.a(lib_a-putc.o)
                0x00081688                putc
                0x000816f8                _putc_r
 .text          0x0008176c       0x78 /opt/altera/13.0sp1/nios2eds/bin/gnu/H-i686-pc-linux-gnu/bin/../lib/gcc/nios2-elf/4.1.2/../../../../nios2-elf/lib/mno-hw-mul/libsmallc.a(lib_a-writer.o)
                0x0008176c                _write_r
 .text          0x000817e4        0x0 /opt/altera/13.0sp1/nios2eds/bin/gnu/H-i686-pc-linux-gnu/bin/../lib/gcc/nios2-elf/4.1.2/../../../../nios2-elf/lib/mno-hw-mul/libsmallc.a(lib_a-int_errno.o)
 .text          0x000817e4       0x8c ../../bsp/mpsoc_hello_world//libhal_bsp.a(alt_load.o)
                0x00081804                alt_load
 .text          0x00081870       0x2c ../../bsp/mpsoc_hello_world//libhal_bsp.a(alt_main.o)
                0x00081870                alt_main
 .text          0x0008189c       0x78 ../../bsp/mpsoc_hello_world//libhal_bsp.a(alt_write.o)
                0x0008189c                write
 .text          0x00081914       0xb8 ../../bsp/mpsoc_hello_world//libhal_bsp.a(alt_sys_init.o)
                0x0008192c                alt_sys_init
                0x000819ac                alt_irq_init
 .text          0x000819cc       0x34 ../../bsp/mpsoc_hello_world//libhal_bsp.a(altera_avalon_jtag_uart_write.o)
                0x000819cc                altera_avalon_jtag_uart_write
 .text          0x00081a00      0x11c ../../bsp/mpsoc_hello_world//libhal_bsp.a(altera_avalon_mutex.o)
                0x00081a00                altera_avalon_mutex_close
                0x00081a04                altera_avalon_mutex_first_lock
                0x00081a14                altera_avalon_mutex_is_mine
                0x00081a3c                altera_avalon_mutex_unlock
                0x00081a84                altera_avalon_mutex_open
                0x00081adc                altera_avalon_mutex_lock
                0x00081b18                altera_avalon_mutex_trylock
 .text          0x00081b1c      0x228 ../../bsp/mpsoc_hello_world//libhal_bsp.a(perf_print_formatted_report.o)
                0x00081b1c                perf_print_formatted_report
 .text          0x00081d44        0x4 ../../bsp/mpsoc_hello_world//libhal_bsp.a(alt_dcache_flush_all.o)
                0x00081d44                alt_dcache_flush_all
 .text          0x00081d48        0x8 ../../bsp/mpsoc_hello_world//libhal_bsp.a(alt_dev.o)
 .text          0x00081d50       0x70 ../../bsp/mpsoc_hello_world//libhal_bsp.a(alt_dev_llist_insert.o)
                0x00081d50                alt_dev_llist_insert
 .text          0x00081dc0        0x0 ../../bsp/mpsoc_hello_world//libhal_bsp.a(alt_errno.o)
 .text          0x00081dc0       0x70 ../../bsp/mpsoc_hello_world//libhal_bsp.a(alt_find_dev.o)
                0x00081dc0                alt_find_dev
 .text          0x00081e30        0x4 ../../bsp/mpsoc_hello_world//libhal_bsp.a(alt_icache_flush_all.o)
                0x00081e30                alt_icache_flush_all
 .text          0x00081e34        0x8 ../../bsp/mpsoc_hello_world//libhal_bsp.a(altera_nios2_qsys_irq.o)
                0x00081e34                altera_nios2_qsys_irq_init
 .text          0x00081e3c       0x60 ../../bsp/mpsoc_hello_world//libhal_bsp.a(altera_avalon_performance_counter.o)
                0x00081e3c                alt_get_performance_counter_base
                0x00081e48                alt_get_cpu_freq
                0x00081e54                perf_get_num_starts
                0x00081e64                perf_get_section_time
                0x00081e94                perf_get_total_time
 .text          0x00081e9c       0x3c /opt/altera/13.0sp1/nios2eds/bin/gnu/H-i686-pc-linux-gnu/bin/../lib/gcc/nios2-elf/4.1.2/../../../../nios2-elf/lib/mno-hw-mul/libsmallc.a(lib_a-memcmp.o)
                0x00081e9c                memcmp
 .text          0x00081ed8      0x124 /opt/altera/13.0sp1/nios2eds/bin/gnu/H-i686-pc-linux-gnu/bin/../lib/gcc/nios2-elf/4.1.2/mno-hw-mul/libgcc.a(_muldi3.o)
                0x00081ed8                __muldi3
 .text          0x00081ffc      0x66c /opt/altera/13.0sp1/nios2eds/bin/gnu/H-i686-pc-linux-gnu/bin/../lib/gcc/nios2-elf/4.1.2/mno-hw-mul/libgcc.a(_udivdi3.o)
                0x00081ffc                __udivdi3
 .text          0x00082668        0x0 /opt/altera/13.0sp1/nios2eds/bin/gnu/H-i686-pc-linux-gnu/bin/../lib/gcc/nios2-elf/4.1.2/mno-hw-mul/libgcc.a(_clz.o)
 *(.gnu.warning.*)
 *(.fini)
                0x00082668                PROVIDE (__etext, ABSOLUTE (.))
                0x00082668                PROVIDE (_etext, ABSOLUTE (.))
                0x00082668                PROVIDE (etext, ABSOLUTE (.))
 *(.eh_frame_hdr)
                0x00082668                . = ALIGN (0x4)
                0x00082668                PROVIDE (__preinit_array_start, ABSOLUTE (.))
 *(.preinit_array)
                0x00082668                PROVIDE (__preinit_array_end, ABSOLUTE (.))
                0x00082668                PROVIDE (__init_array_start, ABSOLUTE (.))
 *(.init_array)
                0x00082668                PROVIDE (__init_array_end, ABSOLUTE (.))
                0x00082668                PROVIDE (__fini_array_start, ABSOLUTE (.))
 *(.fini_array)
                0x00082668                PROVIDE (__fini_array_end, ABSOLUTE (.))
 *(.eh_frame)
 *(.gcc_except_table)
 *(.dynamic)
                0x00082668                PROVIDE (__CTOR_LIST__, ABSOLUTE (.))
 *(.ctors)
 *(SORT(.ctors.*))
                0x00082668                PROVIDE (__CTOR_END__, ABSOLUTE (.))
                0x00082668                PROVIDE (__DTOR_LIST__, ABSOLUTE (.))
 *(.dtors)
 *(SORT(.dtors.*))
                0x00082668                PROVIDE (__DTOR_END__, ABSOLUTE (.))
 *(.jcr)
                0x00082668                . = ALIGN (0x4)

.rodata         0x00082668      0x370
                0x00082668                PROVIDE (__ram_rodata_start, ABSOLUTE (.))
                0x00082668                . = ALIGN (0x4)
 *(.rodata .rodata.* .gnu.linkonce.r.*)
 .rodata.str1.4
                0x00082668       0x78 obj/default/src/cpu_0.o
 .rodata        0x000826e0       0x64 obj/default/src/cpu_0.o
                0x000826e0                xPATTERN
 .rodata.str1.4
                0x00000000       0x78 /opt/altera/13.0sp1/nios2eds/bin/gnu/H-i686-pc-linux-gnu/bin/../lib/gcc/nios2-elf/4.1.2/../../../../nios2-elf/lib/mno-hw-mul/libsmallc.a(lib_a-puts.o)
                                  0x4 (size before relaxing)
 .rodata.str1.4
                0x00082744       0x7f ../../bsp/mpsoc_hello_world//libhal_bsp.a(alt_sys_init.o)
                                 0x80 (size before relaxing)
 *fill*         0x000827c3        0x1 00
 .rodata.str1.4
                0x000827c4      0x106 ../../bsp/mpsoc_hello_world//libhal_bsp.a(perf_print_formatted_report.o)
                                0x108 (size before relaxing)
 *fill*         0x000828ca        0x2 00
 .rodata.str1.4
                0x000828cc        0xc ../../bsp/mpsoc_hello_world//libhal_bsp.a(alt_dev.o)
 .rodata        0x000828d8      0x100 /opt/altera/13.0sp1/nios2eds/bin/gnu/H-i686-pc-linux-gnu/bin/../lib/gcc/nios2-elf/4.1.2/mno-hw-mul/libgcc.a(_clz.o)
                0x000828d8                __clz_tab
 *(.rodata1)
                0x000829d8                . = ALIGN (0x4)
                0x000829d8                PROVIDE (__ram_rodata_end, ABSOLUTE (.))
                0x00082668                PROVIDE (__flash_rodata_start, LOADADDR (.rodata))

.rwdata         0x000829d8     0xc3cc load address 0x0008eda4
                0x000829d8                PROVIDE (__ram_rwdata_start, ABSOLUTE (.))
                0x000829d8                . = ALIGN (0x4)
 *(.got.plt)
 *(.got)
 *(.data1)
 *(.data .data.* .gnu.linkonce.d.*)
 .data          0x000829d8        0x0 ../../bsp/mpsoc_hello_world//obj/HAL/src/crt0.o
 .data          0x000829d8     0xc02c obj/default/src/cpu_0.o
                0x000829d8                asciiChars
                0x000829e8                test_ppm_1
                0x000859eb                test_ppm_2
                0x000889ee                test_ppm_3
                0x0008b9f1                test_ppm_4
                0x0008e9f4                image_sequence
 .data          0x0008ea04        0x0 /opt/altera/13.0sp1/nios2eds/bin/gnu/H-i686-pc-linux-gnu/bin/../lib/gcc/nios2-elf/4.1.2/mno-hw-mul/libgcc.a(lib2-divmod.o)
 .data          0x0008ea04        0x0 /opt/altera/13.0sp1/nios2eds/bin/gnu/H-i686-pc-linux-gnu/bin/../lib/gcc/nios2-elf/4.1.2/mno-hw-mul/libgcc.a(lib2-mul.o)
 .data          0x0008ea04        0x0 /opt/altera/13.0sp1/nios2eds/bin/gnu/H-i686-pc-linux-gnu/bin/../lib/gcc/nios2-elf/4.1.2/../../../../nios2-elf/lib/mno-hw-mul/libsmallc.a(lib_a-printf.o)
 .data          0x0008ea04        0x0 /opt/altera/13.0sp1/nios2eds/bin/gnu/H-i686-pc-linux-gnu/bin/../lib/gcc/nios2-elf/4.1.2/../../../../nios2-elf/lib/mno-hw-mul/libsmallc.a(lib_a-putchar.o)
 .data          0x0008ea04        0x0 /opt/altera/13.0sp1/nios2eds/bin/gnu/H-i686-pc-linux-gnu/bin/../lib/gcc/nios2-elf/4.1.2/../../../../nios2-elf/lib/mno-hw-mul/libsmallc.a(lib_a-puts.o)
 .data          0x0008ea04        0x0 /opt/altera/13.0sp1/nios2eds/bin/gnu/H-i686-pc-linux-gnu/bin/../lib/gcc/nios2-elf/4.1.2/../../../../nios2-elf/lib/mno-hw-mul/libsmallc.a(lib_a-strlen.o)
 .data          0x0008ea04        0x0 /opt/altera/13.0sp1/nios2eds/bin/gnu/H-i686-pc-linux-gnu/bin/../lib/gcc/nios2-elf/4.1.2/../../../../nios2-elf/lib/mno-hw-mul/libsmallc.a(lib_a-vfprintf.o)
 .data          0x0008ea04        0x0 /opt/altera/13.0sp1/nios2eds/bin/gnu/H-i686-pc-linux-gnu/bin/../lib/gcc/nios2-elf/4.1.2/../../../../nios2-elf/lib/mno-hw-mul/libsmallc.a(lib_a-fvwrite_small_dev.o)
 .data          0x0008ea04       0xe0 /opt/altera/13.0sp1/nios2eds/bin/gnu/H-i686-pc-linux-gnu/bin/../lib/gcc/nios2-elf/4.1.2/../../../../nios2-elf/lib/mno-hw-mul/libsmallc.a(lib_a-impure.o)
 .data          0x0008eae4        0x0 /opt/altera/13.0sp1/nios2eds/bin/gnu/H-i686-pc-linux-gnu/bin/../lib/gcc/nios2-elf/4.1.2/../../../../nios2-elf/lib/mno-hw-mul/libsmallc.a(lib_a-putc.o)
 .data          0x0008eae4        0x0 /opt/altera/13.0sp1/nios2eds/bin/gnu/H-i686-pc-linux-gnu/bin/../lib/gcc/nios2-elf/4.1.2/../../../../nios2-elf/lib/mno-hw-mul/libsmallc.a(lib_a-writer.o)
 .data          0x0008eae4        0x0 /opt/altera/13.0sp1/nios2eds/bin/gnu/H-i686-pc-linux-gnu/bin/../lib/gcc/nios2-elf/4.1.2/../../../../nios2-elf/lib/mno-hw-mul/libsmallc.a(lib_a-int_errno.o)
 .data          0x0008eae4        0x0 ../../bsp/mpsoc_hello_world//libhal_bsp.a(alt_load.o)
 .data          0x0008eae4        0x0 ../../bsp/mpsoc_hello_world//libhal_bsp.a(alt_main.o)
 .data          0x0008eae4        0x0 ../../bsp/mpsoc_hello_world//libhal_bsp.a(alt_write.o)
 .data          0x0008eae4       0xd4 ../../bsp/mpsoc_hello_world//libhal_bsp.a(alt_sys_init.o)
 .data          0x0008ebb8        0x0 ../../bsp/mpsoc_hello_world//libhal_bsp.a(altera_avalon_jtag_uart_write.o)
 .data          0x0008ebb8        0x0 ../../bsp/mpsoc_hello_world//libhal_bsp.a(altera_avalon_mutex.o)
 .data          0x0008ebb8        0x0 ../../bsp/mpsoc_hello_world//libhal_bsp.a(perf_print_formatted_report.o)
 .data          0x0008ebb8        0x0 ../../bsp/mpsoc_hello_world//libhal_bsp.a(alt_dcache_flush_all.o)
 .data          0x0008ebb8      0x1a8 ../../bsp/mpsoc_hello_world//libhal_bsp.a(alt_dev.o)
                0x0008ebb8                alt_dev_null
                0x0008ebe0                alt_fd_list
 .data          0x0008ed60        0x0 ../../bsp/mpsoc_hello_world//libhal_bsp.a(alt_dev_llist_insert.o)
 .data          0x0008ed60        0x0 ../../bsp/mpsoc_hello_world//libhal_bsp.a(alt_errno.o)
 .data          0x0008ed60        0x0 ../../bsp/mpsoc_hello_world//libhal_bsp.a(alt_find_dev.o)
 .data          0x0008ed60        0x0 ../../bsp/mpsoc_hello_world//libhal_bsp.a(alt_icache_flush_all.o)
 .data          0x0008ed60        0x0 ../../bsp/mpsoc_hello_world//libhal_bsp.a(altera_nios2_qsys_irq.o)
 .data          0x0008ed60        0x0 ../../bsp/mpsoc_hello_world//libhal_bsp.a(altera_avalon_performance_counter.o)
 .data          0x0008ed60        0x0 /opt/altera/13.0sp1/nios2eds/bin/gnu/H-i686-pc-linux-gnu/bin/../lib/gcc/nios2-elf/4.1.2/../../../../nios2-elf/lib/mno-hw-mul/libsmallc.a(lib_a-memcmp.o)
 .data          0x0008ed60        0x0 /opt/altera/13.0sp1/nios2eds/bin/gnu/H-i686-pc-linux-gnu/bin/../lib/gcc/nios2-elf/4.1.2/mno-hw-mul/libgcc.a(_muldi3.o)
 .data          0x0008ed60        0x0 /opt/altera/13.0sp1/nios2eds/bin/gnu/H-i686-pc-linux-gnu/bin/../lib/gcc/nios2-elf/4.1.2/mno-hw-mul/libgcc.a(_udivdi3.o)
 .data          0x0008ed60        0x0 /opt/altera/13.0sp1/nios2eds/bin/gnu/H-i686-pc-linux-gnu/bin/../lib/gcc/nios2-elf/4.1.2/mno-hw-mul/libgcc.a(_clz.o)
                0x00096d60                _gp = ABSOLUTE ((. + 0x8000))
                0x00096d60                PROVIDE (gp, _gp)
 *(.rwdata .rwdata.*)
 *(.sdata .sdata.* .gnu.linkonce.s.*)
 .sdata         0x0008ed60       0x18 obj/default/src/cpu_0.o
                0x0008ed60                NR_ASCII_CHARS
                0x0008ed61                sequence_length
                0x0008ed64                previousX
                0x0008ed68                previousY
                0x0008ed6c                dSPAN
                0x0008ed70                CROPSIZE
                0x0008ed74                CROPSIZE_4
 .sdata         0x0008ed78        0x8 /opt/altera/13.0sp1/nios2eds/bin/gnu/H-i686-pc-linux-gnu/bin/../lib/gcc/nios2-elf/4.1.2/../../../../nios2-elf/lib/mno-hw-mul/libsmallc.a(lib_a-impure.o)
                0x0008ed78                _impure_ptr
                0x0008ed7c                _global_impure_ptr
 .sdata         0x0008ed80        0x4 ../../bsp/mpsoc_hello_world//libhal_bsp.a(alt_sys_init.o)
                0x0008ed80                jtag_uart_0
 .sdata         0x0008ed84        0x8 ../../bsp/mpsoc_hello_world//libhal_bsp.a(altera_avalon_mutex.o)
                0x0008ed84                alt_mutex_list
 .sdata         0x0008ed8c       0x14 ../../bsp/mpsoc_hello_world//libhal_bsp.a(alt_dev.o)
                0x0008ed8c                alt_fs_list
                0x0008ed94                alt_dev_list
                0x0008ed9c                alt_max_fd
 .sdata         0x0008eda0        0x4 ../../bsp/mpsoc_hello_world//libhal_bsp.a(alt_errno.o)
                0x0008eda0                alt_errno
 *(.sdata2 .sdata2.* .gnu.linkonce.s2.*)
                0x0008eda4                . = ALIGN (0x4)
                0x0008eda4                _edata = ABSOLUTE (.)
                0x0008eda4                PROVIDE (edata, ABSOLUTE (.))
                0x0008eda4                PROVIDE (__ram_rwdata_end, ABSOLUTE (.))
                0x0008eda4                PROVIDE (__flash_rwdata_start, LOADADDR (.rwdata))

.bss            0x0009b170     0x348c
                0x0009b170                __bss_start = ABSOLUTE (.)
                0x0009b170                PROVIDE (__sbss_start, ABSOLUTE (.))
                0x0009b170                PROVIDE (___sbss_start, ABSOLUTE (.))
 *(.dynsbss)
 *(.sbss .sbss.* .gnu.linkonce.sb.*)
 .sbss          0x0009b170        0xc obj/default/src/cpu_0.o
 .sbss          0x0009b17c       0x30 obj/default/src/cpu_0.o
                0x0009b17c                offsetY
                0x0009b180                offsetX
                0x0009b184                cropY
                0x0009b188                sizeX
                0x0009b18c                detectX
                0x0009b190                delay
                0x0009b194                detectY
                0x0009b198                shared_grayed_first
                0x0009b19c                CoordinateX
                0x0009b1a0                cropX
                0x0009b1a4                sizeY
                0x0009b1a8                CoordinateY
 .sbss          0x0009b1ac        0x4 /opt/altera/13.0sp1/nios2eds/bin/gnu/H-i686-pc-linux-gnu/bin/../lib/gcc/nios2-elf/4.1.2/../../../../nios2-elf/lib/mno-hw-mul/libsmallc.a(lib_a-int_errno.o)
                0x0009b1ac                errno
 .sbss          0x0009b1b0        0xc ../../bsp/mpsoc_hello_world//libhal_bsp.a(alt_main.o)
                0x0009b1b0                alt_argc
                0x0009b1b4                alt_argv
                0x0009b1b8                alt_envp
 *(.sbss2 .sbss2.* .gnu.linkonce.sb2.*)
 *(.scommon)
                0x0009b1bc                PROVIDE (__sbss_end, ABSOLUTE (.))
                0x0009b1bc                PROVIDE (___sbss_end, ABSOLUTE (.))
 *(.dynbss)
 *(.bss .bss.* .gnu.linkonce.b.*)
 .bss           0x0009b1bc        0x0 ../../bsp/mpsoc_hello_world//obj/HAL/src/crt0.o
 .bss           0x0009b1bc        0x0 obj/default/src/cpu_0.o
 .bss           0x0009b1bc        0x0 /opt/altera/13.0sp1/nios2eds/bin/gnu/H-i686-pc-linux-gnu/bin/../lib/gcc/nios2-elf/4.1.2/mno-hw-mul/libgcc.a(lib2-divmod.o)
 .bss           0x0009b1bc        0x0 /opt/altera/13.0sp1/nios2eds/bin/gnu/H-i686-pc-linux-gnu/bin/../lib/gcc/nios2-elf/4.1.2/mno-hw-mul/libgcc.a(lib2-mul.o)
 .bss           0x0009b1bc        0x0 /opt/altera/13.0sp1/nios2eds/bin/gnu/H-i686-pc-linux-gnu/bin/../lib/gcc/nios2-elf/4.1.2/../../../../nios2-elf/lib/mno-hw-mul/libsmallc.a(lib_a-printf.o)
 .bss           0x0009b1bc        0x0 /opt/altera/13.0sp1/nios2eds/bin/gnu/H-i686-pc-linux-gnu/bin/../lib/gcc/nios2-elf/4.1.2/../../../../nios2-elf/lib/mno-hw-mul/libsmallc.a(lib_a-putchar.o)
 .bss           0x0009b1bc        0x0 /opt/altera/13.0sp1/nios2eds/bin/gnu/H-i686-pc-linux-gnu/bin/../lib/gcc/nios2-elf/4.1.2/../../../../nios2-elf/lib/mno-hw-mul/libsmallc.a(lib_a-puts.o)
 .bss           0x0009b1bc        0x0 /opt/altera/13.0sp1/nios2eds/bin/gnu/H-i686-pc-linux-gnu/bin/../lib/gcc/nios2-elf/4.1.2/../../../../nios2-elf/lib/mno-hw-mul/libsmallc.a(lib_a-strlen.o)
 .bss           0x0009b1bc        0x0 /opt/altera/13.0sp1/nios2eds/bin/gnu/H-i686-pc-linux-gnu/bin/../lib/gcc/nios2-elf/4.1.2/../../../../nios2-elf/lib/mno-hw-mul/libsmallc.a(lib_a-vfprintf.o)
 .bss           0x0009b1bc        0x0 /opt/altera/13.0sp1/nios2eds/bin/gnu/H-i686-pc-linux-gnu/bin/../lib/gcc/nios2-elf/4.1.2/../../../../nios2-elf/lib/mno-hw-mul/libsmallc.a(lib_a-fvwrite_small_dev.o)
 .bss           0x0009b1bc        0x0 /opt/altera/13.0sp1/nios2eds/bin/gnu/H-i686-pc-linux-gnu/bin/../lib/gcc/nios2-elf/4.1.2/../../../../nios2-elf/lib/mno-hw-mul/libsmallc.a(lib_a-impure.o)
 .bss           0x0009b1bc        0x0 /opt/altera/13.0sp1/nios2eds/bin/gnu/H-i686-pc-linux-gnu/bin/../lib/gcc/nios2-elf/4.1.2/../../../../nios2-elf/lib/mno-hw-mul/libsmallc.a(lib_a-putc.o)
 .bss           0x0009b1bc        0x0 /opt/altera/13.0sp1/nios2eds/bin/gnu/H-i686-pc-linux-gnu/bin/../lib/gcc/nios2-elf/4.1.2/../../../../nios2-elf/lib/mno-hw-mul/libsmallc.a(lib_a-writer.o)
 .bss           0x0009b1bc        0x0 /opt/altera/13.0sp1/nios2eds/bin/gnu/H-i686-pc-linux-gnu/bin/../lib/gcc/nios2-elf/4.1.2/../../../../nios2-elf/lib/mno-hw-mul/libsmallc.a(lib_a-int_errno.o)
 .bss           0x0009b1bc        0x0 ../../bsp/mpsoc_hello_world//libhal_bsp.a(alt_load.o)
 .bss           0x0009b1bc        0x0 ../../bsp/mpsoc_hello_world//libhal_bsp.a(alt_main.o)
 .bss           0x0009b1bc        0x0 ../../bsp/mpsoc_hello_world//libhal_bsp.a(alt_write.o)
 .bss           0x0009b1bc        0x0 ../../bsp/mpsoc_hello_world//libhal_bsp.a(alt_sys_init.o)
 .bss           0x0009b1bc        0x0 ../../bsp/mpsoc_hello_world//libhal_bsp.a(altera_avalon_jtag_uart_write.o)
 .bss           0x0009b1bc        0x0 ../../bsp/mpsoc_hello_world//libhal_bsp.a(altera_avalon_mutex.o)
 .bss           0x0009b1bc        0x0 ../../bsp/mpsoc_hello_world//libhal_bsp.a(perf_print_formatted_report.o)
 .bss           0x0009b1bc        0x0 ../../bsp/mpsoc_hello_world//libhal_bsp.a(alt_dcache_flush_all.o)
 .bss           0x0009b1bc        0x0 ../../bsp/mpsoc_hello_world//libhal_bsp.a(alt_dev.o)
 .bss           0x0009b1bc        0x0 ../../bsp/mpsoc_hello_world//libhal_bsp.a(alt_dev_llist_insert.o)
 .bss           0x0009b1bc        0x0 ../../bsp/mpsoc_hello_world//libhal_bsp.a(alt_errno.o)
 .bss           0x0009b1bc        0x0 ../../bsp/mpsoc_hello_world//libhal_bsp.a(alt_find_dev.o)
 .bss           0x0009b1bc        0x0 ../../bsp/mpsoc_hello_world//libhal_bsp.a(alt_icache_flush_all.o)
 .bss           0x0009b1bc        0x0 ../../bsp/mpsoc_hello_world//libhal_bsp.a(altera_nios2_qsys_irq.o)
 .bss           0x0009b1bc        0x0 ../../bsp/mpsoc_hello_world//libhal_bsp.a(altera_avalon_performance_counter.o)
 .bss           0x0009b1bc        0x0 /opt/altera/13.0sp1/nios2eds/bin/gnu/H-i686-pc-linux-gnu/bin/../lib/gcc/nios2-elf/4.1.2/../../../../nios2-elf/lib/mno-hw-mul/libsmallc.a(lib_a-memcmp.o)
 .bss           0x0009b1bc        0x0 /opt/altera/13.0sp1/nios2eds/bin/gnu/H-i686-pc-linux-gnu/bin/../lib/gcc/nios2-elf/4.1.2/mno-hw-mul/libgcc.a(_muldi3.o)
 .bss           0x0009b1bc        0x0 /opt/altera/13.0sp1/nios2eds/bin/gnu/H-i686-pc-linux-gnu/bin/../lib/gcc/nios2-elf/4.1.2/mno-hw-mul/libgcc.a(_udivdi3.o)
 .bss           0x0009b1bc        0x0 /opt/altera/13.0sp1/nios2eds/bin/gnu/H-i686-pc-linux-gnu/bin/../lib/gcc/nios2-elf/4.1.2/mno-hw-mul/libgcc.a(_clz.o)
 *(COMMON)
 COMMON         0x0009b1bc     0x3440 obj/default/src/cpu_0.o
                0x0009b1bc                sumMatrix
                0x0009c1bc                grayed_matrix
                0x0009d1bc                cropMatrix
                0x0009e5fc                . = ALIGN (0x4)
                0x0009e5fc                __bss_end = ABSOLUTE (.)

.sram           0x0009e5fc        0x0
                0x0009e5fc                PROVIDE (_alt_partition_sram_start, ABSOLUTE (.))
 *(.sram. sram.*)
                0x0009e5fc                . = ALIGN (0x4)
                0x0009e5fc                PROVIDE (_alt_partition_sram_end, ABSOLUTE (.))
                0x0009e5fc                _end = ABSOLUTE (.)
                0x0009e5fc                end = ABSOLUTE (.)
                0x0009e5fc                __alt_stack_base = ABSOLUTE (.)
                0x0009e5fc                PROVIDE (_alt_partition_sram_load_addr, LOADADDR (.sram))

.shared_onchip  0x00102000        0x0 load address 0x0009e5fc
                0x00102000                PROVIDE (_alt_partition_shared_onchip_start, ABSOLUTE (.))
 *(.shared_onchip. shared_onchip.*)
                0x00102000                . = ALIGN (0x4)
                0x00102000                PROVIDE (_alt_partition_shared_onchip_end, ABSOLUTE (.))
                0x0009e5fc                PROVIDE (_alt_partition_shared_onchip_load_addr, LOADADDR (.shared_onchip))

.sdram          0x01000000        0x0 load address 0x0009e5fc
                0x01000000                PROVIDE (_alt_partition_sdram_start, ABSOLUTE (.))
 *(.sdram. sdram.*)
                0x01000000                . = ALIGN (0x4)
                0x01000000                PROVIDE (_alt_partition_sdram_end, ABSOLUTE (.))
                0x0009e5fc                PROVIDE (_alt_partition_sdram_load_addr, LOADADDR (.sdram))

.stab
 *(.stab)

.stabstr
 *(.stabstr)

.stab.excl
 *(.stab.excl)

.stab.exclstr
 *(.stab.exclstr)

.stab.index
 *(.stab.index)

.stab.indexstr
 *(.stab.indexstr)

.comment        0x00000000       0x26
 *(.comment)
 .comment       0x00000000       0x26 obj/default/src/cpu_0.o
                                 0x27 (size before relaxing)
 .comment       0x00000000       0x27 /opt/altera/13.0sp1/nios2eds/bin/gnu/H-i686-pc-linux-gnu/bin/../lib/gcc/nios2-elf/4.1.2/mno-hw-mul/libgcc.a(lib2-divmod.o)
 .comment       0x00000000       0x27 /opt/altera/13.0sp1/nios2eds/bin/gnu/H-i686-pc-linux-gnu/bin/../lib/gcc/nios2-elf/4.1.2/mno-hw-mul/libgcc.a(lib2-mul.o)
 .comment       0x00000000       0x27 /opt/altera/13.0sp1/nios2eds/bin/gnu/H-i686-pc-linux-gnu/bin/../lib/gcc/nios2-elf/4.1.2/../../../../nios2-elf/lib/mno-hw-mul/libsmallc.a(lib_a-printf.o)
 .comment       0x00000000       0x27 /opt/altera/13.0sp1/nios2eds/bin/gnu/H-i686-pc-linux-gnu/bin/../lib/gcc/nios2-elf/4.1.2/../../../../nios2-elf/lib/mno-hw-mul/libsmallc.a(lib_a-putchar.o)
 .comment       0x00000000       0x27 /opt/altera/13.0sp1/nios2eds/bin/gnu/H-i686-pc-linux-gnu/bin/../lib/gcc/nios2-elf/4.1.2/../../../../nios2-elf/lib/mno-hw-mul/libsmallc.a(lib_a-puts.o)
 .comment       0x00000000       0x27 /opt/altera/13.0sp1/nios2eds/bin/gnu/H-i686-pc-linux-gnu/bin/../lib/gcc/nios2-elf/4.1.2/../../../../nios2-elf/lib/mno-hw-mul/libsmallc.a(lib_a-strlen.o)
 .comment       0x00000000       0x27 /opt/altera/13.0sp1/nios2eds/bin/gnu/H-i686-pc-linux-gnu/bin/../lib/gcc/nios2-elf/4.1.2/../../../../nios2-elf/lib/mno-hw-mul/libsmallc.a(lib_a-vfprintf.o)
 .comment       0x00000000       0x27 /opt/altera/13.0sp1/nios2eds/bin/gnu/H-i686-pc-linux-gnu/bin/../lib/gcc/nios2-elf/4.1.2/../../../../nios2-elf/lib/mno-hw-mul/libsmallc.a(lib_a-fvwrite_small_dev.o)
 .comment       0x00000000       0x27 /opt/altera/13.0sp1/nios2eds/bin/gnu/H-i686-pc-linux-gnu/bin/../lib/gcc/nios2-elf/4.1.2/../../../../nios2-elf/lib/mno-hw-mul/libsmallc.a(lib_a-impure.o)
 .comment       0x00000000       0x27 /opt/altera/13.0sp1/nios2eds/bin/gnu/H-i686-pc-linux-gnu/bin/../lib/gcc/nios2-elf/4.1.2/../../../../nios2-elf/lib/mno-hw-mul/libsmallc.a(lib_a-putc.o)
 .comment       0x00000000       0x27 /opt/altera/13.0sp1/nios2eds/bin/gnu/H-i686-pc-linux-gnu/bin/../lib/gcc/nios2-elf/4.1.2/../../../../nios2-elf/lib/mno-hw-mul/libsmallc.a(lib_a-writer.o)
 .comment       0x00000000       0x27 /opt/altera/13.0sp1/nios2eds/bin/gnu/H-i686-pc-linux-gnu/bin/../lib/gcc/nios2-elf/4.1.2/../../../../nios2-elf/lib/mno-hw-mul/libsmallc.a(lib_a-int_errno.o)
 .comment       0x00000000       0x27 ../../bsp/mpsoc_hello_world//libhal_bsp.a(alt_load.o)
 .comment       0x00000000       0x27 ../../bsp/mpsoc_hello_world//libhal_bsp.a(alt_main.o)
 .comment       0x00000000       0x27 ../../bsp/mpsoc_hello_world//libhal_bsp.a(alt_write.o)
 .comment       0x00000000       0x27 ../../bsp/mpsoc_hello_world//libhal_bsp.a(alt_sys_init.o)
 .comment       0x00000000       0x27 ../../bsp/mpsoc_hello_world//libhal_bsp.a(altera_avalon_jtag_uart_write.o)
 .comment       0x00000000       0x27 ../../bsp/mpsoc_hello_world//libhal_bsp.a(altera_avalon_mutex.o)
 .comment       0x00000000       0x27 ../../bsp/mpsoc_hello_world//libhal_bsp.a(perf_print_formatted_report.o)
 .comment       0x00000000       0x27 ../../bsp/mpsoc_hello_world//libhal_bsp.a(alt_dcache_flush_all.o)
 .comment       0x00000000       0x27 ../../bsp/mpsoc_hello_world//libhal_bsp.a(alt_dev.o)
 .comment       0x00000000       0x27 ../../bsp/mpsoc_hello_world//libhal_bsp.a(alt_dev_llist_insert.o)
 .comment       0x00000000       0x27 ../../bsp/mpsoc_hello_world//libhal_bsp.a(alt_errno.o)
 .comment       0x00000000       0x27 ../../bsp/mpsoc_hello_world//libhal_bsp.a(alt_find_dev.o)
 .comment       0x00000000       0x27 ../../bsp/mpsoc_hello_world//libhal_bsp.a(alt_icache_flush_all.o)
 .comment       0x00000000       0x27 ../../bsp/mpsoc_hello_world//libhal_bsp.a(altera_nios2_qsys_irq.o)
 .comment       0x00000000       0x27 ../../bsp/mpsoc_hello_world//libhal_bsp.a(altera_avalon_performance_counter.o)
 .comment       0x00000000       0x27 /opt/altera/13.0sp1/nios2eds/bin/gnu/H-i686-pc-linux-gnu/bin/../lib/gcc/nios2-elf/4.1.2/../../../../nios2-elf/lib/mno-hw-mul/libsmallc.a(lib_a-memcmp.o)
 .comment       0x00000000       0x27 /opt/altera/13.0sp1/nios2eds/bin/gnu/H-i686-pc-linux-gnu/bin/../lib/gcc/nios2-elf/4.1.2/mno-hw-mul/libgcc.a(_muldi3.o)
 .comment       0x00000000       0x27 /opt/altera/13.0sp1/nios2eds/bin/gnu/H-i686-pc-linux-gnu/bin/../lib/gcc/nios2-elf/4.1.2/mno-hw-mul/libgcc.a(_udivdi3.o)
 .comment       0x00000000       0x27 /opt/altera/13.0sp1/nios2eds/bin/gnu/H-i686-pc-linux-gnu/bin/../lib/gcc/nios2-elf/4.1.2/mno-hw-mul/libgcc.a(_clz.o)

.debug
 *(.debug)

.line
 *(.line)

.debug_srcinfo
 *(.debug_srcinfo)

.debug_sfnames
 *(.debug_sfnames)

.debug_aranges  0x00000000      0x3a8
 *(.debug_aranges)
 .debug_aranges
                0x00000000       0x28 ../../bsp/mpsoc_hello_world//obj/HAL/src/crt0.o
 .debug_aranges
                0x00000028       0x20 obj/default/src/cpu_0.o
 .debug_aranges
                0x00000048       0x20 /opt/altera/13.0sp1/nios2eds/bin/gnu/H-i686-pc-linux-gnu/bin/../lib/gcc/nios2-elf/4.1.2/mno-hw-mul/libgcc.a(lib2-divmod.o)
 .debug_aranges
                0x00000068       0x20 /opt/altera/13.0sp1/nios2eds/bin/gnu/H-i686-pc-linux-gnu/bin/../lib/gcc/nios2-elf/4.1.2/mno-hw-mul/libgcc.a(lib2-mul.o)
 .debug_aranges
                0x00000088       0x20 /opt/altera/13.0sp1/nios2eds/bin/gnu/H-i686-pc-linux-gnu/bin/../lib/gcc/nios2-elf/4.1.2/../../../../nios2-elf/lib/mno-hw-mul/libsmallc.a(lib_a-printf.o)
 .debug_aranges
                0x000000a8       0x20 /opt/altera/13.0sp1/nios2eds/bin/gnu/H-i686-pc-linux-gnu/bin/../lib/gcc/nios2-elf/4.1.2/../../../../nios2-elf/lib/mno-hw-mul/libsmallc.a(lib_a-putchar.o)
 .debug_aranges
                0x000000c8       0x20 /opt/altera/13.0sp1/nios2eds/bin/gnu/H-i686-pc-linux-gnu/bin/../lib/gcc/nios2-elf/4.1.2/../../../../nios2-elf/lib/mno-hw-mul/libsmallc.a(lib_a-puts.o)
 .debug_aranges
                0x000000e8       0x20 /opt/altera/13.0sp1/nios2eds/bin/gnu/H-i686-pc-linux-gnu/bin/../lib/gcc/nios2-elf/4.1.2/../../../../nios2-elf/lib/mno-hw-mul/libsmallc.a(lib_a-strlen.o)
 .debug_aranges
                0x00000108       0x20 /opt/altera/13.0sp1/nios2eds/bin/gnu/H-i686-pc-linux-gnu/bin/../lib/gcc/nios2-elf/4.1.2/../../../../nios2-elf/lib/mno-hw-mul/libsmallc.a(lib_a-vfprintf.o)
 .debug_aranges
                0x00000128       0x20 /opt/altera/13.0sp1/nios2eds/bin/gnu/H-i686-pc-linux-gnu/bin/../lib/gcc/nios2-elf/4.1.2/../../../../nios2-elf/lib/mno-hw-mul/libsmallc.a(lib_a-fvwrite_small_dev.o)
 .debug_aranges
                0x00000148       0x20 /opt/altera/13.0sp1/nios2eds/bin/gnu/H-i686-pc-linux-gnu/bin/../lib/gcc/nios2-elf/4.1.2/../../../../nios2-elf/lib/mno-hw-mul/libsmallc.a(lib_a-putc.o)
 .debug_aranges
                0x00000168       0x20 /opt/altera/13.0sp1/nios2eds/bin/gnu/H-i686-pc-linux-gnu/bin/../lib/gcc/nios2-elf/4.1.2/../../../../nios2-elf/lib/mno-hw-mul/libsmallc.a(lib_a-writer.o)
 .debug_aranges
                0x00000188       0x20 ../../bsp/mpsoc_hello_world//libhal_bsp.a(alt_load.o)
 .debug_aranges
                0x000001a8       0x20 ../../bsp/mpsoc_hello_world//libhal_bsp.a(alt_main.o)
 .debug_aranges
                0x000001c8       0x20 ../../bsp/mpsoc_hello_world//libhal_bsp.a(alt_write.o)
 .debug_aranges
                0x000001e8       0x20 ../../bsp/mpsoc_hello_world//libhal_bsp.a(alt_sys_init.o)
 .debug_aranges
                0x00000208       0x20 ../../bsp/mpsoc_hello_world//libhal_bsp.a(altera_avalon_jtag_uart_write.o)
 .debug_aranges
                0x00000228       0x20 ../../bsp/mpsoc_hello_world//libhal_bsp.a(altera_avalon_mutex.o)
 .debug_aranges
                0x00000248       0x20 ../../bsp/mpsoc_hello_world//libhal_bsp.a(perf_print_formatted_report.o)
 .debug_aranges
                0x00000268       0x20 ../../bsp/mpsoc_hello_world//libhal_bsp.a(alt_dcache_flush_all.o)
 .debug_aranges
                0x00000288       0x20 ../../bsp/mpsoc_hello_world//libhal_bsp.a(alt_dev.o)
 .debug_aranges
                0x000002a8       0x20 ../../bsp/mpsoc_hello_world//libhal_bsp.a(alt_dev_llist_insert.o)
 .debug_aranges
                0x000002c8       0x20 ../../bsp/mpsoc_hello_world//libhal_bsp.a(alt_find_dev.o)
 .debug_aranges
                0x000002e8       0x20 ../../bsp/mpsoc_hello_world//libhal_bsp.a(alt_icache_flush_all.o)
 .debug_aranges
                0x00000308       0x20 ../../bsp/mpsoc_hello_world//libhal_bsp.a(altera_nios2_qsys_irq.o)
 .debug_aranges
                0x00000328       0x20 ../../bsp/mpsoc_hello_world//libhal_bsp.a(altera_avalon_performance_counter.o)
 .debug_aranges
                0x00000348       0x20 /opt/altera/13.0sp1/nios2eds/bin/gnu/H-i686-pc-linux-gnu/bin/../lib/gcc/nios2-elf/4.1.2/../../../../nios2-elf/lib/mno-hw-mul/libsmallc.a(lib_a-memcmp.o)
 .debug_aranges
                0x00000368       0x20 /opt/altera/13.0sp1/nios2eds/bin/gnu/H-i686-pc-linux-gnu/bin/../lib/gcc/nios2-elf/4.1.2/mno-hw-mul/libgcc.a(_muldi3.o)
 .debug_aranges
                0x00000388       0x20 /opt/altera/13.0sp1/nios2eds/bin/gnu/H-i686-pc-linux-gnu/bin/../lib/gcc/nios2-elf/4.1.2/mno-hw-mul/libgcc.a(_udivdi3.o)

.debug_pubnames
                0x00000000      0x8ff
 *(.debug_pubnames)
 .debug_pubnames
                0x00000000      0x25d obj/default/src/cpu_0.o
 .debug_pubnames
                0x0000025d       0x48 /opt/altera/13.0sp1/nios2eds/bin/gnu/H-i686-pc-linux-gnu/bin/../lib/gcc/nios2-elf/4.1.2/mno-hw-mul/libgcc.a(lib2-divmod.o)
 .debug_pubnames
                0x000002a5       0x1f /opt/altera/13.0sp1/nios2eds/bin/gnu/H-i686-pc-linux-gnu/bin/../lib/gcc/nios2-elf/4.1.2/mno-hw-mul/libgcc.a(lib2-mul.o)
 .debug_pubnames
                0x000002c4       0x2b /opt/altera/13.0sp1/nios2eds/bin/gnu/H-i686-pc-linux-gnu/bin/../lib/gcc/nios2-elf/4.1.2/../../../../nios2-elf/lib/mno-hw-mul/libsmallc.a(lib_a-printf.o)
 .debug_pubnames
                0x000002ef       0x2d /opt/altera/13.0sp1/nios2eds/bin/gnu/H-i686-pc-linux-gnu/bin/../lib/gcc/nios2-elf/4.1.2/../../../../nios2-elf/lib/mno-hw-mul/libsmallc.a(lib_a-putchar.o)
 .debug_pubnames
                0x0000031c       0x27 /opt/altera/13.0sp1/nios2eds/bin/gnu/H-i686-pc-linux-gnu/bin/../lib/gcc/nios2-elf/4.1.2/../../../../nios2-elf/lib/mno-hw-mul/libsmallc.a(lib_a-puts.o)
 .debug_pubnames
                0x00000343       0x1d /opt/altera/13.0sp1/nios2eds/bin/gnu/H-i686-pc-linux-gnu/bin/../lib/gcc/nios2-elf/4.1.2/../../../../nios2-elf/lib/mno-hw-mul/libsmallc.a(lib_a-strlen.o)
 .debug_pubnames
                0x00000360       0x45 /opt/altera/13.0sp1/nios2eds/bin/gnu/H-i686-pc-linux-gnu/bin/../lib/gcc/nios2-elf/4.1.2/../../../../nios2-elf/lib/mno-hw-mul/libsmallc.a(lib_a-vfprintf.o)
 .debug_pubnames
                0x000003a5       0x2b /opt/altera/13.0sp1/nios2eds/bin/gnu/H-i686-pc-linux-gnu/bin/../lib/gcc/nios2-elf/4.1.2/../../../../nios2-elf/lib/mno-hw-mul/libsmallc.a(lib_a-fvwrite_small_dev.o)
 .debug_pubnames
                0x000003d0       0x39 /opt/altera/13.0sp1/nios2eds/bin/gnu/H-i686-pc-linux-gnu/bin/../lib/gcc/nios2-elf/4.1.2/../../../../nios2-elf/lib/mno-hw-mul/libsmallc.a(lib_a-impure.o)
 .debug_pubnames
                0x00000409       0x27 /opt/altera/13.0sp1/nios2eds/bin/gnu/H-i686-pc-linux-gnu/bin/../lib/gcc/nios2-elf/4.1.2/../../../../nios2-elf/lib/mno-hw-mul/libsmallc.a(lib_a-putc.o)
 .debug_pubnames
                0x00000430       0x1f /opt/altera/13.0sp1/nios2eds/bin/gnu/H-i686-pc-linux-gnu/bin/../lib/gcc/nios2-elf/4.1.2/../../../../nios2-elf/lib/mno-hw-mul/libsmallc.a(lib_a-writer.o)
 .debug_pubnames
                0x0000044f       0x1c /opt/altera/13.0sp1/nios2eds/bin/gnu/H-i686-pc-linux-gnu/bin/../lib/gcc/nios2-elf/4.1.2/../../../../nios2-elf/lib/mno-hw-mul/libsmallc.a(lib_a-int_errno.o)
 .debug_pubnames
                0x0000046b       0x1f ../../bsp/mpsoc_hello_world//libhal_bsp.a(alt_load.o)
 .debug_pubnames
                0x0000048a       0x46 ../../bsp/mpsoc_hello_world//libhal_bsp.a(alt_main.o)
 .debug_pubnames
                0x000004d0       0x1c ../../bsp/mpsoc_hello_world//libhal_bsp.a(alt_write.o)
 .debug_pubnames
                0x000004ec       0x44 ../../bsp/mpsoc_hello_world//libhal_bsp.a(alt_sys_init.o)
 .debug_pubnames
                0x00000530       0x34 ../../bsp/mpsoc_hello_world//libhal_bsp.a(altera_avalon_jtag_uart_write.o)
 .debug_pubnames
                0x00000564       0xff ../../bsp/mpsoc_hello_world//libhal_bsp.a(altera_avalon_mutex.o)
 .debug_pubnames
                0x00000663       0x32 ../../bsp/mpsoc_hello_world//libhal_bsp.a(perf_print_formatted_report.o)
 .debug_pubnames
                0x00000695       0x2b ../../bsp/mpsoc_hello_world//libhal_bsp.a(alt_dcache_flush_all.o)
 .debug_pubnames
                0x000006c0       0x63 ../../bsp/mpsoc_hello_world//libhal_bsp.a(alt_dev.o)
 .debug_pubnames
                0x00000723       0x2b ../../bsp/mpsoc_hello_world//libhal_bsp.a(alt_dev_llist_insert.o)
 .debug_pubnames
                0x0000074e       0x20 ../../bsp/mpsoc_hello_world//libhal_bsp.a(alt_errno.o)
 .debug_pubnames
                0x0000076e       0x23 ../../bsp/mpsoc_hello_world//libhal_bsp.a(alt_find_dev.o)
 .debug_pubnames
                0x00000791       0x2b ../../bsp/mpsoc_hello_world//libhal_bsp.a(alt_icache_flush_all.o)
 .debug_pubnames
                0x000007bc       0x31 ../../bsp/mpsoc_hello_world//libhal_bsp.a(altera_nios2_qsys_irq.o)
 .debug_pubnames
                0x000007ed       0x96 ../../bsp/mpsoc_hello_world//libhal_bsp.a(altera_avalon_performance_counter.o)
 .debug_pubnames
                0x00000883       0x1d /opt/altera/13.0sp1/nios2eds/bin/gnu/H-i686-pc-linux-gnu/bin/../lib/gcc/nios2-elf/4.1.2/../../../../nios2-elf/lib/mno-hw-mul/libsmallc.a(lib_a-memcmp.o)
 .debug_pubnames
                0x000008a0       0x1f /opt/altera/13.0sp1/nios2eds/bin/gnu/H-i686-pc-linux-gnu/bin/../lib/gcc/nios2-elf/4.1.2/mno-hw-mul/libgcc.a(_muldi3.o)
 .debug_pubnames
                0x000008bf       0x20 /opt/altera/13.0sp1/nios2eds/bin/gnu/H-i686-pc-linux-gnu/bin/../lib/gcc/nios2-elf/4.1.2/mno-hw-mul/libgcc.a(_udivdi3.o)
 .debug_pubnames
                0x000008df       0x20 /opt/altera/13.0sp1/nios2eds/bin/gnu/H-i686-pc-linux-gnu/bin/../lib/gcc/nios2-elf/4.1.2/mno-hw-mul/libgcc.a(_clz.o)

.debug_info     0x00000000     0x6d74
 *(.debug_info .gnu.linkonce.wi.*)
 .debug_info    0x00000000       0x76 ../../bsp/mpsoc_hello_world//obj/HAL/src/crt0.o
 .debug_info    0x00000076      0x8c9 obj/default/src/cpu_0.o
 .debug_info    0x0000093f      0x21c /opt/altera/13.0sp1/nios2eds/bin/gnu/H-i686-pc-linux-gnu/bin/../lib/gcc/nios2-elf/4.1.2/mno-hw-mul/libgcc.a(lib2-divmod.o)
 .debug_info    0x00000b5b       0xf3 /opt/altera/13.0sp1/nios2eds/bin/gnu/H-i686-pc-linux-gnu/bin/../lib/gcc/nios2-elf/4.1.2/mno-hw-mul/libgcc.a(lib2-mul.o)
 .debug_info    0x00000c4e      0x6c8 /opt/altera/13.0sp1/nios2eds/bin/gnu/H-i686-pc-linux-gnu/bin/../lib/gcc/nios2-elf/4.1.2/../../../../nios2-elf/lib/mno-hw-mul/libsmallc.a(lib_a-printf.o)
 .debug_info    0x00001316      0x66b /opt/altera/13.0sp1/nios2eds/bin/gnu/H-i686-pc-linux-gnu/bin/../lib/gcc/nios2-elf/4.1.2/../../../../nios2-elf/lib/mno-hw-mul/libsmallc.a(lib_a-putchar.o)
 .debug_info    0x00001981      0x685 /opt/altera/13.0sp1/nios2eds/bin/gnu/H-i686-pc-linux-gnu/bin/../lib/gcc/nios2-elf/4.1.2/../../../../nios2-elf/lib/mno-hw-mul/libsmallc.a(lib_a-puts.o)
 .debug_info    0x00002006       0xc2 /opt/altera/13.0sp1/nios2eds/bin/gnu/H-i686-pc-linux-gnu/bin/../lib/gcc/nios2-elf/4.1.2/../../../../nios2-elf/lib/mno-hw-mul/libsmallc.a(lib_a-strlen.o)
 .debug_info    0x000020c8      0x9b6 /opt/altera/13.0sp1/nios2eds/bin/gnu/H-i686-pc-linux-gnu/bin/../lib/gcc/nios2-elf/4.1.2/../../../../nios2-elf/lib/mno-hw-mul/libsmallc.a(lib_a-vfprintf.o)
 .debug_info    0x00002a7e      0x68e /opt/altera/13.0sp1/nios2eds/bin/gnu/H-i686-pc-linux-gnu/bin/../lib/gcc/nios2-elf/4.1.2/../../../../nios2-elf/lib/mno-hw-mul/libsmallc.a(lib_a-fvwrite_small_dev.o)
 .debug_info    0x0000310c      0x636 /opt/altera/13.0sp1/nios2eds/bin/gnu/H-i686-pc-linux-gnu/bin/../lib/gcc/nios2-elf/4.1.2/../../../../nios2-elf/lib/mno-hw-mul/libsmallc.a(lib_a-impure.o)
 .debug_info    0x00003742      0x6b8 /opt/altera/13.0sp1/nios2eds/bin/gnu/H-i686-pc-linux-gnu/bin/../lib/gcc/nios2-elf/4.1.2/../../../../nios2-elf/lib/mno-hw-mul/libsmallc.a(lib_a-putc.o)
 .debug_info    0x00003dfa      0x68c /opt/altera/13.0sp1/nios2eds/bin/gnu/H-i686-pc-linux-gnu/bin/../lib/gcc/nios2-elf/4.1.2/../../../../nios2-elf/lib/mno-hw-mul/libsmallc.a(lib_a-writer.o)
 .debug_info    0x00004486       0x8c /opt/altera/13.0sp1/nios2eds/bin/gnu/H-i686-pc-linux-gnu/bin/../lib/gcc/nios2-elf/4.1.2/../../../../nios2-elf/lib/mno-hw-mul/libsmallc.a(lib_a-int_errno.o)
 .debug_info    0x00004512      0x12e ../../bsp/mpsoc_hello_world//libhal_bsp.a(alt_load.o)
 .debug_info    0x00004640      0x14f ../../bsp/mpsoc_hello_world//libhal_bsp.a(alt_main.o)
 .debug_info    0x0000478f      0x179 ../../bsp/mpsoc_hello_world//libhal_bsp.a(alt_write.o)
 .debug_info    0x00004908      0x553 ../../bsp/mpsoc_hello_world//libhal_bsp.a(alt_sys_init.o)
 .debug_info    0x00004e5b      0x1a9 ../../bsp/mpsoc_hello_world//libhal_bsp.a(altera_avalon_jtag_uart_write.o)
 .debug_info    0x00005004      0x399 ../../bsp/mpsoc_hello_world//libhal_bsp.a(altera_avalon_mutex.o)
 .debug_info    0x0000539d      0x16e ../../bsp/mpsoc_hello_world//libhal_bsp.a(perf_print_formatted_report.o)
 .debug_info    0x0000550b       0x8d ../../bsp/mpsoc_hello_world//libhal_bsp.a(alt_dcache_flush_all.o)
 .debug_info    0x00005598      0x4dd ../../bsp/mpsoc_hello_world//libhal_bsp.a(alt_dev.o)
 .debug_info    0x00005a75      0x1b7 ../../bsp/mpsoc_hello_world//libhal_bsp.a(alt_dev_llist_insert.o)
 .debug_info    0x00005c2c       0xab ../../bsp/mpsoc_hello_world//libhal_bsp.a(alt_errno.o)
 .debug_info    0x00005cd7      0x310 ../../bsp/mpsoc_hello_world//libhal_bsp.a(alt_find_dev.o)
 .debug_info    0x00005fe7       0x8d ../../bsp/mpsoc_hello_world//libhal_bsp.a(alt_icache_flush_all.o)
 .debug_info    0x00006074       0xb7 ../../bsp/mpsoc_hello_world//libhal_bsp.a(altera_nios2_qsys_irq.o)
 .debug_info    0x0000612b      0x165 ../../bsp/mpsoc_hello_world//libhal_bsp.a(altera_avalon_performance_counter.o)
 .debug_info    0x00006290       0xef /opt/altera/13.0sp1/nios2eds/bin/gnu/H-i686-pc-linux-gnu/bin/../lib/gcc/nios2-elf/4.1.2/../../../../nios2-elf/lib/mno-hw-mul/libsmallc.a(lib_a-memcmp.o)
 .debug_info    0x0000637f      0x210 /opt/altera/13.0sp1/nios2eds/bin/gnu/H-i686-pc-linux-gnu/bin/../lib/gcc/nios2-elf/4.1.2/mno-hw-mul/libgcc.a(_muldi3.o)
 .debug_info    0x0000658f      0x71c /opt/altera/13.0sp1/nios2eds/bin/gnu/H-i686-pc-linux-gnu/bin/../lib/gcc/nios2-elf/4.1.2/mno-hw-mul/libgcc.a(_udivdi3.o)
 .debug_info    0x00006cab       0xc9 /opt/altera/13.0sp1/nios2eds/bin/gnu/H-i686-pc-linux-gnu/bin/../lib/gcc/nios2-elf/4.1.2/mno-hw-mul/libgcc.a(_clz.o)

.debug_abbrev   0x00000000     0x1e81
 *(.debug_abbrev)
 .debug_abbrev  0x00000000       0x12 ../../bsp/mpsoc_hello_world//obj/HAL/src/crt0.o
 .debug_abbrev  0x00000012      0x147 obj/default/src/cpu_0.o
 .debug_abbrev  0x00000159       0xe0 /opt/altera/13.0sp1/nios2eds/bin/gnu/H-i686-pc-linux-gnu/bin/../lib/gcc/nios2-elf/4.1.2/mno-hw-mul/libgcc.a(lib2-divmod.o)
 .debug_abbrev  0x00000239       0x7b /opt/altera/13.0sp1/nios2eds/bin/gnu/H-i686-pc-linux-gnu/bin/../lib/gcc/nios2-elf/4.1.2/mno-hw-mul/libgcc.a(lib2-mul.o)
 .debug_abbrev  0x000002b4      0x179 /opt/altera/13.0sp1/nios2eds/bin/gnu/H-i686-pc-linux-gnu/bin/../lib/gcc/nios2-elf/4.1.2/../../../../nios2-elf/lib/mno-hw-mul/libsmallc.a(lib_a-printf.o)
 .debug_abbrev  0x0000042d      0x158 /opt/altera/13.0sp1/nios2eds/bin/gnu/H-i686-pc-linux-gnu/bin/../lib/gcc/nios2-elf/4.1.2/../../../../nios2-elf/lib/mno-hw-mul/libsmallc.a(lib_a-putchar.o)
 .debug_abbrev  0x00000585      0x180 /opt/altera/13.0sp1/nios2eds/bin/gnu/H-i686-pc-linux-gnu/bin/../lib/gcc/nios2-elf/4.1.2/../../../../nios2-elf/lib/mno-hw-mul/libsmallc.a(lib_a-puts.o)
 .debug_abbrev  0x00000705       0x7a /opt/altera/13.0sp1/nios2eds/bin/gnu/H-i686-pc-linux-gnu/bin/../lib/gcc/nios2-elf/4.1.2/../../../../nios2-elf/lib/mno-hw-mul/libsmallc.a(lib_a-strlen.o)
 .debug_abbrev  0x0000077f      0x263 /opt/altera/13.0sp1/nios2eds/bin/gnu/H-i686-pc-linux-gnu/bin/../lib/gcc/nios2-elf/4.1.2/../../../../nios2-elf/lib/mno-hw-mul/libsmallc.a(lib_a-vfprintf.o)
 .debug_abbrev  0x000009e2      0x179 /opt/altera/13.0sp1/nios2eds/bin/gnu/H-i686-pc-linux-gnu/bin/../lib/gcc/nios2-elf/4.1.2/../../../../nios2-elf/lib/mno-hw-mul/libsmallc.a(lib_a-fvwrite_small_dev.o)
 .debug_abbrev  0x00000b5b      0x13f /opt/altera/13.0sp1/nios2eds/bin/gnu/H-i686-pc-linux-gnu/bin/../lib/gcc/nios2-elf/4.1.2/../../../../nios2-elf/lib/mno-hw-mul/libsmallc.a(lib_a-impure.o)
 .debug_abbrev  0x00000c9a      0x167 /opt/altera/13.0sp1/nios2eds/bin/gnu/H-i686-pc-linux-gnu/bin/../lib/gcc/nios2-elf/4.1.2/../../../../nios2-elf/lib/mno-hw-mul/libsmallc.a(lib_a-putc.o)
 .debug_abbrev  0x00000e01      0x16c /opt/altera/13.0sp1/nios2eds/bin/gnu/H-i686-pc-linux-gnu/bin/../lib/gcc/nios2-elf/4.1.2/../../../../nios2-elf/lib/mno-hw-mul/libsmallc.a(lib_a-writer.o)
 .debug_abbrev  0x00000f6d       0x3b /opt/altera/13.0sp1/nios2eds/bin/gnu/H-i686-pc-linux-gnu/bin/../lib/gcc/nios2-elf/4.1.2/../../../../nios2-elf/lib/mno-hw-mul/libsmallc.a(lib_a-int_errno.o)
 .debug_abbrev  0x00000fa8       0x97 ../../bsp/mpsoc_hello_world//libhal_bsp.a(alt_load.o)
 .debug_abbrev  0x0000103f       0xad ../../bsp/mpsoc_hello_world//libhal_bsp.a(alt_main.o)
 .debug_abbrev  0x000010ec       0xdd ../../bsp/mpsoc_hello_world//libhal_bsp.a(alt_write.o)
 .debug_abbrev  0x000011c9      0x177 ../../bsp/mpsoc_hello_world//libhal_bsp.a(alt_sys_init.o)
 .debug_abbrev  0x00001340       0xf0 ../../bsp/mpsoc_hello_world//libhal_bsp.a(altera_avalon_jtag_uart_write.o)
 .debug_abbrev  0x00001430      0x1a2 ../../bsp/mpsoc_hello_world//libhal_bsp.a(altera_avalon_mutex.o)
 .debug_abbrev  0x000015d2       0xa4 ../../bsp/mpsoc_hello_world//libhal_bsp.a(perf_print_formatted_report.o)
 .debug_abbrev  0x00001676       0x3f ../../bsp/mpsoc_hello_world//libhal_bsp.a(alt_dcache_flush_all.o)
 .debug_abbrev  0x000016b5       0xd6 ../../bsp/mpsoc_hello_world//libhal_bsp.a(alt_dev.o)
 .debug_abbrev  0x0000178b      0x117 ../../bsp/mpsoc_hello_world//libhal_bsp.a(alt_dev_llist_insert.o)
 .debug_abbrev  0x000018a2       0x5e ../../bsp/mpsoc_hello_world//libhal_bsp.a(alt_errno.o)
 .debug_abbrev  0x00001900       0xed ../../bsp/mpsoc_hello_world//libhal_bsp.a(alt_find_dev.o)
 .debug_abbrev  0x000019ed       0x3f ../../bsp/mpsoc_hello_world//libhal_bsp.a(alt_icache_flush_all.o)
 .debug_abbrev  0x00001a2c       0x64 ../../bsp/mpsoc_hello_world//libhal_bsp.a(altera_nios2_qsys_irq.o)
 .debug_abbrev  0x00001a90       0xae ../../bsp/mpsoc_hello_world//libhal_bsp.a(altera_avalon_performance_counter.o)
 .debug_abbrev  0x00001b3e       0x7c /opt/altera/13.0sp1/nios2eds/bin/gnu/H-i686-pc-linux-gnu/bin/../lib/gcc/nios2-elf/4.1.2/../../../../nios2-elf/lib/mno-hw-mul/libsmallc.a(lib_a-memcmp.o)
 .debug_abbrev  0x00001bba       0xfb /opt/altera/13.0sp1/nios2eds/bin/gnu/H-i686-pc-linux-gnu/bin/../lib/gcc/nios2-elf/4.1.2/mno-hw-mul/libgcc.a(_muldi3.o)
 .debug_abbrev  0x00001cb5      0x16b /opt/altera/13.0sp1/nios2eds/bin/gnu/H-i686-pc-linux-gnu/bin/../lib/gcc/nios2-elf/4.1.2/mno-hw-mul/libgcc.a(_udivdi3.o)
 .debug_abbrev  0x00001e20       0x61 /opt/altera/13.0sp1/nios2eds/bin/gnu/H-i686-pc-linux-gnu/bin/../lib/gcc/nios2-elf/4.1.2/mno-hw-mul/libgcc.a(_clz.o)

.debug_line     0x00000000     0x57ec
 *(.debug_line)
 .debug_line    0x00000000       0x66 ../../bsp/mpsoc_hello_world//obj/HAL/src/crt0.o
 .debug_line    0x00000066      0x91b obj/default/src/cpu_0.o
 .debug_line    0x00000981      0x2c6 /opt/altera/13.0sp1/nios2eds/bin/gnu/H-i686-pc-linux-gnu/bin/../lib/gcc/nios2-elf/4.1.2/mno-hw-mul/libgcc.a(lib2-divmod.o)
 .debug_line    0x00000c47      0x191 /opt/altera/13.0sp1/nios2eds/bin/gnu/H-i686-pc-linux-gnu/bin/../lib/gcc/nios2-elf/4.1.2/mno-hw-mul/libgcc.a(lib2-mul.o)
 .debug_line    0x00000dd8      0x2be /opt/altera/13.0sp1/nios2eds/bin/gnu/H-i686-pc-linux-gnu/bin/../lib/gcc/nios2-elf/4.1.2/../../../../nios2-elf/lib/mno-hw-mul/libsmallc.a(lib_a-printf.o)
 .debug_line    0x00001096      0x267 /opt/altera/13.0sp1/nios2eds/bin/gnu/H-i686-pc-linux-gnu/bin/../lib/gcc/nios2-elf/4.1.2/../../../../nios2-elf/lib/mno-hw-mul/libsmallc.a(lib_a-putchar.o)
 .debug_line    0x000012fd      0x2b2 /opt/altera/13.0sp1/nios2eds/bin/gnu/H-i686-pc-linux-gnu/bin/../lib/gcc/nios2-elf/4.1.2/../../../../nios2-elf/lib/mno-hw-mul/libsmallc.a(lib_a-puts.o)
 .debug_line    0x000015af      0x250 /opt/altera/13.0sp1/nios2eds/bin/gnu/H-i686-pc-linux-gnu/bin/../lib/gcc/nios2-elf/4.1.2/../../../../nios2-elf/lib/mno-hw-mul/libsmallc.a(lib_a-strlen.o)
 .debug_line    0x000017ff      0x666 /opt/altera/13.0sp1/nios2eds/bin/gnu/H-i686-pc-linux-gnu/bin/../lib/gcc/nios2-elf/4.1.2/../../../../nios2-elf/lib/mno-hw-mul/libsmallc.a(lib_a-vfprintf.o)
 .debug_line    0x00001e65      0x2a9 /opt/altera/13.0sp1/nios2eds/bin/gnu/H-i686-pc-linux-gnu/bin/../lib/gcc/nios2-elf/4.1.2/../../../../nios2-elf/lib/mno-hw-mul/libsmallc.a(lib_a-fvwrite_small_dev.o)
 .debug_line    0x0000210e      0x230 /opt/altera/13.0sp1/nios2eds/bin/gnu/H-i686-pc-linux-gnu/bin/../lib/gcc/nios2-elf/4.1.2/../../../../nios2-elf/lib/mno-hw-mul/libsmallc.a(lib_a-impure.o)
 .debug_line    0x0000233e      0x2d2 /opt/altera/13.0sp1/nios2eds/bin/gnu/H-i686-pc-linux-gnu/bin/../lib/gcc/nios2-elf/4.1.2/../../../../nios2-elf/lib/mno-hw-mul/libsmallc.a(lib_a-putc.o)
 .debug_line    0x00002610      0x29d /opt/altera/13.0sp1/nios2eds/bin/gnu/H-i686-pc-linux-gnu/bin/../lib/gcc/nios2-elf/4.1.2/../../../../nios2-elf/lib/mno-hw-mul/libsmallc.a(lib_a-writer.o)
 .debug_line    0x000028ad      0x1e2 /opt/altera/13.0sp1/nios2eds/bin/gnu/H-i686-pc-linux-gnu/bin/../lib/gcc/nios2-elf/4.1.2/../../../../nios2-elf/lib/mno-hw-mul/libsmallc.a(lib_a-int_errno.o)
 .debug_line    0x00002a8f      0x225 ../../bsp/mpsoc_hello_world//libhal_bsp.a(alt_load.o)
 .debug_line    0x00002cb4      0x2e4 ../../bsp/mpsoc_hello_world//libhal_bsp.a(alt_main.o)
 .debug_line    0x00002f98      0x2b9 ../../bsp/mpsoc_hello_world//libhal_bsp.a(alt_write.o)
 .debug_line    0x00003251      0x3c6 ../../bsp/mpsoc_hello_world//libhal_bsp.a(alt_sys_init.o)
 .debug_line    0x00003617      0x319 ../../bsp/mpsoc_hello_world//libhal_bsp.a(altera_avalon_jtag_uart_write.o)
 .debug_line    0x00003930      0x38e ../../bsp/mpsoc_hello_world//libhal_bsp.a(altera_avalon_mutex.o)
 .debug_line    0x00003cbe      0x2f7 ../../bsp/mpsoc_hello_world//libhal_bsp.a(perf_print_formatted_report.o)
 .debug_line    0x00003fb5      0x1c3 ../../bsp/mpsoc_hello_world//libhal_bsp.a(alt_dcache_flush_all.o)
 .debug_line    0x00004178      0x25a ../../bsp/mpsoc_hello_world//libhal_bsp.a(alt_dev.o)
 .debug_line    0x000043d2      0x26a ../../bsp/mpsoc_hello_world//libhal_bsp.a(alt_dev_llist_insert.o)
 .debug_line    0x0000463c      0x1b8 ../../bsp/mpsoc_hello_world//libhal_bsp.a(alt_errno.o)
 .debug_line    0x000047f4      0x26f ../../bsp/mpsoc_hello_world//libhal_bsp.a(alt_find_dev.o)
 .debug_line    0x00004a63      0x1c3 ../../bsp/mpsoc_hello_world//libhal_bsp.a(alt_icache_flush_all.o)
 .debug_line    0x00004c26      0x1f5 ../../bsp/mpsoc_hello_world//libhal_bsp.a(altera_nios2_qsys_irq.o)
 .debug_line    0x00004e1b      0x111 ../../bsp/mpsoc_hello_world//libhal_bsp.a(altera_avalon_performance_counter.o)
 .debug_line    0x00004f2c      0x270 /opt/altera/13.0sp1/nios2eds/bin/gnu/H-i686-pc-linux-gnu/bin/../lib/gcc/nios2-elf/4.1.2/../../../../nios2-elf/lib/mno-hw-mul/libsmallc.a(lib_a-memcmp.o)
 .debug_line    0x0000519c      0x1c6 /opt/altera/13.0sp1/nios2eds/bin/gnu/H-i686-pc-linux-gnu/bin/../lib/gcc/nios2-elf/4.1.2/mno-hw-mul/libgcc.a(_muldi3.o)
 .debug_line    0x00005362      0x369 /opt/altera/13.0sp1/nios2eds/bin/gnu/H-i686-pc-linux-gnu/bin/../lib/gcc/nios2-elf/4.1.2/mno-hw-mul/libgcc.a(_udivdi3.o)
 .debug_line    0x000056cb      0x121 /opt/altera/13.0sp1/nios2eds/bin/gnu/H-i686-pc-linux-gnu/bin/../lib/gcc/nios2-elf/4.1.2/mno-hw-mul/libgcc.a(_clz.o)

.debug_frame    0x00000000      0x7c0
 *(.debug_frame)
 .debug_frame   0x00000000      0x1a4 obj/default/src/cpu_0.o
 .debug_frame   0x000001a4       0x70 /opt/altera/13.0sp1/nios2eds/bin/gnu/H-i686-pc-linux-gnu/bin/../lib/gcc/nios2-elf/4.1.2/mno-hw-mul/libgcc.a(lib2-divmod.o)
 .debug_frame   0x00000214       0x20 /opt/altera/13.0sp1/nios2eds/bin/gnu/H-i686-pc-linux-gnu/bin/../lib/gcc/nios2-elf/4.1.2/mno-hw-mul/libgcc.a(lib2-mul.o)
 .debug_frame   0x00000234       0x40 /opt/altera/13.0sp1/nios2eds/bin/gnu/H-i686-pc-linux-gnu/bin/../lib/gcc/nios2-elf/4.1.2/../../../../nios2-elf/lib/mno-hw-mul/libsmallc.a(lib_a-printf.o)
 .debug_frame   0x00000274       0x30 /opt/altera/13.0sp1/nios2eds/bin/gnu/H-i686-pc-linux-gnu/bin/../lib/gcc/nios2-elf/4.1.2/../../../../nios2-elf/lib/mno-hw-mul/libsmallc.a(lib_a-putchar.o)
 .debug_frame   0x000002a4       0x3c /opt/altera/13.0sp1/nios2eds/bin/gnu/H-i686-pc-linux-gnu/bin/../lib/gcc/nios2-elf/4.1.2/../../../../nios2-elf/lib/mno-hw-mul/libsmallc.a(lib_a-puts.o)
 .debug_frame   0x000002e0       0x20 /opt/altera/13.0sp1/nios2eds/bin/gnu/H-i686-pc-linux-gnu/bin/../lib/gcc/nios2-elf/4.1.2/../../../../nios2-elf/lib/mno-hw-mul/libsmallc.a(lib_a-strlen.o)
 .debug_frame   0x00000300       0x64 /opt/altera/13.0sp1/nios2eds/bin/gnu/H-i686-pc-linux-gnu/bin/../lib/gcc/nios2-elf/4.1.2/../../../../nios2-elf/lib/mno-hw-mul/libsmallc.a(lib_a-vfprintf.o)
 .debug_frame   0x00000364       0x30 /opt/altera/13.0sp1/nios2eds/bin/gnu/H-i686-pc-linux-gnu/bin/../lib/gcc/nios2-elf/4.1.2/../../../../nios2-elf/lib/mno-hw-mul/libsmallc.a(lib_a-fvwrite_small_dev.o)
 .debug_frame   0x00000394       0x48 /opt/altera/13.0sp1/nios2eds/bin/gnu/H-i686-pc-linux-gnu/bin/../lib/gcc/nios2-elf/4.1.2/../../../../nios2-elf/lib/mno-hw-mul/libsmallc.a(lib_a-putc.o)
 .debug_frame   0x000003dc       0x2c /opt/altera/13.0sp1/nios2eds/bin/gnu/H-i686-pc-linux-gnu/bin/../lib/gcc/nios2-elf/4.1.2/../../../../nios2-elf/lib/mno-hw-mul/libsmallc.a(lib_a-writer.o)
 .debug_frame   0x00000408       0x38 ../../bsp/mpsoc_hello_world//libhal_bsp.a(alt_load.o)
 .debug_frame   0x00000440       0x28 ../../bsp/mpsoc_hello_world//libhal_bsp.a(alt_main.o)
 .debug_frame   0x00000468       0x28 ../../bsp/mpsoc_hello_world//libhal_bsp.a(alt_write.o)
 .debug_frame   0x00000490       0x60 ../../bsp/mpsoc_hello_world//libhal_bsp.a(alt_sys_init.o)
 .debug_frame   0x000004f0       0x20 ../../bsp/mpsoc_hello_world//libhal_bsp.a(altera_avalon_jtag_uart_write.o)
 .debug_frame   0x00000510       0xa4 ../../bsp/mpsoc_hello_world//libhal_bsp.a(altera_avalon_mutex.o)
 .debug_frame   0x000005b4       0x3c ../../bsp/mpsoc_hello_world//libhal_bsp.a(perf_print_formatted_report.o)
 .debug_frame   0x000005f0       0x20 ../../bsp/mpsoc_hello_world//libhal_bsp.a(alt_dcache_flush_all.o)
 .debug_frame   0x00000610       0x20 ../../bsp/mpsoc_hello_world//libhal_bsp.a(alt_dev.o)
 .debug_frame   0x00000630       0x28 ../../bsp/mpsoc_hello_world//libhal_bsp.a(alt_dev_llist_insert.o)
 .debug_frame   0x00000658       0x30 ../../bsp/mpsoc_hello_world//libhal_bsp.a(alt_find_dev.o)
 .debug_frame   0x00000688       0x20 ../../bsp/mpsoc_hello_world//libhal_bsp.a(alt_icache_flush_all.o)
 .debug_frame   0x000006a8       0x20 ../../bsp/mpsoc_hello_world//libhal_bsp.a(altera_nios2_qsys_irq.o)
 .debug_frame   0x000006c8       0x60 ../../bsp/mpsoc_hello_world//libhal_bsp.a(altera_avalon_performance_counter.o)
 .debug_frame   0x00000728       0x20 /opt/altera/13.0sp1/nios2eds/bin/gnu/H-i686-pc-linux-gnu/bin/../lib/gcc/nios2-elf/4.1.2/../../../../nios2-elf/lib/mno-hw-mul/libsmallc.a(lib_a-memcmp.o)
 .debug_frame   0x00000748       0x40 /opt/altera/13.0sp1/nios2eds/bin/gnu/H-i686-pc-linux-gnu/bin/../lib/gcc/nios2-elf/4.1.2/mno-hw-mul/libgcc.a(_muldi3.o)
 .debug_frame   0x00000788       0x38 /opt/altera/13.0sp1/nios2eds/bin/gnu/H-i686-pc-linux-gnu/bin/../lib/gcc/nios2-elf/4.1.2/mno-hw-mul/libgcc.a(_udivdi3.o)

.debug_str      0x00000000     0x16e9
 *(.debug_str)
 .debug_str     0x00000000      0x30b obj/default/src/cpu_0.o
                                0x365 (size before relaxing)
 .debug_str     0x0000030b      0x110 /opt/altera/13.0sp1/nios2eds/bin/gnu/H-i686-pc-linux-gnu/bin/../lib/gcc/nios2-elf/4.1.2/mno-hw-mul/libgcc.a(lib2-divmod.o)
                                0x1b9 (size before relaxing)
 .debug_str     0x0000041b       0x37 /opt/altera/13.0sp1/nios2eds/bin/gnu/H-i686-pc-linux-gnu/bin/../lib/gcc/nios2-elf/4.1.2/mno-hw-mul/libgcc.a(lib2-mul.o)
                                0x17a (size before relaxing)
 .debug_str     0x00000452      0x3a1 /opt/altera/13.0sp1/nios2eds/bin/gnu/H-i686-pc-linux-gnu/bin/../lib/gcc/nios2-elf/4.1.2/../../../../nios2-elf/lib/mno-hw-mul/libsmallc.a(lib_a-printf.o)
                                0x46b (size before relaxing)
 .debug_str     0x000007f3       0x51 /opt/altera/13.0sp1/nios2eds/bin/gnu/H-i686-pc-linux-gnu/bin/../lib/gcc/nios2-elf/4.1.2/../../../../nios2-elf/lib/mno-hw-mul/libsmallc.a(lib_a-putchar.o)
                                0x457 (size before relaxing)
 .debug_str     0x00000844       0x48 /opt/altera/13.0sp1/nios2eds/bin/gnu/H-i686-pc-linux-gnu/bin/../lib/gcc/nios2-elf/4.1.2/../../../../nios2-elf/lib/mno-hw-mul/libsmallc.a(lib_a-puts.o)
                                0x455 (size before relaxing)
 .debug_str     0x0000088c       0xe7 /opt/altera/13.0sp1/nios2eds/bin/gnu/H-i686-pc-linux-gnu/bin/../lib/gcc/nios2-elf/4.1.2/../../../../nios2-elf/lib/mno-hw-mul/libsmallc.a(lib_a-strlen.o)
                                0x189 (size before relaxing)
 .debug_str     0x00000973      0x162 /opt/altera/13.0sp1/nios2eds/bin/gnu/H-i686-pc-linux-gnu/bin/../lib/gcc/nios2-elf/4.1.2/../../../../nios2-elf/lib/mno-hw-mul/libsmallc.a(lib_a-vfprintf.o)
                                0x5b4 (size before relaxing)
 .debug_str     0x00000ad5       0x70 /opt/altera/13.0sp1/nios2eds/bin/gnu/H-i686-pc-linux-gnu/bin/../lib/gcc/nios2-elf/4.1.2/../../../../nios2-elf/lib/mno-hw-mul/libsmallc.a(lib_a-fvwrite_small_dev.o)
                                0x46f (size before relaxing)
 .debug_str     0x00000b45       0xfd /opt/altera/13.0sp1/nios2eds/bin/gnu/H-i686-pc-linux-gnu/bin/../lib/gcc/nios2-elf/4.1.2/../../../../nios2-elf/lib/mno-hw-mul/libsmallc.a(lib_a-impure.o)
                                0x462 (size before relaxing)
 .debug_str     0x00000c42       0x4f /opt/altera/13.0sp1/nios2eds/bin/gnu/H-i686-pc-linux-gnu/bin/../lib/gcc/nios2-elf/4.1.2/../../../../nios2-elf/lib/mno-hw-mul/libsmallc.a(lib_a-putc.o)
                                0x45a (size before relaxing)
 .debug_str     0x00000c91       0x4f /opt/altera/13.0sp1/nios2eds/bin/gnu/H-i686-pc-linux-gnu/bin/../lib/gcc/nios2-elf/4.1.2/../../../../nios2-elf/lib/mno-hw-mul/libsmallc.a(lib_a-writer.o)
                                0x456 (size before relaxing)
 .debug_str     0x00000ce0       0x40 /opt/altera/13.0sp1/nios2eds/bin/gnu/H-i686-pc-linux-gnu/bin/../lib/gcc/nios2-elf/4.1.2/../../../../nios2-elf/lib/mno-hw-mul/libsmallc.a(lib_a-int_errno.o)
                                0x17c (size before relaxing)
 .debug_str     0x00000d20      0x12e ../../bsp/mpsoc_hello_world//libhal_bsp.a(alt_load.o)
                                0x1cb (size before relaxing)
 .debug_str     0x00000e4e       0x70 ../../bsp/mpsoc_hello_world//libhal_bsp.a(alt_main.o)
                                0x178 (size before relaxing)
 .debug_str     0x00000ebe       0x58 ../../bsp/mpsoc_hello_world//libhal_bsp.a(alt_write.o)
                                0x17b (size before relaxing)
 .debug_str     0x00000f16      0x195 ../../bsp/mpsoc_hello_world//libhal_bsp.a(alt_sys_init.o)
                                0x366 (size before relaxing)
 .debug_str     0x000010ab       0x4a ../../bsp/mpsoc_hello_world//libhal_bsp.a(altera_avalon_jtag_uart_write.o)
                                0x1e8 (size before relaxing)
 .debug_str     0x000010f5       0xfe ../../bsp/mpsoc_hello_world//libhal_bsp.a(altera_avalon_mutex.o)
                                0x283 (size before relaxing)
 .debug_str     0x000011f3       0xd8 ../../bsp/mpsoc_hello_world//libhal_bsp.a(perf_print_formatted_report.o)
                                0x1d1 (size before relaxing)
 .debug_str     0x000012cb       0x34 ../../bsp/mpsoc_hello_world//libhal_bsp.a(alt_dcache_flush_all.o)
                                0x10e (size before relaxing)
 .debug_str     0x000012ff      0x12c ../../bsp/mpsoc_hello_world//libhal_bsp.a(alt_dev.o)
                                0x2be (size before relaxing)
 .debug_str     0x0000142b       0x59 ../../bsp/mpsoc_hello_world//libhal_bsp.a(alt_dev_llist_insert.o)
                                0x185 (size before relaxing)
 .debug_str     0x00001484       0x14 ../../bsp/mpsoc_hello_world//libhal_bsp.a(alt_errno.o)
                                 0xfe (size before relaxing)
 .debug_str     0x00001498       0x24 ../../bsp/mpsoc_hello_world//libhal_bsp.a(alt_find_dev.o)
                                0x1a5 (size before relaxing)
 .debug_str     0x000014bc       0x34 ../../bsp/mpsoc_hello_world//libhal_bsp.a(alt_icache_flush_all.o)
                                0x10e (size before relaxing)
 .debug_str     0x000014f0       0x3b ../../bsp/mpsoc_hello_world//libhal_bsp.a(altera_nios2_qsys_irq.o)
                                0x13e (size before relaxing)
 .debug_str     0x0000152b       0xbe ../../bsp/mpsoc_hello_world//libhal_bsp.a(altera_avalon_performance_counter.o)
                                0x19d (size before relaxing)
 .debug_str     0x000015e9       0x45 /opt/altera/13.0sp1/nios2eds/bin/gnu/H-i686-pc-linux-gnu/bin/../lib/gcc/nios2-elf/4.1.2/../../../../nios2-elf/lib/mno-hw-mul/libsmallc.a(lib_a-memcmp.o)
                                0x183 (size before relaxing)
 .debug_str     0x0000162e       0x67 /opt/altera/13.0sp1/nios2eds/bin/gnu/H-i686-pc-linux-gnu/bin/../lib/gcc/nios2-elf/4.1.2/mno-hw-mul/libgcc.a(_muldi3.o)
                                0x1b1 (size before relaxing)
 .debug_str     0x00001695       0x54 /opt/altera/13.0sp1/nios2eds/bin/gnu/H-i686-pc-linux-gnu/bin/../lib/gcc/nios2-elf/4.1.2/mno-hw-mul/libgcc.a(_udivdi3.o)
                                0x1fc (size before relaxing)
 .debug_str     0x00000000      0x166 /opt/altera/13.0sp1/nios2eds/bin/gnu/H-i686-pc-linux-gnu/bin/../lib/gcc/nios2-elf/4.1.2/mno-hw-mul/libgcc.a(_clz.o)

.debug_loc      0x00000000     0x2a89
 *(.debug_loc)
 .debug_loc     0x00000000      0x86f obj/default/src/cpu_0.o
 .debug_loc     0x0000086f      0x1d2 /opt/altera/13.0sp1/nios2eds/bin/gnu/H-i686-pc-linux-gnu/bin/../lib/gcc/nios2-elf/4.1.2/mno-hw-mul/libgcc.a(lib2-divmod.o)
 .debug_loc     0x00000a41       0x4f /opt/altera/13.0sp1/nios2eds/bin/gnu/H-i686-pc-linux-gnu/bin/../lib/gcc/nios2-elf/4.1.2/mno-hw-mul/libgcc.a(lib2-mul.o)
 .debug_loc     0x00000a90       0x8d /opt/altera/13.0sp1/nios2eds/bin/gnu/H-i686-pc-linux-gnu/bin/../lib/gcc/nios2-elf/4.1.2/../../../../nios2-elf/lib/mno-hw-mul/libsmallc.a(lib_a-printf.o)
 .debug_loc     0x00000b1d       0x44 /opt/altera/13.0sp1/nios2eds/bin/gnu/H-i686-pc-linux-gnu/bin/../lib/gcc/nios2-elf/4.1.2/../../../../nios2-elf/lib/mno-hw-mul/libsmallc.a(lib_a-putchar.o)
 .debug_loc     0x00000b61       0xa2 /opt/altera/13.0sp1/nios2eds/bin/gnu/H-i686-pc-linux-gnu/bin/../lib/gcc/nios2-elf/4.1.2/../../../../nios2-elf/lib/mno-hw-mul/libsmallc.a(lib_a-puts.o)
 .debug_loc     0x00000c03       0x1e /opt/altera/13.0sp1/nios2eds/bin/gnu/H-i686-pc-linux-gnu/bin/../lib/gcc/nios2-elf/4.1.2/../../../../nios2-elf/lib/mno-hw-mul/libsmallc.a(lib_a-strlen.o)
 .debug_loc     0x00000c21      0x878 /opt/altera/13.0sp1/nios2eds/bin/gnu/H-i686-pc-linux-gnu/bin/../lib/gcc/nios2-elf/4.1.2/../../../../nios2-elf/lib/mno-hw-mul/libsmallc.a(lib_a-vfprintf.o)
 .debug_loc     0x00001499      0x162 /opt/altera/13.0sp1/nios2eds/bin/gnu/H-i686-pc-linux-gnu/bin/../lib/gcc/nios2-elf/4.1.2/../../../../nios2-elf/lib/mno-hw-mul/libsmallc.a(lib_a-fvwrite_small_dev.o)
 .debug_loc     0x000015fb       0xd4 /opt/altera/13.0sp1/nios2eds/bin/gnu/H-i686-pc-linux-gnu/bin/../lib/gcc/nios2-elf/4.1.2/../../../../nios2-elf/lib/mno-hw-mul/libsmallc.a(lib_a-putc.o)
 .debug_loc     0x000016cf       0x97 /opt/altera/13.0sp1/nios2eds/bin/gnu/H-i686-pc-linux-gnu/bin/../lib/gcc/nios2-elf/4.1.2/../../../../nios2-elf/lib/mno-hw-mul/libsmallc.a(lib_a-writer.o)
 .debug_loc     0x00001766       0x1f ../../bsp/mpsoc_hello_world//libhal_bsp.a(alt_load.o)
 .debug_loc     0x00001785       0x1f ../../bsp/mpsoc_hello_world//libhal_bsp.a(alt_main.o)
 .debug_loc     0x000017a4       0x9a ../../bsp/mpsoc_hello_world//libhal_bsp.a(alt_write.o)
 .debug_loc     0x0000183e       0x77 ../../bsp/mpsoc_hello_world//libhal_bsp.a(alt_sys_init.o)
 .debug_loc     0x000018b5       0x26 ../../bsp/mpsoc_hello_world//libhal_bsp.a(altera_avalon_jtag_uart_write.o)
 .debug_loc     0x000018db       0xd9 ../../bsp/mpsoc_hello_world//libhal_bsp.a(altera_avalon_mutex.o)
 .debug_loc     0x000019b4      0x1a7 ../../bsp/mpsoc_hello_world//libhal_bsp.a(perf_print_formatted_report.o)
 .debug_loc     0x00001b5b       0x5b ../../bsp/mpsoc_hello_world//libhal_bsp.a(alt_dev_llist_insert.o)
 .debug_loc     0x00001bb6       0xef ../../bsp/mpsoc_hello_world//libhal_bsp.a(alt_find_dev.o)
 .debug_loc     0x00001ca5       0x5f ../../bsp/mpsoc_hello_world//libhal_bsp.a(altera_avalon_performance_counter.o)
 .debug_loc     0x00001d04       0x70 /opt/altera/13.0sp1/nios2eds/bin/gnu/H-i686-pc-linux-gnu/bin/../lib/gcc/nios2-elf/4.1.2/../../../../nios2-elf/lib/mno-hw-mul/libsmallc.a(lib_a-memcmp.o)
 .debug_loc     0x00001d74      0x103 /opt/altera/13.0sp1/nios2eds/bin/gnu/H-i686-pc-linux-gnu/bin/../lib/gcc/nios2-elf/4.1.2/mno-hw-mul/libgcc.a(_muldi3.o)
 .debug_loc     0x00001e77      0xc12 /opt/altera/13.0sp1/nios2eds/bin/gnu/H-i686-pc-linux-gnu/bin/../lib/gcc/nios2-elf/4.1.2/mno-hw-mul/libgcc.a(_udivdi3.o)

.debug_macinfo
 *(.debug_macinfo)

.debug_weaknames
 *(.debug_weaknames)

.debug_funcnames
 *(.debug_funcnames)

.debug_typenames
 *(.debug_typenames)

.debug_varnames
 *(.debug_varnames)

.debug_alt_sim_info
                0x00000000       0x10
 *(.debug_alt_sim_info)
 .debug_alt_sim_info
                0x00000000       0x10 ../../bsp/mpsoc_hello_world//obj/HAL/src/crt0.o
                0x00100000                __alt_data_end = 0x100000
                0x00100000                PROVIDE (__alt_stack_pointer, __alt_data_end)
                0x0009e5fc                PROVIDE (__alt_stack_limit, __alt_stack_base)
                0x0009e5fc                PROVIDE (__alt_heap_start, end)
                0x00100000                PROVIDE (__alt_heap_limit, 0x100000)
OUTPUT(hello_cpu_0.elf elf32-littlenios2)

.debug_ranges   0x00000000      0x3f0
 .debug_ranges  0x00000000       0x20 ../../bsp/mpsoc_hello_world//obj/HAL/src/crt0.o
 .debug_ranges  0x00000020       0x60 obj/default/src/cpu_0.o
 .debug_ranges  0x00000080      0x140 /opt/altera/13.0sp1/nios2eds/bin/gnu/H-i686-pc-linux-gnu/bin/../lib/gcc/nios2-elf/4.1.2/../../../../nios2-elf/lib/mno-hw-mul/libsmallc.a(lib_a-vfprintf.o)
 .debug_ranges  0x000001c0       0x18 ../../bsp/mpsoc_hello_world//libhal_bsp.a(alt_dev_llist_insert.o)
 .debug_ranges  0x000001d8       0x88 /opt/altera/13.0sp1/nios2eds/bin/gnu/H-i686-pc-linux-gnu/bin/../lib/gcc/nios2-elf/4.1.2/mno-hw-mul/libgcc.a(_muldi3.o)
 .debug_ranges  0x00000260      0x190 /opt/altera/13.0sp1/nios2eds/bin/gnu/H-i686-pc-linux-gnu/bin/../lib/gcc/nios2-elf/4.1.2/mno-hw-mul/libgcc.a(_udivdi3.o)
