Archive member included because of file (symbol)

/opt/altera/13.0sp1/nios2eds/bin/gnu/H-i686-pc-linux-gnu/bin/../lib/gcc/nios2-elf/4.1.2/mno-hw-mul/libgcc.a(_div_df.o)
                              obj/default/src_0/cpu_0.o (__divdf3)
/opt/altera/13.0sp1/nios2eds/bin/gnu/H-i686-pc-linux-gnu/bin/../lib/gcc/nios2-elf/4.1.2/mno-hw-mul/libgcc.a(_thenan_df.o)
                              /opt/altera/13.0sp1/nios2eds/bin/gnu/H-i686-pc-linux-gnu/bin/../lib/gcc/nios2-elf/4.1.2/mno-hw-mul/libgcc.a(_div_df.o) (__thenan_df)
/opt/altera/13.0sp1/nios2eds/bin/gnu/H-i686-pc-linux-gnu/bin/../lib/gcc/nios2-elf/4.1.2/mno-hw-mul/libgcc.a(_usi_to_df.o)
                              obj/default/src_0/cpu_0.o (__floatunsidf)
/opt/altera/13.0sp1/nios2eds/bin/gnu/H-i686-pc-linux-gnu/bin/../lib/gcc/nios2-elf/4.1.2/mno-hw-mul/libgcc.a(lib2-divmod.o)
                              obj/default/src_0/cpu_0.o (__divsi3)
/opt/altera/13.0sp1/nios2eds/bin/gnu/H-i686-pc-linux-gnu/bin/../lib/gcc/nios2-elf/4.1.2/mno-hw-mul/libgcc.a(lib2-mul.o)
                              obj/default/src_0/cpu_0.o (__mulsi3)
/opt/altera/13.0sp1/nios2eds/bin/gnu/H-i686-pc-linux-gnu/bin/../lib/gcc/nios2-elf/4.1.2/mno-hw-mul/libgcc.a(_clzsi2.o)
                              /opt/altera/13.0sp1/nios2eds/bin/gnu/H-i686-pc-linux-gnu/bin/../lib/gcc/nios2-elf/4.1.2/mno-hw-mul/libgcc.a(_usi_to_df.o) (__clzsi2)
/opt/altera/13.0sp1/nios2eds/bin/gnu/H-i686-pc-linux-gnu/bin/../lib/gcc/nios2-elf/4.1.2/mno-hw-mul/libgcc.a(_pack_df.o)
                              /opt/altera/13.0sp1/nios2eds/bin/gnu/H-i686-pc-linux-gnu/bin/../lib/gcc/nios2-elf/4.1.2/mno-hw-mul/libgcc.a(_div_df.o) (__pack_d)
/opt/altera/13.0sp1/nios2eds/bin/gnu/H-i686-pc-linux-gnu/bin/../lib/gcc/nios2-elf/4.1.2/mno-hw-mul/libgcc.a(_unpack_df.o)
                              /opt/altera/13.0sp1/nios2eds/bin/gnu/H-i686-pc-linux-gnu/bin/../lib/gcc/nios2-elf/4.1.2/mno-hw-mul/libgcc.a(_div_df.o) (__unpack_d)
/opt/altera/13.0sp1/nios2eds/bin/gnu/H-i686-pc-linux-gnu/bin/../lib/gcc/nios2-elf/4.1.2/mno-hw-mul/libgcc.a(_clz.o)
                              /opt/altera/13.0sp1/nios2eds/bin/gnu/H-i686-pc-linux-gnu/bin/../lib/gcc/nios2-elf/4.1.2/mno-hw-mul/libgcc.a(_clzsi2.o) (__clz_tab)
/opt/altera/13.0sp1/nios2eds/bin/gnu/H-i686-pc-linux-gnu/bin/../lib/gcc/nios2-elf/4.1.2/../../../../nios2-elf/lib/mno-hw-mul/libc.a(lib_a-printf.o)
                              obj/default/src_0/cpu_0.o (printf)
/opt/altera/13.0sp1/nios2eds/bin/gnu/H-i686-pc-linux-gnu/bin/../lib/gcc/nios2-elf/4.1.2/../../../../nios2-elf/lib/mno-hw-mul/libc.a(lib_a-putchar.o)
                              obj/default/src_0/cpu_0.o (putchar)
/opt/altera/13.0sp1/nios2eds/bin/gnu/H-i686-pc-linux-gnu/bin/../lib/gcc/nios2-elf/4.1.2/../../../../nios2-elf/lib/mno-hw-mul/libc.a(lib_a-puts.o)
                              obj/default/src_0/cpu_0.o (puts)
/opt/altera/13.0sp1/nios2eds/bin/gnu/H-i686-pc-linux-gnu/bin/../lib/gcc/nios2-elf/4.1.2/../../../../nios2-elf/lib/mno-hw-mul/libc.a(lib_a-strlen.o)
                              /opt/altera/13.0sp1/nios2eds/bin/gnu/H-i686-pc-linux-gnu/bin/../lib/gcc/nios2-elf/4.1.2/../../../../nios2-elf/lib/mno-hw-mul/libc.a(lib_a-puts.o) (strlen)
/opt/altera/13.0sp1/nios2eds/bin/gnu/H-i686-pc-linux-gnu/bin/../lib/gcc/nios2-elf/4.1.2/../../../../nios2-elf/lib/mno-hw-mul/libc.a(lib_a-vfprintf.o)
                              /opt/altera/13.0sp1/nios2eds/bin/gnu/H-i686-pc-linux-gnu/bin/../lib/gcc/nios2-elf/4.1.2/../../../../nios2-elf/lib/mno-hw-mul/libc.a(lib_a-printf.o) (___vfprintf_internal_r)
/opt/altera/13.0sp1/nios2eds/bin/gnu/H-i686-pc-linux-gnu/bin/../lib/gcc/nios2-elf/4.1.2/../../../../nios2-elf/lib/mno-hw-mul/libc.a(lib_a-wsetup.o)
                              /opt/altera/13.0sp1/nios2eds/bin/gnu/H-i686-pc-linux-gnu/bin/../lib/gcc/nios2-elf/4.1.2/../../../../nios2-elf/lib/mno-hw-mul/libc.a(lib_a-vfprintf.o) (__swsetup_r)
/opt/altera/13.0sp1/nios2eds/bin/gnu/H-i686-pc-linux-gnu/bin/../lib/gcc/nios2-elf/4.1.2/../../../../nios2-elf/lib/mno-hw-mul/libc.a(lib_a-dtoa.o)
                              /opt/altera/13.0sp1/nios2eds/bin/gnu/H-i686-pc-linux-gnu/bin/../lib/gcc/nios2-elf/4.1.2/../../../../nios2-elf/lib/mno-hw-mul/libc.a(lib_a-vfprintf.o) (_dtoa_r)
/opt/altera/13.0sp1/nios2eds/bin/gnu/H-i686-pc-linux-gnu/bin/../lib/gcc/nios2-elf/4.1.2/../../../../nios2-elf/lib/mno-hw-mul/libc.a(lib_a-fflush.o)
                              /opt/altera/13.0sp1/nios2eds/bin/gnu/H-i686-pc-linux-gnu/bin/../lib/gcc/nios2-elf/4.1.2/../../../../nios2-elf/lib/mno-hw-mul/libc.a(lib_a-vfprintf.o) (_fflush_r)
/opt/altera/13.0sp1/nios2eds/bin/gnu/H-i686-pc-linux-gnu/bin/../lib/gcc/nios2-elf/4.1.2/../../../../nios2-elf/lib/mno-hw-mul/libc.a(lib_a-findfp.o)
                              /opt/altera/13.0sp1/nios2eds/bin/gnu/H-i686-pc-linux-gnu/bin/../lib/gcc/nios2-elf/4.1.2/../../../../nios2-elf/lib/mno-hw-mul/libc.a(lib_a-vfprintf.o) (__sinit)
[...]
Memory Configuration

Name             Origin             Length             Attributes
reset            0x00080000         0x00000020
sram             0x00080020         0x0007ffe0
shared_onchip    0x00102000         0x00002000
sdram            0x01000000         0x00800000
*default*        0x00000000         0xffffffff

Linker script and memory map

LOAD ../../bsp/single-rtos_bsp//obj/HAL/src/crt0.o
LOAD obj/default/src_0/cpu_0.o
LOAD /opt/altera/13.0sp1/nios2eds/bin/gnu/H-i686-pc-linux-gnu/bin/../lib/gcc/nios2-elf/4.1.2/../../../../nios2-elf/lib/mno-hw-mul/libstdc++.a
LOAD /opt/altera/13.0sp1/nios2eds/bin/gnu/H-i686-pc-linux-gnu/bin/../lib/gcc/nios2-elf/4.1.2/../../../../nios2-elf/lib/mno-hw-mul/libm.a
LOAD /opt/altera/13.0sp1/nios2eds/bin/gnu/H-i686-pc-linux-gnu/bin/../lib/gcc/nios2-elf/4.1.2/mno-hw-mul/libgcc.a
START GROUP
LOAD /opt/altera/13.0sp1/nios2eds/bin/gnu/H-i686-pc-linux-gnu/bin/../lib/gcc/nios2-elf/4.1.2/../../../../nios2-elf/lib/mno-hw-mul/libc.a
LOAD /opt/altera/13.0sp1/nios2eds/bin/gnu/H-i686-pc-linux-gnu/bin/../lib/gcc/nios2-elf/4.1.2/mno-hw-mul/libgcc.a
LOAD ../../bsp/single-rtos_bsp//libucosii_bsp.a
END GROUP
LOAD /opt/altera/13.0sp1/nios2eds/bin/gnu/H-i686-pc-linux-gnu/bin/../lib/gcc/nios2-elf/4.1.2/mno-hw-mul/libgcc.a
                0x00080000                __alt_mem_sram = 0x80000
                0x00102000                __alt_mem_shared_onchip = 0x102000
                0x01000000                __alt_mem_sdram = 0x1000000

.entry          0x00080000       0x20
 *(.entry)
 .entry         0x00080000       0x20 ../../bsp/single-rtos_bsp//obj/HAL/src/crt0.o
                0x00080000                __reset

.exceptions     0x00080020      0x12c
                0x00080020                PROVIDE (__ram_exceptions_start, ABSOLUTE (.))
                0x00080020                . = ALIGN (0x20)
 *(.irq)
 *(.exceptions.entry.label)
 .exceptions.entry.label
                0x00080020        0x0 ../../bsp/single-rtos_bsp//libucosii_bsp.a(alt_irq_entry.o)
                0x00080020                alt_irq_entry
 .exceptions.entry.label
                0x00080020        0x0 ../../bsp/single-rtos_bsp//libucosii_bsp.a(alt_exception_entry.o)
                0x00080020                alt_exception
 *(.exceptions.entry.user)
 *(.exceptions.entry)
 .exceptions.entry
                0x00080020       0x54 ../../bsp/single-rtos_bsp//libucosii_bsp.a(alt_exception_entry.o)
 *(.exceptions.irqtest.user)
 *(.exceptions.irqtest)
 .exceptions.irqtest
                0x00080074       0x10 ../../bsp/single-rtos_bsp//libucosii_bsp.a(alt_irq_entry.o)
 *(.exceptions.irqhandler.user)
 *(.exceptions.irqhandler)
 .exceptions.irqhandler
                0x00080084        0x4 ../../bsp/single-rtos_bsp//libucosii_bsp.a(alt_irq_entry.o)
 *(.exceptions.irqreturn.user)
 *(.exceptions.irqreturn)
 .exceptions.irqreturn
                0x00080088        0x4 ../../bsp/single-rtos_bsp//libucosii_bsp.a(alt_irq_entry.o)
 *(.exceptions.notirq.label)
 .exceptions.notirq.label
                0x0008008c        0x0 ../../bsp/single-rtos_bsp//libucosii_bsp.a(alt_irq_entry.o)
 *(.exceptions.notirq.user)
 *(.exceptions.notirq)
 .exceptions.notirq
                0x0008008c        0x8 ../../bsp/single-rtos_bsp//libucosii_bsp.a(alt_exception_entry.o)
 *(.exceptions.soft.user)
 *(.exceptions.soft)
 *(.exceptions.unknown.user)
 *(.exceptions.unknown)
 .exceptions.unknown
                0x00080094        0x4 ../../bsp/single-rtos_bsp//libucosii_bsp.a(alt_exception_entry.o)
 *(.exceptions.exit.label)
 .exceptions.exit.label
                0x00080098        0x0 ../../bsp/single-rtos_bsp//libucosii_bsp.a(alt_irq_entry.o)
 .exceptions.exit.label
                0x00080098        0x0 ../../bsp/single-rtos_bsp//libucosii_bsp.a(alt_exception_entry.o)
 *(.exceptions.exit.user)
 *(.exceptions.exit)
 .exceptions.exit
                0x00080098       0x54 ../../bsp/single-rtos_bsp//libucosii_bsp.a(alt_exception_entry.o)
 *(.exceptions)
 .exceptions    0x000800ec       0x60 ../../bsp/single-rtos_bsp//libucosii_bsp.a(alt_irq_handler.o)
                0x000800ec                alt_irq_handler
                0x0008014c                PROVIDE (__ram_exceptions_end, ABSOLUTE (.))
                0x00080020                PROVIDE (__flash_exceptions_start, LOADADDR (.exceptions))

.text           0x0008014c    0x11b34
                0x0008014c                PROVIDE (stext, ABSOLUTE (.))
 *(.interp)
 *(.hash)
 *(.dynsym)
 *(.dynstr)
 *(.gnu.version)
 *(.gnu.version_d)
 *(.gnu.version_r)
 *(.rel.init)
 *(.rela.init)
 *(.rel.text .rel.text.* .rel.gnu.linkonce.t.*)
 *(.rela.text .rela.text.* .rela.gnu.linkonce.t.*)
 *(.rel.fini)
 *(.rela.fini)
 *(.rel.rodata .rel.rodata.* .rel.gnu.linkonce.r.*)
 *(.rela.rodata .rela.rodata.* .rela.gnu.linkonce.r.*)
 *(.rel.data .rel.data.* .rel.gnu.linkonce.d.*)
 *(.rela.data .rela.data.* .rela.gnu.linkonce.d.*)
 *(.rel.tdata .rel.tdata.* .rel.gnu.linkonce.td.*)
 *(.rela.tdata .rela.tdata.* .rela.gnu.linkonce.td.*)
 *(.rel.tbss .rel.tbss.* .rel.gnu.linkonce.tb.*)
 *(.rela.tbss .rela.tbss.* .rela.gnu.linkonce.tb.*)
 *(.rel.ctors)
 *(.rela.ctors)
 *(.rel.dtors)
 *(.rela.dtors)
 *(.rel.got)
 *(.rela.got)
 *(.rel.sdata .rel.sdata.* .rel.gnu.linkonce.s.*)
 *(.rela.sdata .rela.sdata.* .rela.gnu.linkonce.s.*)
 *(.rel.sbss .rel.sbss.* .rel.gnu.linkonce.sb.*)
 *(.rela.sbss .rela.sbss.* .rela.gnu.linkonce.sb.*)
 *(.rel.sdata2 .rel.sdata2.* .rel.gnu.linkonce.s2.*)
 *(.rela.sdata2 .rela.sdata2.* .rela.gnu.linkonce.s2.*)
 *(.rel.sbss2 .rel.sbss2.* .rel.gnu.linkonce.sb2.*)
 *(.rela.sbss2 .rela.sbss2.* .rela.gnu.linkonce.sb2.*)
 *(.rel.bss .rel.bss.* .rel.gnu.linkonce.b.*)
 *(.rela.bss .rela.bss.* .rela.gnu.linkonce.b.*)
 *(.rel.plt)
 *(.rela.plt)
 *(.rel.dyn)
 *(.init)
 *(.plt)
 *(.text .stub .text.* .gnu.linkonce.t.*)
 .text          0x0008014c       0x3c ../../bsp/single-rtos_bsp//obj/HAL/src/crt0.o
                0x0008014c                _start
 .text          0x00080188      0xddc obj/default/src_0/cpu_0.o
                0x00080188                main
                0x00080224                StartTask
                0x000803fc                task6
                0x00080470                task5
                0x000804f4                task4
                0x0008063c                task3
                0x000806e0                task2
                0x00080774                gray_displayAsciiHidden
                0x000808ec                gray_displayAscii
                0x00080a2c                task1
                0x00080cb8                printAsciiHidden
                0x00080dc8                printAscii_int
                0x00080ea8                printAscii
 .text          0x00080f64      0x258 /opt/altera/13.0sp1/nios2eds/bin/gnu/H-i686-pc-linux-gnu/bin/../lib/gcc/nios2-elf/4.1.2/mno-hw-mul/libgcc.a(_div_df.o)
                0x00080f64                __divdf3
 .text          0x000811bc        0x0 /opt/altera/13.0sp1/nios2eds/bin/gnu/H-i686-pc-linux-gnu/bin/../lib/gcc/nios2-elf/4.1.2/mno-hw-mul/libgcc.a(_thenan_df.o)
 .text          0x000811bc      0x194 /opt/altera/13.0sp1/nios2eds/bin/gnu/H-i686-pc-linux-gnu/bin/../lib/gcc/nios2-elf/4.1.2/mno-hw-mul/libgcc.a(_usi_to_df.o)
                0x000811bc                __floatunsidf
 .text          0x00081350      0x14c /opt/altera/13.0sp1/nios2eds/bin/gnu/H-i686-pc-linux-gnu/bin/../lib/gcc/nios2-elf/4.1.2/mno-hw-mul/libgcc.a(lib2-divmod.o)
                0x000813cc                __divsi3
                0x0008142c                __modsi3
                0x0008148c                __udivsi3
                0x00081494                __umodsi3
 .text          0x0008149c       0x38 /opt/altera/13.0sp1/nios2eds/bin/gnu/H-i686-pc-linux-gnu/bin/../lib/gcc/nios2-elf/4.1.2/mno-hw-mul/libgcc.a(lib2-mul.o)
                0x0008149c                __mulsi3
 .text          0x000814d4       0x80 /opt/altera/13.0sp1/nios2eds/bin/gnu/H-i686-pc-linux-gnu/bin/../lib/gcc/nios2-elf/4.1.2/mno-hw-mul/libgcc.a(_clzsi2.o)
                0x000814d4                __clzsi2
 .text          0x00081554      0x314 /opt/altera/13.0sp1/nios2eds/bin/gnu/H-i686-pc-linux-gnu/bin/../lib/gcc/nios2-elf/4.1.2/mno-hw-mul/libgcc.a(_pack_df.o)
                0x00081554                __pack_d
 .text          0x00081868      0x138 /opt/altera/13.0sp1/nios2eds/bin/gnu/H-i686-pc-linux-gnu/bin/../lib/gcc/nios2-elf/4.1.2/mno-hw-mul/libgcc.a(_unpack_df.o)
                0x00081868                __unpack_d
 .text          0x000819a0        0x0 /opt/altera/13.0sp1/nios2eds/bin/gnu/H-i686-pc-linux-gnu/bin/../lib/gcc/nios2-elf/4.1.2/mno-hw-mul/libgcc.a(_clz.o)
 .text          0x000819a0       0x78 /opt/altera/13.0sp1/nios2eds/bin/gnu/H-i686-pc-linux-gnu/bin/../lib/gcc/nios2-elf/4.1.2/../../../../nios2-elf/lib/mno-hw-mul/libc.a(lib_a-printf.o)
                0x000819a0                printf
                0x000819e4                _printf_r
 .text          0x00081a18       0x24 /opt/altera/13.0sp1/nios2eds/bin/gnu/H-i686-pc-linux-gnu/bin/../lib/gcc/nios2-elf/4.1.2/../../../../nios2-elf/lib/mno-hw-mul/libc.a(lib_a-putchar.o)
                0x00081a18                putchar
                0x00081a34                _putchar_r
 .text          0x00081a3c       0xb4 /opt/altera/13.0sp1/nios2eds/bin/gnu/H-i686-pc-linux-gnu/bin/../lib/gcc/nios2-elf/4.1.2/../../../../nios2-elf/lib/mno-hw-mul/libc.a(lib_a-puts.o)
                0x00081a3c                _puts_r
                0x00081adc                puts
 .text          0x00081af0       0x74 /opt/altera/13.0sp1/nios2eds/bin/gnu/H-i686-pc-linux-gnu/bin/../lib/gcc/nios2-elf/4.1.2/../../../../nios2-elf/lib/mno-hw-mul/libc.a(lib_a-strlen.o)
                0x00081af0                strlen
 .text          0x00081b64     0x1f40 /opt/altera/13.0sp1/nios2eds/bin/gnu/H-i686-pc-linux-gnu/bin/../lib/gcc/nios2-elf/4.1.2/../../../../nios2-elf/lib/mno-hw-mul/libc.a(lib_a-vfprintf.o)
                0x00081bbc                ___vfprintf_internal_r
                0x00083a80                __vfprintf_internal
 .text          0x00083aa4      0x13c /opt/altera/13.0sp1/nios2eds/bin/gnu/H-i686-pc-linux-gnu/bin/../lib/gcc/nios2-elf/4.1.2/../../../../nios2-elf/lib/mno-hw-mul/libc.a(lib_a-wsetup.o)
                0x00083aa4                __swsetup_r
 .text          0x00083be0     0x17f8 /opt/altera/13.0sp1/nios2eds/bin/gnu/H-i686-pc-linux-gnu/bin/../lib/gcc/nios2-elf/4.1.2/../../../../nios2-elf/lib/mno-hw-mul/libc.a(lib_a-dtoa.o)
                0x00083e24                _dtoa_r
 .text          0x000853d8      0x230 /opt/altera/13.0sp1/nios2eds/bin/gnu/H-i686-pc-linux-gnu/bin/../lib/gcc/nios2-elf/4.1.2/../../../../nios2-elf/lib/mno-hw-mul/libc.a(lib_a-fflush.o)
                0x000853d8                _fflush_r
                0x000855d4                fflush
 .text          0x00085608      0x2f4 /opt/altera/13.0sp1/nios2eds/bin/gnu/H-i686-pc-linux-gnu/bin/../lib/gcc/nios2-elf/4.1.2/../../../../nios2-elf/lib/mno-hw-mul/libc.a(lib_a-findfp.o)
                0x00085660                __sfp_lock_acquire
                0x00085664                __sfp_lock_release
                0x00085668                __sinit_lock_acquire
                0x0008566c                __sinit_lock_release
                0x00085670                __sinit
                0x00085724                __fp_unlock_all
                0x0008573c                __fp_lock_all
                0x00085754                _cleanup_r
                0x00085760                _cleanup
                0x00085770                __sfmoreglue
                0x0008580c                __sfp
 .text          0x000858fc      0x440 /opt/altera/13.0sp1/nios2eds/bin/gnu/H-i686-pc-linux-gnu/bin/../lib/gcc/nios2-elf/4.1.2/../../../../nios2-elf/lib/mno-hw-mul/libc.a(lib_a-freer.o)
                0x000858fc                _malloc_trim_r
                0x00085a28                _free_r
 .text          0x00085d3c      0x49c /opt/altera/13.0sp1/nios2eds/bin/gnu/H-i686-pc-linux-gnu/bin/../lib/gcc/nios2-elf/4.1.2/../../../../nios2-elf/lib/mno-hw-mul/libc.a(lib_a-fvwrite.o)
                0x00085d3c                __sfvwrite_r
 .text          0x000861d8      0x180 /opt/altera/13.0sp1/nios2eds/bin/gnu/H-i686-pc-linux-gnu/bin/../lib/gcc/nios2-elf/4.1.2/../../../../nios2-elf/lib/mno-hw-mul/libc.a(lib_a-fwalk.o)
                0x000861d8                _fwalk_reent
                0x000862a0                _fwalk
 .text          0x00086358        0x0 /opt/altera/13.0sp1/nios2eds/bin/gnu/H-i686-pc-linux-gnu/bin/../lib/gcc/nios2-elf/4.1.2/../../../../nios2-elf/lib/mno-hw-mul/libc.a(lib_a-impure.o)
 .text          0x00086358       0xc4 /opt/altera/13.0sp1/nios2eds/bin/gnu/H-i686-pc-linux-gnu/bin/../lib/gcc/nios2-elf/4.1.2/../../../../nios2-elf/lib/mno-hw-mul/libc.a(lib_a-locale.o)
                0x00086358                __locale_charset
                0x00086360                _localeconv_r
                0x0008636c                localeconv
                0x0008637c                _setlocale_r
                0x00086400                setlocale
 .text          0x0008641c      0x194 /opt/altera/13.0sp1/nios2eds/bin/gnu/H-i686-pc-linux-gnu/bin/../lib/gcc/nios2-elf/4.1.2/../../../../nios2-elf/lib/mno-hw-mul/libc.a(lib_a-makebuf.o)
                0x0008641c                __smakebuf_r
 .text          0x000865b0      0x740 /opt/altera/13.0sp1/nios2eds/bin/gnu/H-i686-pc-linux-gnu/bin/../lib/gcc/nios2-elf/4.1.2/../../../../nios2-elf/lib/mno-hw-mul/libc.a(lib_a-mallocr.o)
                0x000865b0                _malloc_r
 .text          0x00086cf0       0xe4 /opt/altera/13.0sp1/nios2eds/bin/gnu/H-i686-pc-linux-gnu/bin/../lib/gcc/nios2-elf/4.1.2/../../../../nios2-elf/lib/mno-hw-mul/libc.a(lib_a-memchr.o)
                0x00086cf0                memchr
 .text          0x00086dd4       0xa0 /opt/altera/13.0sp1/nios2eds/bin/gnu/H-i686-pc-linux-gnu/bin/../lib/gcc/nios2-elf/4.1.2/../../../../nios2-elf/lib/mno-hw-mul/libc.a(lib_a-memcpy.o)
                0x00086dd4                memcpy
 .text          0x00086e74       0xe0 /opt/altera/13.0sp1/nios2eds/bin/gnu/H-i686-pc-linux-gnu/bin/../lib/gcc/nios2-elf/4.1.2/../../../../nios2-elf/lib/mno-hw-mul/libc.a(lib_a-memmove.o)
                0x00086e74                memmove
 .text          0x00086f54       0x98 /opt/altera/13.0sp1/nios2eds/bin/gnu/H-i686-pc-linux-gnu/bin/../lib/gcc/nios2-elf/4.1.2/../../../../nios2-elf/lib/mno-hw-mul/libc.a(lib_a-memset.o)
                0x00086f54                memset
 .text          0x00086fec     0x108c /opt/altera/13.0sp1/nios2eds/bin/gnu/H-i686-pc-linux-gnu/bin/../lib/gcc/nios2-elf/4.1.2/../../../../nios2-elf/lib/mno-hw-mul/libc.a(lib_a-mprec.o)
                0x00086fec                _Bfree
                0x00087014                __hi0bits
                0x00087084                __lo0bits
                0x00087148                __mcmp
                0x000871a8                __ulp
                0x00087228                __b2d
                0x00087348                __ratio
                0x000873f8                _mprec_log10
                0x0008748c                __copybits
                0x000874e4                __any_on
                0x0008756c                _Balloc
                0x00087628                __d2b
                0x000877a4                __mdiff
                0x00087930                __lshift
                0x00087a7c                __multiply
                0x00087cd0                __i2b
                0x00087d0c                __multadd
                0x00087e38                __pow5mult
                0x00087f58                __s2b
 .text          0x00088078      0x1ec /opt/altera/13.0sp1/nios2eds/bin/gnu/H-i686-pc-linux-gnu/bin/../lib/gcc/nios2-elf/4.1.2/../../../../nios2-elf/lib/mno-hw-mul/libc.a(lib_a-putc.o)
                0x00088078                putc
                0x0008817c                _putc_r
 .text          0x00088264      0x5f4 /opt/altera/13.0sp1/nios2eds/bin/gnu/H-i686-pc-linux-gnu/bin/../lib/gcc/nios2-elf/4.1.2/../../../../nios2-elf/lib/mno-hw-mul/libc.a(lib_a-reallocr.o)
                0x00088264                _realloc_r
 .text          0x00088858       0x40 /opt/altera/13.0sp1/nios2eds/bin/gnu/H-i686-pc-linux-gnu/bin/../lib/gcc/nios2-elf/4.1.2/../../../../nios2-elf/lib/mno-hw-mul/libc.a(lib_a-s_isinfd.o)
                0x00088858                __isinfd
 .text          0x00088898       0x30 /opt/altera/13.0sp1/nios2eds/bin/gnu/H-i686-pc-linux-gnu/bin/../lib/gcc/nios2-elf/4.1.2/../../../../nios2-elf/lib/mno-hw-mul/libc.a(lib_a-s_isnand.o)
                0x00088898                __isnand
 .text          0x000888c8       0x70 /opt/altera/13.0sp1/nios2eds/bin/gnu/H-i686-pc-linux-gnu/bin/../lib/gcc/nios2-elf/4.1.2/../../../../nios2-elf/lib/mno-hw-mul/libc.a(lib_a-sbrkr.o)
                0x000888c8                _sbrk_r
 .text          0x00088938      0x14c /opt/altera/13.0sp1/nios2eds/bin/gnu/H-i686-pc-linux-gnu/bin/../lib/gcc/nios2-elf/4.1.2/../../../../nios2-elf/lib/mno-hw-mul/libc.a(lib_a-stdio.o)
                0x00088938                __sclose
                0x00088940                __sseek
                0x000889a8                __swrite
                0x00088a24                __sread
 .text          0x00088a84       0xbc /opt/altera/13.0sp1/nios2eds/bin/gnu/H-i686-pc-linux-gnu/bin/../lib/gcc/nios2-elf/4.1.2/../../../../nios2-elf/lib/mno-hw-mul/libc.a(lib_a-strcmp.o)
                0x00088a84                strcmp
 .text          0x00088b40      0x14c /opt/altera/13.0sp1/nios2eds/bin/gnu/H-i686-pc-linux-gnu/bin/../lib/gcc/nios2-elf/4.1.2/../../../../nios2-elf/lib/mno-hw-mul/libc.a(lib_a-wbuf.o)
                0x00088b40                __swbuf_r
                0x00088c70                __swbuf
 .text          0x00088c8c       0x78 /opt/altera/13.0sp1/nios2eds/bin/gnu/H-i686-pc-linux-gnu/bin/../lib/gcc/nios2-elf/4.1.2/../../../../nios2-elf/lib/mno-hw-mul/libc.a(lib_a-writer.o)
                0x00088c8c                _write_r
 .text          0x00088d04       0xc8 /opt/altera/13.0sp1/nios2eds/bin/gnu/H-i686-pc-linux-gnu/bin/../lib/gcc/nios2-elf/4.1.2/../../../../nios2-elf/lib/mno-hw-mul/libc.a(lib_a-callocr.o)
                0x00088d04                _calloc_r
 .text          0x00088dcc       0x70 /opt/altera/13.0sp1/nios2eds/bin/gnu/H-i686-pc-linux-gnu/bin/../lib/gcc/nios2-elf/4.1.2/../../../../nios2-elf/lib/mno-hw-mul/libc.a(lib_a-closer.o)
                0x00088dcc                _close_r
 .text          0x00088e3c      0x124 /opt/altera/13.0sp1/nios2eds/bin/gnu/H-i686-pc-linux-gnu/bin/../lib/gcc/nios2-elf/4.1.2/../../../../nios2-elf/lib/mno-hw-mul/libc.a(lib_a-fclose.o)
                0x00088e3c                _fclose_r
                0x00088f4c                fclose
 .text          0x00088f60       0x74 /opt/altera/13.0sp1/nios2eds/bin/gnu/H-i686-pc-linux-gnu/bin/../lib/gcc/nios2-elf/4.1.2/../../../../nios2-elf/lib/mno-hw-mul/libc.a(lib_a-fstatr.o)
                0x00088f60                _fstat_r
 .text          0x00088fd4        0x0 /opt/altera/13.0sp1/nios2eds/bin/gnu/H-i686-pc-linux-gnu/bin/../lib/gcc/nios2-elf/4.1.2/../../../../nios2-elf/lib/mno-hw-mul/libc.a(lib_a-int_errno.o)
 .text          0x00088fd4       0x70 /opt/altera/13.0sp1/nios2eds/bin/gnu/H-i686-pc-linux-gnu/bin/../lib/gcc/nios2-elf/4.1.2/../../../../nios2-elf/lib/mno-hw-mul/libc.a(lib_a-isattyr.o)
                0x00088fd4                _isatty_r
 .text          0x00089044       0x78 /opt/altera/13.0sp1/nios2eds/bin/gnu/H-i686-pc-linux-gnu/bin/../lib/gcc/nios2-elf/4.1.2/../../../../nios2-elf/lib/mno-hw-mul/libc.a(lib_a-lseekr.o)
                0x00089044                _lseek_r
 .text          0x000890bc       0x78 /opt/altera/13.0sp1/nios2eds/bin/gnu/H-i686-pc-linux-gnu/bin/../lib/gcc/nios2-elf/4.1.2/../../../../nios2-elf/lib/mno-hw-mul/libc.a(lib_a-readr.o)
                0x000890bc                _read_r
 .text          0x00089134      0x66c /opt/altera/13.0sp1/nios2eds/bin/gnu/H-i686-pc-linux-gnu/bin/../lib/gcc/nios2-elf/4.1.2/mno-hw-mul/libgcc.a(_udivdi3.o)
                0x00089134                __udivdi3
 .text          0x000897a0      0x660 /opt/altera/13.0sp1/nios2eds/bin/gnu/H-i686-pc-linux-gnu/bin/../lib/gcc/nios2-elf/4.1.2/mno-hw-mul/libgcc.a(_umoddi3.o)
                0x000897a0                __umoddi3
 .text          0x00089e00      0x504 /opt/altera/13.0sp1/nios2eds/bin/gnu/H-i686-pc-linux-gnu/bin/../lib/gcc/nios2-elf/4.1.2/mno-hw-mul/libgcc.a(_addsub_df.o)
                0x0008a210                __subdf3
                0x0008a290                __adddf3
 .text          0x0008a304      0x3c4 /opt/altera/13.0sp1/nios2eds/bin/gnu/H-i686-pc-linux-gnu/bin/../lib/gcc/nios2-elf/4.1.2/mno-hw-mul/libgcc.a(_mul_df.o)
                0x0008a304                __muldf3
 .text          0x0008a6c8       0x88 /opt/altera/13.0sp1/nios2eds/bin/gnu/H-i686-pc-linux-gnu/bin/../lib/gcc/nios2-elf/4.1.2/mno-hw-mul/libgcc.a(_eq_df.o)
                0x0008a6c8                __eqdf2
 .text          0x0008a750       0x88 /opt/altera/13.0sp1/nios2eds/bin/gnu/H-i686-pc-linux-gnu/bin/../lib/gcc/nios2-elf/4.1.2/mno-hw-mul/libgcc.a(_ne_df.o)
                0x0008a750                __nedf2
 .text          0x0008a7d8       0x88 /opt/altera/13.0sp1/nios2eds/bin/gnu/H-i686-pc-linux-gnu/bin/../lib/gcc/nios2-elf/4.1.2/mno-hw-mul/libgcc.a(_gt_df.o)
                0x0008a7d8                __gtdf2
 .text          0x0008a860       0x88 /opt/altera/13.0sp1/nios2eds/bin/gnu/H-i686-pc-linux-gnu/bin/../lib/gcc/nios2-elf/4.1.2/mno-hw-mul/libgcc.a(_ge_df.o)
                0x0008a860                __gedf2
 .text          0x0008a8e8       0x88 /opt/altera/13.0sp1/nios2eds/bin/gnu/H-i686-pc-linux-gnu/bin/../lib/gcc/nios2-elf/4.1.2/mno-hw-mul/libgcc.a(_lt_df.o)
                0x0008a8e8                __ltdf2
 .text          0x0008a970       0xf8 /opt/altera/13.0sp1/nios2eds/bin/gnu/H-i686-pc-linux-gnu/bin/../lib/gcc/nios2-elf/4.1.2/mno-hw-mul/libgcc.a(_si_to_df.o)
                0x0008a970                __floatsidf
 .text          0x0008aa68       0xd8 /opt/altera/13.0sp1/nios2eds/bin/gnu/H-i686-pc-linux-gnu/bin/../lib/gcc/nios2-elf/4.1.2/mno-hw-mul/libgcc.a(_df_to_si.o)
                0x0008aa68                __fixdfsi
 .text          0x0008ab40      0x124 /opt/altera/13.0sp1/nios2eds/bin/gnu/H-i686-pc-linux-gnu/bin/../lib/gcc/nios2-elf/4.1.2/mno-hw-mul/libgcc.a(_muldi3.o)
                0x0008ab40                __muldi3
 .text          0x0008ac64       0xc8 /opt/altera/13.0sp1/nios2eds/bin/gnu/H-i686-pc-linux-gnu/bin/../lib/gcc/nios2-elf/4.1.2/mno-hw-mul/libgcc.a(_fpcmp_parts_df.o)
                0x0008ac64                __fpcmp_parts_d
 .text          0x0008ad2c       0xbc ../../bsp/single-rtos_bsp//libucosii_bsp.a(alt_close.o)
                0x0008ad4c                close
 .text          0x0008ade8        0x8 ../../bsp/single-rtos_bsp//libucosii_bsp.a(alt_dev.o)
 .text          0x0008adf0        0x0 ../../bsp/single-rtos_bsp//libucosii_bsp.a(alt_errno.o)
 .text          0x0008adf0       0x9c ../../bsp/single-rtos_bsp//libucosii_bsp.a(alt_fstat.o)
                0x0008adf0                fstat
 .text          0x0008ae8c       0x94 ../../bsp/single-rtos_bsp//libucosii_bsp.a(alt_isatty.o)
                0x0008ae8c                isatty
 .text          0x0008af20       0x8c ../../bsp/single-rtos_bsp//libucosii_bsp.a(alt_load.o)
                0x0008af40                alt_load
 .text          0x0008afac       0xb8 ../../bsp/single-rtos_bsp//libucosii_bsp.a(alt_lseek.o)
                0x0008afac                lseek
 .text          0x0008b064       0xa8 ../../bsp/single-rtos_bsp//libucosii_bsp.a(alt_main.o)
                0x0008b064                alt_main
 .text          0x0008b10c       0xd8 ../../bsp/single-rtos_bsp//libucosii_bsp.a(alt_read.o)
                0x0008b12c                read
 .text          0x0008b1e4       0x5c ../../bsp/single-rtos_bsp//libucosii_bsp.a(alt_release_fd.o)
                0x0008b1e4                alt_release_fd
 .text          0x0008b240       0x50 ../../bsp/single-rtos_bsp//libucosii_bsp.a(alt_sbrk.o)
                0x0008b240                sbrk
 .text          0x0008b290       0xd4 ../../bsp/single-rtos_bsp//libucosii_bsp.a(alt_write.o)
                0x0008b2b0                write
 .text          0x0008b364       0xa8 ../../bsp/single-rtos_bsp//libucosii_bsp.a(alt_env_lock.o)
                0x0008b364                __env_unlock
                0x0008b38c                __env_lock
 .text          0x0008b40c      0x110 ../../bsp/single-rtos_bsp//libucosii_bsp.a(alt_malloc_lock.o)
                0x0008b40c                __malloc_unlock
                0x0008b468                __malloc_lock
 .text          0x0008b51c     0x1118 ../../bsp/single-rtos_bsp//libucosii_bsp.a(os_core.o)
                0x0008b51c                OSVersion
                0x0008b524                OS_Dummy
                0x0008b528                OS_EventTaskWait
                0x0008b5ac                OS_EventTaskWaitMulti
                0x0008b64c                OS_EventTaskRemove
                0x0008b698                OS_EventTaskRemoveMulti
                0x0008b6f4                OS_EventTaskRdy
                0x0008b7e8                OS_EventWaitListInit
                0x0008b804                OS_MemClr
                0x0008b820                OS_MemCopy
                0x0008b844                OS_StrCopy
                0x0008b870                OS_StrLen
                0x0008b890                OS_TaskStatStkChk
                0x0008b914                OS_Sched
                0x0008b9cc                OSStart
                0x0008ba38                OSInit
                0x0008bc18                OSEventNameGet
                0x0008bcd0                OSEventPendMulti
                0x0008c028                OSIntEnter
                0x0008c064                OSSchedLock
                0x0008c0a8                OSSchedUnlock
                0x0008c0fc                OSStatInit
                0x0008c160                OSTimeTick
                0x0008c26c                OS_TaskIdle
                0x0008c29c                OS_TaskStat
                0x0008c320                OS_TCBInit
                0x0008c4a4                OSIntExit
                0x0008c578                OSEventNameSet
 .text          0x0008c634        0x4 ../../bsp/single-rtos_bsp//libucosii_bsp.a(os_dbg.o)
                0x0008c634                OSDebugInit
 .text          0x0008c638      0xc5c ../../bsp/single-rtos_bsp//libucosii_bsp.a(os_flag.o)
                0x0008c6f0                OS_FlagUnlink
                0x0008c7bc                OS_FlagInit
                0x0008c82c                OSFlagQuery
                0x0008c888                OSFlagAccept
                0x0008c9f8                OSFlagCreate
                0x0008ca80                OSFlagDel
                0x0008cbe0                OSFlagNameGet
                0x0008cca0                OSFlagNameSet
                0x0008cd74                OSFlagPend
                0x0008d074                OSFlagPendGetFlagsRdy
                0x0008d0a0                OSFlagPost
 .text          0x0008d294      0x3b8 ../../bsp/single-rtos_bsp//libucosii_bsp.a(os_mem.o)
                0x0008d294                OS_MemInit
                0x0008d2fc                OSMemQuery
                0x0008d360                OSMemCreate
                0x0008d430                OSMemGet
                0x0008d49c                OSMemNameGet
                0x0008d538                OSMemNameSet
                0x0008d5f4                OSMemPut
 .text          0x0008d64c      0x9c4 ../../bsp/single-rtos_bsp//libucosii_bsp.a(os_q.o)
                0x0008d64c                OS_QInit
                0x0008d69c                OSQQuery
                0x0008d734                OSQAccept
                0x0008d7d0                OSQCreate
                0x0008d8d0                OSQDel
                0x0008da54                OSQFlush
                0x0008daa4                OSQPend
                0x0008dc64                OSQPendAbort
                0x0008dd4c                OSQPost
                0x0008de08                OSQPostFront
                0x0008decc                OSQPostOpt
 .text          0x0008e010      0x5e0 ../../bsp/single-rtos_bsp//libucosii_bsp.a(os_sem.o)
                0x0008e010                OSSemSet
                0x0008e074                OSSemAccept
                0x0008e0b8                OSSemCreate
                0x0008e144                OSSemDel
                0x0008e298                OSSemPend
                0x0008e400                OSSemPendAbort
                0x0008e4ec                OSSemPost
                0x0008e588                OSSemQuery
 .text          0x0008e5f0      0xe74 ../../bsp/single-rtos_bsp//libucosii_bsp.a(os_task.o)
                0x0008e5f0                OS_TaskStkClr
                0x0008e620                OSTaskQuery
                0x0008e6e8                OSTaskChangePrio
                0x0008e984                OSTaskCreate
                0x0008ea90                OSTaskCreateExt
                0x0008ec08                OSTaskDel
                0x0008ee54                OSTaskDelReq
                0x0008ef08                OSTaskNameGet
                0x0008f010                OSTaskNameSet
                0x0008f12c                OSTaskResume
                0x0008f230                OSTaskStkChk
                0x0008f320                OSTaskSuspend
 .text          0x0008f464      0x378 ../../bsp/single-rtos_bsp//libucosii_bsp.a(os_time.o)
                0x0008f464                OSTimeSet
                0x0008f488                OSTimeDly
                0x0008f520                OSTimeDlyHMSM
                0x0008f6c0                OSTimeDlyResume
                0x0008f7b8                OSTimeGet
 .text          0x0008f7dc      0xb94 ../../bsp/single-rtos_bsp//libucosii_bsp.a(os_tmr.o)
                0x0008f948                OSTmr_Init
                0x0008fba4                OSTmrStop
                0x0008fd00                OSTmrStart
                0x0008fe04                OSTmrStateGet
                0x0008feac                OSTmrRemainGet
                0x0008ffc4                OSTmrDel
                0x000900c0                OSTmrSignal
                0x000900e8                OSTmrNameGet
                0x000901d4                OSTmrCreate
 .text          0x00090370      0x168 ../../bsp/single-rtos_bsp//libucosii_bsp.a(alt_sys_init.o)
                0x000903f8                alt_sys_init
                0x000904b8                alt_irq_init
 .text          0x000904d8       0x3c ../../bsp/single-rtos_bsp//libucosii_bsp.a(altera_avalon_jtag_uart_fd.o)
                0x000904d8                altera_avalon_jtag_uart_ioctl_fd
                0x000904e4                altera_avalon_jtag_uart_close_fd
                0x000904f4                altera_avalon_jtag_uart_write_fd
                0x00090504                altera_avalon_jtag_uart_read_fd
 .text          0x00090514      0x2e0 ../../bsp/single-rtos_bsp//libucosii_bsp.a(altera_avalon_jtag_uart_init.o)
                0x00090514                altera_avalon_jtag_uart_close
                0x000905d4                altera_avalon_jtag_uart_init
 .text          0x000907f4       0x7c ../../bsp/single-rtos_bsp//libucosii_bsp.a(altera_avalon_jtag_uart_ioctl.o)
                0x000907f4                altera_avalon_jtag_uart_ioctl
 .text          0x00090870      0x1ac ../../bsp/single-rtos_bsp//libucosii_bsp.a(altera_avalon_jtag_uart_read.o)
                0x00090870                altera_avalon_jtag_uart_read
 .text          0x00090a1c      0x1b8 ../../bsp/single-rtos_bsp//libucosii_bsp.a(altera_avalon_jtag_uart_write.o)
                0x00090a1c                altera_avalon_jtag_uart_write
 .text          0x00090bd4      0x188 ../../bsp/single-rtos_bsp//libucosii_bsp.a(altera_avalon_mutex.o)
                0x00090bd4                altera_avalon_mutex_close
                0x00090bd8                altera_avalon_mutex_first_lock
                0x00090be8                altera_avalon_mutex_is_mine
                0x00090c38                altera_avalon_mutex_unlock
                0x00090c5c                altera_avalon_mutex_trylock
                0x00090cb8                altera_avalon_mutex_open
                0x00090d10                altera_avalon_mutex_lock
 .text          0x00090d5c       0x6c ../../bsp/single-rtos_bsp//libucosii_bsp.a(altera_avalon_timer_sc.o)
                0x00090d5c                alt_avalon_timer_sc_init
 .text          0x00090dc8       0x90 ../../bsp/single-rtos_bsp//libucosii_bsp.a(alt_alarm_start.o)
                0x00090dc8                alt_alarm_start
 .text          0x00090e58        0x4 ../../bsp/single-rtos_bsp//libucosii_bsp.a(alt_dcache_flush_all.o)
                0x00090e58                alt_dcache_flush_all
 .text          0x00090e5c       0x70 ../../bsp/single-rtos_bsp//libucosii_bsp.a(alt_dev_llist_insert.o)
                0x00090e5c                alt_dev_llist_insert
 .text          0x00090ecc       0x40 ../../bsp/single-rtos_bsp//libucosii_bsp.a(alt_do_ctors.o)
                0x00090ecc                _do_ctors
 .text          0x00090f0c       0x40 ../../bsp/single-rtos_bsp//libucosii_bsp.a(alt_do_dtors.o)
                0x00090f0c                _do_dtors
 .text          0x00090f4c       0x70 ../../bsp/single-rtos_bsp//libucosii_bsp.a(alt_find_dev.o)
                0x00090f4c                alt_find_dev
 .text          0x00090fbc        0x4 ../../bsp/single-rtos_bsp//libucosii_bsp.a(alt_icache_flush_all.o)
                0x00090fbc                alt_icache_flush_all
 .text          0x00090fc0      0x114 ../../bsp/single-rtos_bsp//libucosii_bsp.a(alt_io_redirect.o)
                0x00091048                alt_io_redirect
 .text          0x000910d4       0xa0 ../../bsp/single-rtos_bsp//libucosii_bsp.a(alt_irq_register.o)
                0x000910d4                alt_irq_register
 .text          0x00091174        0x0 ../../bsp/single-rtos_bsp//libucosii_bsp.a(alt_irq_vars.o)
 .text          0x00091174      0x17c ../../bsp/single-rtos_bsp//libucosii_bsp.a(alt_open.o)
                0x00091174                open
 .text          0x000912f0       0xe0 ../../bsp/single-rtos_bsp//libucosii_bsp.a(alt_tick.o)
                0x000912f0                alt_alarm_stop
                0x00091324                alt_tick
 .text          0x000913d0        0x8 ../../bsp/single-rtos_bsp//libucosii_bsp.a(altera_nios2_qsys_irq.o)
                0x000913d0                altera_nios2_qsys_irq_init
 .text          0x000913d8       0xd0 ../../bsp/single-rtos_bsp//libucosii_bsp.a(os_cpu_a.o)
                0x000913d8                OSCtxSw
                0x000913d8                OSIntCtxSw
                0x00091464                OSStartHighRdy
                0x00091484                OSStartTsk
 .text          0x000914a8      0x228 ../../bsp/single-rtos_bsp//libucosii_bsp.a(os_cpu_c.o)
                0x000914a8                OSTaskCreateHook
                0x000914ac                OSTaskDelHook
                0x000914b0                OSTaskSwHook
                0x000914b4                OSTaskStatHook
                0x000914b8                OSInitHookBegin
                0x000914c0                OSInitHookEnd
                0x000914c4                OSTaskIdleHook
                0x000914c8                OSTCBInitHook
                0x000914cc                OSTimeTickHook
                0x00091524                OSTaskStkInit
 .text          0x000916d0       0x9c ../../bsp/single-rtos_bsp//libucosii_bsp.a(alt_find_file.o)
                0x000916d0                alt_find_file
 .text          0x0009176c       0xa4 ../../bsp/single-rtos_bsp//libucosii_bsp.a(alt_get_fd.o)
                0x0009176c                alt_get_fd
 .text          0x00091810        0x0 ../../bsp/single-rtos_bsp//libucosii_bsp.a(alt_irq_entry.o)
 .text          0x00091810        0x0 ../../bsp/single-rtos_bsp//libucosii_bsp.a(alt_irq_handler.o)
 .text          0x00091810        0x0 ../../bsp/single-rtos_bsp//libucosii_bsp.a(alt_exception_entry.o)
 .text          0x00091810       0x14 /opt/altera/13.0sp1/nios2eds/bin/gnu/H-i686-pc-linux-gnu/bin/../lib/gcc/nios2-elf/4.1.2/../../../../nios2-elf/lib/mno-hw-mul/libc.a(lib_a-atexit.o)
                0x00091810                atexit
 .text          0x00091824       0x38 /opt/altera/13.0sp1/nios2eds/bin/gnu/H-i686-pc-linux-gnu/bin/../lib/gcc/nios2-elf/4.1.2/../../../../nios2-elf/lib/mno-hw-mul/libc.a(lib_a-exit.o)
                0x00091824                exit
 .text          0x0009185c       0x74 /opt/altera/13.0sp1/nios2eds/bin/gnu/H-i686-pc-linux-gnu/bin/../lib/gcc/nios2-elf/4.1.2/../../../../nios2-elf/lib/mno-hw-mul/libc.a(lib_a-memcmp.o)
                0x0009185c                memcmp
 .text          0x000918d0      0x134 /opt/altera/13.0sp1/nios2eds/bin/gnu/H-i686-pc-linux-gnu/bin/../lib/gcc/nios2-elf/4.1.2/../../../../nios2-elf/lib/mno-hw-mul/libc.a(lib_a-__atexit.o)
                0x000918d0                __register_exitproc
 .text          0x00091a04      0x1b4 /opt/altera/13.0sp1/nios2eds/bin/gnu/H-i686-pc-linux-gnu/bin/../lib/gcc/nios2-elf/4.1.2/../../../../nios2-elf/lib/mno-hw-mul/libc.a(lib_a-__call_atexit.o)
                0x00091a08                __call_exitprocs
 .text          0x00091bb8       0xa4 /opt/altera/13.0sp1/nios2eds/bin/gnu/H-i686-pc-linux-gnu/bin/../lib/gcc/nios2-elf/4.1.2/mno-hw-mul/libgcc.a(_fixunsdfsi.o)
                0x00091bb8                __fixunsdfsi
 .text          0x00091c5c       0x20 ../../bsp/single-rtos_bsp//libucosii_bsp.a(alt_exit.o)
                0x00091c5c                _exit
 *(.gnu.warning.*)
 *(.fini)
                0x00091c7c                PROVIDE (__etext, ABSOLUTE (.))
                0x00091c7c                PROVIDE (_etext, ABSOLUTE (.))
                0x00091c7c                PROVIDE (etext, ABSOLUTE (.))
 *(.eh_frame_hdr)
                0x00091c7c                . = ALIGN (0x4)
                0x00091c7c                PROVIDE (__preinit_array_start, ABSOLUTE (.))
 *(.preinit_array)
                0x00091c7c                PROVIDE (__preinit_array_end, ABSOLUTE (.))
                0x00091c7c                PROVIDE (__init_array_start, ABSOLUTE (.))
 *(.init_array)
                0x00091c7c                PROVIDE (__init_array_end, ABSOLUTE (.))
                0x00091c7c                PROVIDE (__fini_array_start, ABSOLUTE (.))
 *(.fini_array)
                0x00091c7c                PROVIDE (__fini_array_end, ABSOLUTE (.))
 *(.eh_frame)
 *(.gcc_except_table)
 *(.dynamic)
                0x00091c7c                PROVIDE (__CTOR_LIST__, ABSOLUTE (.))
 *(.ctors)
 *(SORT(.ctors.*))
 .ctors.65535   0x00091c7c        0x4 /opt/altera/13.0sp1/nios2eds/bin/gnu/H-i686-pc-linux-gnu/bin/../lib/gcc/nios2-elf/4.1.2/../../../../nios2-elf/lib/mno-hw-mul/libc.a(lib_a-__call_atexit.o)
                0x00091c80                PROVIDE (__CTOR_END__, ABSOLUTE (.))
                0x00091c80                PROVIDE (__DTOR_LIST__, ABSOLUTE (.))
 *(.dtors)
 *(SORT(.dtors.*))
                0x00091c80                PROVIDE (__DTOR_END__, ABSOLUTE (.))
 *(.jcr)
                0x00091c80                . = ALIGN (0x4)

.rodata         0x00091c80      0x674
                0x00091c80                PROVIDE (__ram_rodata_start, ABSOLUTE (.))
                0x00091c80                . = ALIGN (0x4)
 *(.rodata .rodata.* .gnu.linkonce.r.*)
 .rodata.str1.4
                0x00091c80      0x108 obj/default/src_0/cpu_0.o
 .rodata        0x00091d88       0x64 obj/default/src_0/cpu_0.o
                0x00091d88                xPATTERN
 .rodata        0x00091dec       0x14 /opt/altera/13.0sp1/nios2eds/bin/gnu/H-i686-pc-linux-gnu/bin/../lib/gcc/nios2-elf/4.1.2/mno-hw-mul/libgcc.a(_thenan_df.o)
                0x00091dec                __thenan_df
 .rodata        0x00091e00      0x100 /opt/altera/13.0sp1/nios2eds/bin/gnu/H-i686-pc-linux-gnu/bin/../lib/gcc/nios2-elf/4.1.2/mno-hw-mul/libgcc.a(_clz.o)
                0x00091e00                __clz_tab
 .rodata.str1.4
                0x00091f00        0x2 /opt/altera/13.0sp1/nios2eds/bin/gnu/H-i686-pc-linux-gnu/bin/../lib/gcc/nios2-elf/4.1.2/../../../../nios2-elf/lib/mno-hw-mul/libc.a(lib_a-puts.o)
                                  0x4 (size before relaxing)
 *fill*         0x00091f02        0x2 00
 .rodata.str1.4
                0x00091f04       0x5e /opt/altera/13.0sp1/nios2eds/bin/gnu/H-i686-pc-linux-gnu/bin/../lib/gcc/nios2-elf/4.1.2/../../../../nios2-elf/lib/mno-hw-mul/libc.a(lib_a-vfprintf.o)
                                 0x60 (size before relaxing)
 .rodata        0x00091f62       0x20 /opt/altera/13.0sp1/nios2eds/bin/gnu/H-i686-pc-linux-gnu/bin/../lib/gcc/nios2-elf/4.1.2/../../../../nios2-elf/lib/mno-hw-mul/libc.a(lib_a-vfprintf.o)
 *fill*         0x00091f82        0x2 00
 .rodata.str1.4
                0x00091f84       0x10 /opt/altera/13.0sp1/nios2eds/bin/gnu/H-i686-pc-linux-gnu/bin/../lib/gcc/nios2-elf/4.1.2/../../../../nios2-elf/lib/mno-hw-mul/libc.a(lib_a-dtoa.o)
                                 0x14 (size before relaxing)
 .rodata.str1.4
                0x00091f94        0x2 /opt/altera/13.0sp1/nios2eds/bin/gnu/H-i686-pc-linux-gnu/bin/../lib/gcc/nios2-elf/4.1.2/../../../../nios2-elf/lib/mno-hw-mul/libc.a(lib_a-impure.o)
                                  0x4 (size before relaxing)
 *fill*         0x00091f96        0x2 00
 .rodata.str1.4
                0x00091f98        0xf /opt/altera/13.0sp1/nios2eds/bin/gnu/H-i686-pc-linux-gnu/bin/../lib/gcc/nios2-elf/4.1.2/../../../../nios2-elf/lib/mno-hw-mul/libc.a(lib_a-locale.o)
                                 0x18 (size before relaxing)
 *fill*         0x00091fa7        0x1 00
 .rodata        0x00091fa8       0x30 /opt/altera/13.0sp1/nios2eds/bin/gnu/H-i686-pc-linux-gnu/bin/../lib/gcc/nios2-elf/4.1.2/../../../../nios2-elf/lib/mno-hw-mul/libc.a(lib_a-locale.o)
 .rodata        0x00091fd8      0x124 /opt/altera/13.0sp1/nios2eds/bin/gnu/H-i686-pc-linux-gnu/bin/../lib/gcc/nios2-elf/4.1.2/../../../../nios2-elf/lib/mno-hw-mul/libc.a(lib_a-mprec.o)
                0x00091fd8                __mprec_tens
                0x000920a0                __mprec_bigtens
                0x000920c8                __mprec_tinytens
 .rodata.str1.4
                0x000920fc        0xa ../../bsp/single-rtos_bsp//libucosii_bsp.a(alt_dev.o)
                                  0xc (size before relaxing)
 *fill*         0x00092106        0x2 00
 .rodata.str1.4
                0x00092108       0x11 ../../bsp/single-rtos_bsp//libucosii_bsp.a(alt_main.o)
                                 0x14 (size before relaxing)
 *fill*         0x00092119        0x3 00
 .rodata.str1.4
                0x0009211c       0x1e ../../bsp/single-rtos_bsp//libucosii_bsp.a(os_core.o)
                                 0x20 (size before relaxing)
 .rodata        0x0009213a      0x100 ../../bsp/single-rtos_bsp//libucosii_bsp.a(os_core.o)
                0x0009213a                OSUnMapTbl
 *fill*         0x0009223a        0x2 00
 .rodata.str1.4
                0x0009223c       0x35 ../../bsp/single-rtos_bsp//libucosii_bsp.a(os_tmr.o)
                                 0x38 (size before relaxing)
 *fill*         0x00092271        0x3 00
 .rodata.str1.4
                0x00092274       0x80 ../../bsp/single-rtos_bsp//libucosii_bsp.a(alt_sys_init.o)
                                 0x94 (size before relaxing)
 .rodata.str1.4
                0x00000000        0x4 ../../bsp/single-rtos_bsp//libucosii_bsp.a(os_cpu_c.o)
 *(.rodata1)
                0x000922f4                . = ALIGN (0x4)
                0x000922f4                PROVIDE (__ram_rodata_end, ABSOLUTE (.))
                0x00091c80                PROVIDE (__flash_rodata_start, LOADADDR (.rodata))

.rwdata         0x000922f4     0xdc18 load address 0x0009ff0c
                0x000922f4                PROVIDE (__ram_rwdata_start, ABSOLUTE (.))
                0x000922f4                . = ALIGN (0x4)
 *(.got.plt)
 *(.got)
 *(.data1)
 *(.data .data.* .gnu.linkonce.d.*)
 .data          0x000922f4        0x0 ../../bsp/single-rtos_bsp//obj/HAL/src/crt0.o
 .data          0x000922f4     0xc02c obj/default/src_0/cpu_0.o
                0x000922f4                asciiChars
                0x00092304                test_ppm_1
                0x00095307                test_ppm_2
                0x0009830a                test_ppm_3
                0x0009b30d                test_ppm_4
                0x0009e310                image_sequence
 .data          0x0009e320        0x0 /opt/altera/13.0sp1/nios2eds/bin/gnu/H-i686-pc-linux-gnu/bin/../lib/gcc/nios2-elf/4.1.2/mno-hw-mul/libgcc.a(_div_df.o)
 .data          0x0009e320        0x0 /opt/altera/13.0sp1/nios2eds/bin/gnu/H-i686-pc-linux-gnu/bin/../lib/gcc/nios2-elf/4.1.2/mno-hw-mul/libgcc.a(_thenan_df.o)
 .data          0x0009e320        0x0 /opt/altera/13.0sp1/nios2eds/bin/gnu/H-i686-pc-linux-gnu/bin/../lib/gcc/nios2-elf/4.1.2/mno-hw-mul/libgcc.a(_usi_to_df.o)
 .data          0x0009e320        0x0 /opt/altera/13.0sp1/nios2eds/bin/gnu/H-i686-pc-linux-gnu/bin/../lib/gcc/nios2-elf/4.1.2/mno-hw-mul/libgcc.a(lib2-divmod.o)
 .data          0x0009e320        0x0 /opt/altera/13.0sp1/nios2eds/bin/gnu/H-i686-pc-linux-gnu/bin/../lib/gcc/nios2-elf/4.1.2/mno-hw-mul/libgcc.a(lib2-mul.o)
 .data          0x0009e320        0x0 /opt/altera/13.0sp1/nios2eds/bin/gnu/H-i686-pc-linux-gnu/bin/../lib/gcc/nios2-elf/4.1.2/mno-hw-mul/libgcc.a(_clzsi2.o)
 .data          0x0009e320        0x0 /opt/altera/13.0sp1/nios2eds/bin/gnu/H-i686-pc-linux-gnu/bin/../lib/gcc/nios2-elf/4.1.2/mno-hw-mul/libgcc.a(_pack_df.o)
 .data          0x0009e320        0x0 /opt/altera/13.0sp1/nios2eds/bin/gnu/H-i686-pc-linux-gnu/bin/../lib/gcc/nios2-elf/4.1.2/mno-hw-mul/libgcc.a(_unpack_df.o)
 .data          0x0009e320        0x0 /opt/altera/13.0sp1/nios2eds/bin/gnu/H-i686-pc-linux-gnu/bin/../lib/gcc/nios2-elf/4.1.2/mno-hw-mul/libgcc.a(_clz.o)
 .data          0x0009e320        0x0 /opt/altera/13.0sp1/nios2eds/bin/gnu/H-i686-pc-linux-gnu/bin/../lib/gcc/nios2-elf/4.1.2/../../../../nios2-elf/lib/mno-hw-mul/libc.a(lib_a-printf.o)
 .data          0x0009e320        0x0 /opt/altera/13.0sp1/nios2eds/bin/gnu/H-i686-pc-linux-gnu/bin/../lib/gcc/nios2-elf/4.1.2/../../../../nios2-elf/lib/mno-hw-mul/libc.a(lib_a-putchar.o)
 .data          0x0009e320        0x0 /opt/altera/13.0sp1/nios2eds/bin/gnu/H-i686-pc-linux-gnu/bin/../lib/gcc/nios2-elf/4.1.2/../../../../nios2-elf/lib/mno-hw-mul/libc.a(lib_a-puts.o)
 .data          0x0009e320        0x0 /opt/altera/13.0sp1/nios2eds/bin/gnu/H-i686-pc-linux-gnu/bin/../lib/gcc/nios2-elf/4.1.2/../../../../nios2-elf/lib/mno-hw-mul/libc.a(lib_a-strlen.o)
 .data          0x0009e320        0x0 /opt/altera/13.0sp1/nios2eds/bin/gnu/H-i686-pc-linux-gnu/bin/../lib/gcc/nios2-elf/4.1.2/../../../../nios2-elf/lib/mno-hw-mul/libc.a(lib_a-vfprintf.o)
 .data          0x0009e320        0x0 /opt/altera/13.0sp1/nios2eds/bin/gnu/H-i686-pc-linux-gnu/bin/../lib/gcc/nios2-elf/4.1.2/../../../../nios2-elf/lib/mno-hw-mul/libc.a(lib_a-wsetup.o)
 .data          0x0009e320        0x0 /opt/altera/13.0sp1/nios2eds/bin/gnu/H-i686-pc-linux-gnu/bin/../lib/gcc/nios2-elf/4.1.2/../../../../nios2-elf/lib/mno-hw-mul/libc.a(lib_a-dtoa.o)
 .data          0x0009e320        0x0 /opt/altera/13.0sp1/nios2eds/bin/gnu/H-i686-pc-linux-gnu/bin/../lib/gcc/nios2-elf/4.1.2/../../../../nios2-elf/lib/mno-hw-mul/libc.a(lib_a-fflush.o)
 .data          0x0009e320        0x0 /opt/altera/13.0sp1/nios2eds/bin/gnu/H-i686-pc-linux-gnu/bin/../lib/gcc/nios2-elf/4.1.2/../../../../nios2-elf/lib/mno-hw-mul/libc.a(lib_a-findfp.o)
 .data          0x0009e320        0x0 /opt/altera/13.0sp1/nios2eds/bin/gnu/H-i686-pc-linux-gnu/bin/../lib/gcc/nios2-elf/4.1.2/../../../../nios2-elf/lib/mno-hw-mul/libc.a(lib_a-freer.o)
 .data          0x0009e320        0x0 /opt/altera/13.0sp1/nios2eds/bin/gnu/H-i686-pc-linux-gnu/bin/../lib/gcc/nios2-elf/4.1.2/../../../../nios2-elf/lib/mno-hw-mul/libc.a(lib_a-fvwrite.o)
 .data          0x0009e320        0x0 /opt/altera/13.0sp1/nios2eds/bin/gnu/H-i686-pc-linux-gnu/bin/../lib/gcc/nios2-elf/4.1.2/../../../../nios2-elf/lib/mno-hw-mul/libc.a(lib_a-fwalk.o)
 .data          0x0009e320      0x400 /opt/altera/13.0sp1/nios2eds/bin/gnu/H-i686-pc-linux-gnu/bin/../lib/gcc/nios2-elf/4.1.2/../../../../nios2-elf/lib/mno-hw-mul/libc.a(lib_a-impure.o)
 .data          0x0009e720        0xc /opt/altera/13.0sp1/nios2eds/bin/gnu/H-i686-pc-linux-gnu/bin/../lib/gcc/nios2-elf/4.1.2/../../../../nios2-elf/lib/mno-hw-mul/libc.a(lib_a-locale.o)
                0x0009e720                __lc_ctype
 .data          0x0009e72c        0x0 /opt/altera/13.0sp1/nios2eds/bin/gnu/H-i686-pc-linux-gnu/bin/../lib/gcc/nios2-elf/4.1.2/../../../../nios2-elf/lib/mno-hw-mul/libc.a(lib_a-makebuf.o)
 .data          0x0009e72c      0x408 /opt/altera/13.0sp1/nios2eds/bin/gnu/H-i686-pc-linux-gnu/bin/../lib/gcc/nios2-elf/4.1.2/../../../../nios2-elf/lib/mno-hw-mul/libc.a(lib_a-mallocr.o)
                0x0009e72c                __malloc_av_
 .data          0x0009eb34        0x0 /opt/altera/13.0sp1/nios2eds/bin/gnu/H-i686-pc-linux-gnu/bin/../lib/gcc/nios2-elf/4.1.2/../../../../nios2-elf/lib/mno-hw-mul/libc.a(lib_a-memchr.o)
 .data          0x0009eb34        0x0 /opt/altera/13.0sp1/nios2eds/bin/gnu/H-i686-pc-linux-gnu/bin/../lib/gcc/nios2-elf/4.1.2/../../../../nios2-elf/lib/mno-hw-mul/libc.a(lib_a-memcpy.o)
 .data          0x0009eb34        0x0 /opt/altera/13.0sp1/nios2eds/bin/gnu/H-i686-pc-linux-gnu/bin/../lib/gcc/nios2-elf/4.1.2/../../../../nios2-elf/lib/mno-hw-mul/libc.a(lib_a-memmove.o)
 .data          0x0009eb34        0x0 /opt/altera/13.0sp1/nios2eds/bin/gnu/H-i686-pc-linux-gnu/bin/../lib/gcc/nios2-elf/4.1.2/../../../../nios2-elf/lib/mno-hw-mul/libc.a(lib_a-memset.o)
 .data          0x0009eb34        0x0 /opt/altera/13.0sp1/nios2eds/bin/gnu/H-i686-pc-linux-gnu/bin/../lib/gcc/nios2-elf/4.1.2/../../../../nios2-elf/lib/mno-hw-mul/libc.a(lib_a-mprec.o)
 .data          0x0009eb34        0x0 /opt/altera/13.0sp1/nios2eds/bin/gnu/H-i686-pc-linux-gnu/bin/../lib/gcc/nios2-elf/4.1.2/../../../../nios2-elf/lib/mno-hw-mul/libc.a(lib_a-putc.o)
 .data          0x0009eb34        0x0 /opt/altera/13.0sp1/nios2eds/bin/gnu/H-i686-pc-linux-gnu/bin/../lib/gcc/nios2-elf/4.1.2/../../../../nios2-elf/lib/mno-hw-mul/libc.a(lib_a-reallocr.o)
 .data          0x0009eb34        0x0 /opt/altera/13.0sp1/nios2eds/bin/gnu/H-i686-pc-linux-gnu/bin/../lib/gcc/nios2-elf/4.1.2/../../../../nios2-elf/lib/mno-hw-mul/libc.a(lib_a-s_isinfd.o)
 .data          0x0009eb34        0x0 /opt/altera/13.0sp1/nios2eds/bin/gnu/H-i686-pc-linux-gnu/bin/../lib/gcc/nios2-elf/4.1.2/../../../../nios2-elf/lib/mno-hw-mul/libc.a(lib_a-s_isnand.o)
 .data          0x0009eb34        0x0 /opt/altera/13.0sp1/nios2eds/bin/gnu/H-i686-pc-linux-gnu/bin/../lib/gcc/nios2-elf/4.1.2/../../../../nios2-elf/lib/mno-hw-mul/libc.a(lib_a-sbrkr.o)
 .data          0x0009eb34        0x0 /opt/altera/13.0sp1/nios2eds/bin/gnu/H-i686-pc-linux-gnu/bin/../lib/gcc/nios2-elf/4.1.2/../../../../nios2-elf/lib/mno-hw-mul/libc.a(lib_a-stdio.o)
 .data          0x0009eb34        0x0 /opt/altera/13.0sp1/nios2eds/bin/gnu/H-i686-pc-linux-gnu/bin/../lib/gcc/nios2-elf/4.1.2/../../../../nios2-elf/lib/mno-hw-mul/libc.a(lib_a-strcmp.o)
 .data          0x0009eb34        0x0 /opt/altera/13.0sp1/nios2eds/bin/gnu/H-i686-pc-linux-gnu/bin/../lib/gcc/nios2-elf/4.1.2/../../../../nios2-elf/lib/mno-hw-mul/libc.a(lib_a-wbuf.o)
 .data          0x0009eb34        0x0 /opt/altera/13.0sp1/nios2eds/bin/gnu/H-i686-pc-linux-gnu/bin/../lib/gcc/nios2-elf/4.1.2/../../../../nios2-elf/lib/mno-hw-mul/libc.a(lib_a-writer.o)
 .data          0x0009eb34        0x0 /opt/altera/13.0sp1/nios2eds/bin/gnu/H-i686-pc-linux-gnu/bin/../lib/gcc/nios2-elf/4.1.2/../../../../nios2-elf/lib/mno-hw-mul/libc.a(lib_a-callocr.o)
 .data          0x0009eb34        0x0 /opt/altera/13.0sp1/nios2eds/bin/gnu/H-i686-pc-linux-gnu/bin/../lib/gcc/nios2-elf/4.1.2/../../../../nios2-elf/lib/mno-hw-mul/libc.a(lib_a-closer.o)
 .data          0x0009eb34        0x0 /opt/altera/13.0sp1/nios2eds/bin/gnu/H-i686-pc-linux-gnu/bin/../lib/gcc/nios2-elf/4.1.2/../../../../nios2-elf/lib/mno-hw-mul/libc.a(lib_a-fclose.o)
 .data          0x0009eb34        0x0 /opt/altera/13.0sp1/nios2eds/bin/gnu/H-i686-pc-linux-gnu/bin/../lib/gcc/nios2-elf/4.1.2/../../../../nios2-elf/lib/mno-hw-mul/libc.a(lib_a-fstatr.o)
 .data          0x0009eb34        0x0 /opt/altera/13.0sp1/nios2eds/bin/gnu/H-i686-pc-linux-gnu/bin/../lib/gcc/nios2-elf/4.1.2/../../../../nios2-elf/lib/mno-hw-mul/libc.a(lib_a-int_errno.o)
 .data          0x0009eb34        0x0 /opt/altera/13.0sp1/nios2eds/bin/gnu/H-i686-pc-linux-gnu/bin/../lib/gcc/nios2-elf/4.1.2/../../../../nios2-elf/lib/mno-hw-mul/libc.a(lib_a-isattyr.o)
 .data          0x0009eb34        0x0 /opt/altera/13.0sp1/nios2eds/bin/gnu/H-i686-pc-linux-gnu/bin/../lib/gcc/nios2-elf/4.1.2/../../../../nios2-elf/lib/mno-hw-mul/libc.a(lib_a-lseekr.o)
 .data          0x0009eb34        0x0 /opt/altera/13.0sp1/nios2eds/bin/gnu/H-i686-pc-linux-gnu/bin/../lib/gcc/nios2-elf/4.1.2/../../../../nios2-elf/lib/mno-hw-mul/libc.a(lib_a-readr.o)
 .data          0x0009eb34        0x0 /opt/altera/13.0sp1/nios2eds/bin/gnu/H-i686-pc-linux-gnu/bin/../lib/gcc/nios2-elf/4.1.2/mno-hw-mul/libgcc.a(_udivdi3.o)
 .data          0x0009eb34        0x0 /opt/altera/13.0sp1/nios2eds/bin/gnu/H-i686-pc-linux-gnu/bin/../lib/gcc/nios2-elf/4.1.2/mno-hw-mul/libgcc.a(_umoddi3.o)
 .data          0x0009eb34        0x0 /opt/altera/13.0sp1/nios2eds/bin/gnu/H-i686-pc-linux-gnu/bin/../lib/gcc/nios2-elf/4.1.2/mno-hw-mul/libgcc.a(_addsub_df.o)
 .data          0x0009eb34        0x0 /opt/altera/13.0sp1/nios2eds/bin/gnu/H-i686-pc-linux-gnu/bin/../lib/gcc/nios2-elf/4.1.2/mno-hw-mul/libgcc.a(_mul_df.o)
 .data          0x0009eb34        0x0 /opt/altera/13.0sp1/nios2eds/bin/gnu/H-i686-pc-linux-gnu/bin/../lib/gcc/nios2-elf/4.1.2/mno-hw-mul/libgcc.a(_eq_df.o)
 .data          0x0009eb34        0x0 /opt/altera/13.0sp1/nios2eds/bin/gnu/H-i686-pc-linux-gnu/bin/../lib/gcc/nios2-elf/4.1.2/mno-hw-mul/libgcc.a(_ne_df.o)
 .data          0x0009eb34        0x0 /opt/altera/13.0sp1/nios2eds/bin/gnu/H-i686-pc-linux-gnu/bin/../lib/gcc/nios2-elf/4.1.2/mno-hw-mul/libgcc.a(_gt_df.o)
 .data          0x0009eb34        0x0 /opt/altera/13.0sp1/nios2eds/bin/gnu/H-i686-pc-linux-gnu/bin/../lib/gcc/nios2-elf/4.1.2/mno-hw-mul/libgcc.a(_ge_df.o)
 .data          0x0009eb34        0x0 /opt/altera/13.0sp1/nios2eds/bin/gnu/H-i686-pc-linux-gnu/bin/../lib/gcc/nios2-elf/4.1.2/mno-hw-mul/libgcc.a(_lt_df.o)
 .data          0x0009eb34        0x0 /opt/altera/13.0sp1/nios2eds/bin/gnu/H-i686-pc-linux-gnu/bin/../lib/gcc/nios2-elf/4.1.2/mno-hw-mul/libgcc.a(_si_to_df.o)
 .data          0x0009eb34        0x0 /opt/altera/13.0sp1/nios2eds/bin/gnu/H-i686-pc-linux-gnu/bin/../lib/gcc/nios2-elf/4.1.2/mno-hw-mul/libgcc.a(_df_to_si.o)
 .data          0x0009eb34        0x0 /opt/altera/13.0sp1/nios2eds/bin/gnu/H-i686-pc-linux-gnu/bin/../lib/gcc/nios2-elf/4.1.2/mno-hw-mul/libgcc.a(_muldi3.o)
 .data          0x0009eb34        0x0 /opt/altera/13.0sp1/nios2eds/bin/gnu/H-i686-pc-linux-gnu/bin/../lib/gcc/nios2-elf/4.1.2/mno-hw-mul/libgcc.a(_fpcmp_parts_df.o)
 .data          0x0009eb34        0x0 ../../bsp/single-rtos_bsp//libucosii_bsp.a(alt_close.o)
 .data          0x0009eb34      0x1a8 ../../bsp/single-rtos_bsp//libucosii_bsp.a(alt_dev.o)
                0x0009eb34                alt_dev_null
                0x0009eb5c                alt_fd_list
 .data          0x0009ecdc        0x0 ../../bsp/single-rtos_bsp//libucosii_bsp.a(alt_errno.o)
 .data          0x0009ecdc        0x0 ../../bsp/single-rtos_bsp//libucosii_bsp.a(alt_fstat.o)
 .data          0x0009ecdc        0x0 ../../bsp/single-rtos_bsp//libucosii_bsp.a(alt_isatty.o)
 .data          0x0009ecdc        0x0 ../../bsp/single-rtos_bsp//libucosii_bsp.a(alt_load.o)
 .data          0x0009ecdc        0x0 ../../bsp/single-rtos_bsp//libucosii_bsp.a(alt_lseek.o)
 .data          0x0009ecdc        0x0 ../../bsp/single-rtos_bsp//libucosii_bsp.a(alt_main.o)
 .data          0x0009ecdc        0x0 ../../bsp/single-rtos_bsp//libucosii_bsp.a(alt_read.o)
 .data          0x0009ecdc        0x0 ../../bsp/single-rtos_bsp//libucosii_bsp.a(alt_release_fd.o)
 .data          0x0009ecdc        0x0 ../../bsp/single-rtos_bsp//libucosii_bsp.a(alt_sbrk.o)
 .data          0x0009ecdc        0x0 ../../bsp/single-rtos_bsp//libucosii_bsp.a(alt_write.o)
 .data          0x0009ecdc        0x0 ../../bsp/single-rtos_bsp//libucosii_bsp.a(alt_env_lock.o)
 .data          0x0009ecdc        0x0 ../../bsp/single-rtos_bsp//libucosii_bsp.a(alt_malloc_lock.o)
 .data          0x0009ecdc        0x0 ../../bsp/single-rtos_bsp//libucosii_bsp.a(os_core.o)
 .data          0x0009ecdc        0x0 ../../bsp/single-rtos_bsp//libucosii_bsp.a(os_dbg.o)
 .data          0x0009ecdc        0x0 ../../bsp/single-rtos_bsp//libucosii_bsp.a(os_flag.o)
 .data          0x0009ecdc        0x0 ../../bsp/single-rtos_bsp//libucosii_bsp.a(os_mem.o)
 .data          0x0009ecdc        0x0 ../../bsp/single-rtos_bsp//libucosii_bsp.a(os_q.o)
 .data          0x0009ecdc        0x0 ../../bsp/single-rtos_bsp//libucosii_bsp.a(os_sem.o)
 .data          0x0009ecdc        0x0 ../../bsp/single-rtos_bsp//libucosii_bsp.a(os_task.o)
 .data          0x0009ecdc        0x0 ../../bsp/single-rtos_bsp//libucosii_bsp.a(os_time.o)
 .data          0x0009ecdc        0x0 ../../bsp/single-rtos_bsp//libucosii_bsp.a(os_tmr.o)
 .data          0x0009ecdc     0x1154 ../../bsp/single-rtos_bsp//libucosii_bsp.a(alt_sys_init.o)
 .data          0x0009fe30        0x0 ../../bsp/single-rtos_bsp//libucosii_bsp.a(altera_avalon_jtag_uart_fd.o)
 .data          0x0009fe30        0x0 ../../bsp/single-rtos_bsp//libucosii_bsp.a(altera_avalon_jtag_uart_init.o)
 .data          0x0009fe30        0x0 ../../bsp/single-rtos_bsp//libucosii_bsp.a(altera_avalon_jtag_uart_ioctl.o)
 .data          0x0009fe30        0x0 ../../bsp/single-rtos_bsp//libucosii_bsp.a(altera_avalon_jtag_uart_read.o)
 .data          0x0009fe30        0x0 ../../bsp/single-rtos_bsp//libucosii_bsp.a(altera_avalon_jtag_uart_write.o)
 .data          0x0009fe30        0x0 ../../bsp/single-rtos_bsp//libucosii_bsp.a(altera_avalon_mutex.o)
 .data          0x0009fe30        0x0 ../../bsp/single-rtos_bsp//libucosii_bsp.a(altera_avalon_timer_sc.o)
 .data          0x0009fe30        0x0 ../../bsp/single-rtos_bsp//libucosii_bsp.a(alt_alarm_start.o)
 .data          0x0009fe30        0x0 ../../bsp/single-rtos_bsp//libucosii_bsp.a(alt_dcache_flush_all.o)
 .data          0x0009fe30        0x0 ../../bsp/single-rtos_bsp//libucosii_bsp.a(alt_dev_llist_insert.o)
 .data          0x0009fe30        0x0 ../../bsp/single-rtos_bsp//libucosii_bsp.a(alt_do_ctors.o)
 .data          0x0009fe30        0x0 ../../bsp/single-rtos_bsp//libucosii_bsp.a(alt_do_dtors.o)
 .data          0x0009fe30        0x0 ../../bsp/single-rtos_bsp//libucosii_bsp.a(alt_find_dev.o)
 .data          0x0009fe30        0x0 ../../bsp/single-rtos_bsp//libucosii_bsp.a(alt_icache_flush_all.o)
 .data          0x0009fe30        0x0 ../../bsp/single-rtos_bsp//libucosii_bsp.a(alt_io_redirect.o)
 .data          0x0009fe30        0x0 ../../bsp/single-rtos_bsp//libucosii_bsp.a(alt_irq_register.o)
 .data          0x0009fe30        0x0 ../../bsp/single-rtos_bsp//libucosii_bsp.a(alt_irq_vars.o)
 .data          0x0009fe30        0x0 ../../bsp/single-rtos_bsp//libucosii_bsp.a(alt_open.o)
 .data          0x0009fe30        0x0 ../../bsp/single-rtos_bsp//libucosii_bsp.a(alt_tick.o)
 .data          0x0009fe30        0x0 ../../bsp/single-rtos_bsp//libucosii_bsp.a(altera_nios2_qsys_irq.o)
 .data          0x0009fe30        0x0 ../../bsp/single-rtos_bsp//libucosii_bsp.a(os_cpu_a.o)
 .data          0x0009fe30        0x0 ../../bsp/single-rtos_bsp//libucosii_bsp.a(os_cpu_c.o)
 .data          0x0009fe30        0x0 ../../bsp/single-rtos_bsp//libucosii_bsp.a(alt_find_file.o)
 .data          0x0009fe30        0x0 ../../bsp/single-rtos_bsp//libucosii_bsp.a(alt_get_fd.o)
 .data          0x0009fe30        0x0 ../../bsp/single-rtos_bsp//libucosii_bsp.a(alt_irq_entry.o)
 .data          0x0009fe30        0x0 ../../bsp/single-rtos_bsp//libucosii_bsp.a(alt_irq_handler.o)
 .data          0x0009fe30        0x0 ../../bsp/single-rtos_bsp//libucosii_bsp.a(alt_exception_entry.o)
 .data          0x0009fe30        0x0 /opt/altera/13.0sp1/nios2eds/bin/gnu/H-i686-pc-linux-gnu/bin/../lib/gcc/nios2-elf/4.1.2/../../../../nios2-elf/lib/mno-hw-mul/libc.a(lib_a-atexit.o)
 .data          0x0009fe30        0x0 /opt/altera/13.0sp1/nios2eds/bin/gnu/H-i686-pc-linux-gnu/bin/../lib/gcc/nios2-elf/4.1.2/../../../../nios2-elf/lib/mno-hw-mul/libc.a(lib_a-exit.o)
 .data          0x0009fe30        0x0 /opt/altera/13.0sp1/nios2eds/bin/gnu/H-i686-pc-linux-gnu/bin/../lib/gcc/nios2-elf/4.1.2/../../../../nios2-elf/lib/mno-hw-mul/libc.a(lib_a-memcmp.o)
 .data          0x0009fe30        0x0 /opt/altera/13.0sp1/nios2eds/bin/gnu/H-i686-pc-linux-gnu/bin/../lib/gcc/nios2-elf/4.1.2/../../../../nios2-elf/lib/mno-hw-mul/libc.a(lib_a-__atexit.o)
 .data          0x0009fe30        0x0 /opt/altera/13.0sp1/nios2eds/bin/gnu/H-i686-pc-linux-gnu/bin/../lib/gcc/nios2-elf/4.1.2/../../../../nios2-elf/lib/mno-hw-mul/libc.a(lib_a-__call_atexit.o)
 .data          0x0009fe30        0x0 /opt/altera/13.0sp1/nios2eds/bin/gnu/H-i686-pc-linux-gnu/bin/../lib/gcc/nios2-elf/4.1.2/mno-hw-mul/libgcc.a(_fixunsdfsi.o)
 .data          0x0009fe30        0x0 ../../bsp/single-rtos_bsp//libucosii_bsp.a(alt_exit.o)
                0x000a7e30                _gp = ABSOLUTE ((. + 0x8000))
                0x000a7e30                PROVIDE (gp, _gp)
 *(.rwdata .rwdata.*)
 *(.sdata .sdata.* .gnu.linkonce.s.*)
 .sdata         0x0009fe30       0x18 obj/default/src_0/cpu_0.o
                0x0009fe30                NR_ASCII_CHARS
                0x0009fe31                sequence_length
                0x0009fe34                previousX
                0x0009fe38                previousY
                0x0009fe3c                dSPAN
                0x0009fe40                CROPSIZE
                0x0009fe44                CROPSIZE_4
 .sdata         0x0009fe48        0x8 /opt/altera/13.0sp1/nios2eds/bin/gnu/H-i686-pc-linux-gnu/bin/../lib/gcc/nios2-elf/4.1.2/../../../../nios2-elf/lib/mno-hw-mul/libc.a(lib_a-impure.o)
                0x0009fe48                _impure_ptr
                0x0009fe4c                _global_impure_ptr
 .sdata         0x0009fe50        0x8 /opt/altera/13.0sp1/nios2eds/bin/gnu/H-i686-pc-linux-gnu/bin/../lib/gcc/nios2-elf/4.1.2/../../../../nios2-elf/lib/mno-hw-mul/libc.a(lib_a-locale.o)
                0x0009fe50                __mb_cur_max
 .sdata         0x0009fe58        0x8 /opt/altera/13.0sp1/nios2eds/bin/gnu/H-i686-pc-linux-gnu/bin/../lib/gcc/nios2-elf/4.1.2/../../../../nios2-elf/lib/mno-hw-mul/libc.a(lib_a-mallocr.o)
                0x0009fe58                __malloc_trim_threshold
                0x0009fe5c                __malloc_sbrk_base
 .sdata         0x0009fe60       0x14 ../../bsp/single-rtos_bsp//libucosii_bsp.a(alt_dev.o)
                0x0009fe60                alt_fs_list
                0x0009fe68                alt_dev_list
                0x0009fe70                alt_max_fd
 .sdata         0x0009fe74        0x4 ../../bsp/single-rtos_bsp//libucosii_bsp.a(alt_errno.o)
                0x0009fe74                alt_errno
 .sdata         0x0009fe78        0x4 ../../bsp/single-rtos_bsp//libucosii_bsp.a(alt_sbrk.o)
 .sdata         0x0009fe7c        0x4 ../../bsp/single-rtos_bsp//libucosii_bsp.a(alt_env_lock.o)
 .sdata         0x0009fe80        0x4 ../../bsp/single-rtos_bsp//libucosii_bsp.a(alt_malloc_lock.o)
 .sdata         0x0009fe84       0x74 ../../bsp/single-rtos_bsp//libucosii_bsp.a(os_dbg.o)
                0x0009fe84                OSDebugEn
                0x0009fe88                OSEndiannessTest
                0x0009fe8c                OSEventEn
                0x0009fe8e                OSEventMax
                0x0009fe90                OSEventNameSize
                0x0009fe92                OSEventSize
                0x0009fe94                OSEventTblSize
                0x0009fe96                OSEventMultiEn
                0x0009fe98                OSFlagEn
                0x0009fe9a                OSFlagGrpSize
                0x0009fe9c                OSFlagNodeSize
                0x0009fe9e                OSFlagWidth
                0x0009fea0                OSFlagMax
                0x0009fea2                OSFlagNameSize
                0x0009fea4                OSLowestPrio
                0x0009fea6                OSMboxEn
                0x0009fea8                OSMemEn
                0x0009feaa                OSMemMax
                0x0009feac                OSMemNameSize
                0x0009feae                OSMemSize
                0x0009feb0                OSMemTblSize
                0x0009feb2                OSMutexEn
                0x0009feb4                OSPtrSize
                0x0009feb6                OSQEn
                0x0009feb8                OSQMax
                0x0009feba                OSQSize
                0x0009febc                OSRdyTblSize
                0x0009febe                OSSemEn
                0x0009fec0                OSStkWidth
                0x0009fec2                OSTaskCreateEn
                0x0009fec4                OSTaskCreateExtEn
                0x0009fec6                OSTaskDelEn
                0x0009fec8                OSTaskIdleStkSize
                0x0009feca                OSTaskProfileEn
                0x0009fecc                OSTaskMax
                0x0009fece                OSTaskNameSize
                0x0009fed0                OSTaskStatEn
                0x0009fed2                OSTaskStatStkSize
                0x0009fed4                OSTaskStatStkChkEn
                0x0009fed6                OSTaskSwHookEn
                0x0009fed8                OSTCBPrioTblMax
                0x0009feda                OSTCBSize
                0x0009fedc                OSTicksPerSec
                0x0009fede                OSTimeTickHookEn
                0x0009fee0                OSVersionNbr
                0x0009fee2                OSTmrEn
                0x0009fee4                OSTmrCfgMax
                0x0009fee6                OSTmrCfgNameSize
                0x0009fee8                OSTmrCfgWheelSize
                0x0009feea                OSTmrCfgTicksPerSec
                0x0009feec                OSTmrSize
                0x0009feee                OSTmrTblSize
                0x0009fef0                OSTmrWheelSize
                0x0009fef2                OSTmrWheelTblSize
                0x0009fef4                OSDataSize
 .sdata         0x0009fef8        0x8 ../../bsp/single-rtos_bsp//libucosii_bsp.a(altera_avalon_mutex.o)
                0x0009fef8                alt_mutex_list
 .sdata         0x0009ff00        0x4 ../../bsp/single-rtos_bsp//libucosii_bsp.a(alt_irq_vars.o)
                0x0009ff00                alt_priority_mask
 .sdata         0x0009ff04        0x8 ../../bsp/single-rtos_bsp//libucosii_bsp.a(alt_tick.o)
                0x0009ff04                alt_alarm_list
 *(.sdata2 .sdata2.* .gnu.linkonce.s2.*)
                0x0009ff0c                . = ALIGN (0x4)
                0x0009ff0c                _edata = ABSOLUTE (.)
                0x0009ff0c                PROVIDE (edata, ABSOLUTE (.))
                0x0009ff0c                PROVIDE (__ram_rwdata_end, ABSOLUTE (.))
                0x0009ff0c                PROVIDE (__flash_rwdata_start, LOADADDR (.rwdata))

.bss            0x000adb24    0x17564
                0x000adb24                __bss_start = ABSOLUTE (.)
                0x000adb24                PROVIDE (__sbss_start, ABSOLUTE (.))
                0x000adb24                PROVIDE (___sbss_start, ABSOLUTE (.))
 *(.dynsbss)
 *(.sbss .sbss.* .gnu.linkonce.sb.*)
 .sbss          0x000adb24       0x44 obj/default/src_0/cpu_0.o
                0x000adb24                Task2Sem
                0x000adb28                maxcol
                0x000adb2c                offsetY
                0x000adb30                offsetX
                0x000adb34                cropY
                0x000adb38                Task5Sem
                0x000adb3c                sizeX
                0x000adb40                detectX
                0x000adb44                Task6Sem
                0x000adb48                Task3Sem
                0x000adb4c                detectY
                0x000adb50                CoordinateX
                0x000adb54                cropX
                0x000adb58                sizeY
                0x000adb59                CoordinateY
                0x000adb60                Task4Sem
                0x000adb64                Task1Sem
 .sbss          0x000adb68        0xc /opt/altera/13.0sp1/nios2eds/bin/gnu/H-i686-pc-linux-gnu/bin/../lib/gcc/nios2-elf/4.1.2/../../../../nios2-elf/lib/mno-hw-mul/libc.a(lib_a-locale.o)
                0x000adb68                __nlocale_changed
                0x000adb6c                __mlocale_changed
                0x000adb70                _PathLocale
 .sbss          0x000adb74        0xc /opt/altera/13.0sp1/nios2eds/bin/gnu/H-i686-pc-linux-gnu/bin/../lib/gcc/nios2-elf/4.1.2/../../../../nios2-elf/lib/mno-hw-mul/libc.a(lib_a-mallocr.o)
                0x000adb74                __malloc_top_pad
                0x000adb78                __malloc_max_sbrked_mem
                0x000adb7c                __malloc_max_total_mem
 .sbss          0x000adb80        0x4 /opt/altera/13.0sp1/nios2eds/bin/gnu/H-i686-pc-linux-gnu/bin/../lib/gcc/nios2-elf/4.1.2/../../../../nios2-elf/lib/mno-hw-mul/libc.a(lib_a-int_errno.o)
                0x000adb80                errno
 .sbss          0x000adb84        0x4 ../../bsp/single-rtos_bsp//libucosii_bsp.a(alt_dev.o)
                0x000adb84                alt_fd_list_lock
 .sbss          0x000adb88        0xc ../../bsp/single-rtos_bsp//libucosii_bsp.a(alt_main.o)
                0x000adb88                alt_argc
                0x000adb8c                alt_argv
                0x000adb90                alt_envp
 .sbss          0x000adb94        0x8 ../../bsp/single-rtos_bsp//libucosii_bsp.a(alt_env_lock.o)
                0x000adb98                alt_envsem
 .sbss          0x000adb9c        0x8 ../../bsp/single-rtos_bsp//libucosii_bsp.a(alt_malloc_lock.o)
                0x000adba0                alt_heapsem
 .sbss          0x000adba4       0x68 ../../bsp/single-rtos_bsp//libucosii_bsp.a(os_core.o)
                0x000adba4                OSTmrFreeList
                0x000adba8                OSLockNesting
                0x000adbac                OSTmrSemSignal
                0x000adbb0                OSRunning
                0x000adbb4                OSIdleCtr
                0x000adbb8                OSTmrUsed
                0x000adbba                OSPrioHighRdy
                0x000adbbb                OSPrioCur
                0x000adbbc                OSTCBList
                0x000adbc0                OSTickStepState
                0x000adbc4                OSCtxSwCtr
                0x000adbc8                OSTmrFree
                0x000adbcc                OSIdleCtrMax
                0x000adbd0                OSTCBFreeList
                0x000adbd4                OSCPUUsage
                0x000adbd5                OSTaskCtr
                0x000adbd8                OSMemFreeList
                0x000adbdc                OSTCBHighRdy
                0x000adbe0                OSQFreeList
                0x000adbe4                OSRdyGrp
                0x000adbe5                OSRdyTbl
                0x000adbe8                OSEventFreeList
                0x000adbec                OSIntNesting
                0x000adbf0                OSTCBCur
                0x000adbf4                OSTmrTime
                0x000adbf8                OSTime
                0x000adbfc                OSTmrSem
                0x000adc00                OSFlagFreeList
                0x000adc04                OSStatRdy
                0x000adc08                OSIdleCtrRun
 .sbss          0x000adc0c        0x4 ../../bsp/single-rtos_bsp//libucosii_bsp.a(alt_irq_vars.o)
                0x000adc0c                alt_irq_active
 .sbss          0x000adc10        0x8 ../../bsp/single-rtos_bsp//libucosii_bsp.a(alt_tick.o)
                0x000adc10                _alt_tick_rate
                0x000adc14                _alt_nticks
 .sbss          0x000adc18        0x2 ../../bsp/single-rtos_bsp//libucosii_bsp.a(os_cpu_c.o)
 *(.sbss2 .sbss2.* .gnu.linkonce.sb2.*)
 *(.scommon)
                0x000adc1a                PROVIDE (__sbss_end, ABSOLUTE (.))
                0x000adc1a                PROVIDE (___sbss_end, ABSOLUTE (.))
 *(.dynbss)
 *(.bss .bss.* .gnu.linkonce.b.*)
 .bss           0x000adc1a        0x0 ../../bsp/single-rtos_bsp//obj/HAL/src/crt0.o
 .bss           0x000adc1a        0x0 obj/default/src_0/cpu_0.o
 .bss           0x000adc1a        0x0 /opt/altera/13.0sp1/nios2eds/bin/gnu/H-i686-pc-linux-gnu/bin/../lib/gcc/nios2-elf/4.1.2/mno-hw-mul/libgcc.a(_div_df.o)
 .bss           0x000adc1a        0x0 /opt/altera/13.0sp1/nios2eds/bin/gnu/H-i686-pc-linux-gnu/bin/../lib/gcc/nios2-elf/4.1.2/mno-hw-mul/libgcc.a(_thenan_df.o)
 .bss           0x000adc1a        0x0 /opt/altera/13.0sp1/nios2eds/bin/gnu/H-i686-pc-linux-gnu/bin/../lib/gcc/nios2-elf/4.1.2/mno-hw-mul/libgcc.a(_usi_to_df.o)
 .bss           0x000adc1a        0x0 /opt/altera/13.0sp1/nios2eds/bin/gnu/H-i686-pc-linux-gnu/bin/../lib/gcc/nios2-elf/4.1.2/mno-hw-mul/libgcc.a(lib2-divmod.o)
 .bss           0x000adc1a        0x0 /opt/altera/13.0sp1/nios2eds/bin/gnu/H-i686-pc-linux-gnu/bin/../lib/gcc/nios2-elf/4.1.2/mno-hw-mul/libgcc.a(lib2-mul.o)
 .bss           0x000adc1a        0x0 /opt/altera/13.0sp1/nios2eds/bin/gnu/H-i686-pc-linux-gnu/bin/../lib/gcc/nios2-elf/4.1.2/mno-hw-mul/libgcc.a(_clzsi2.o)
 .bss           0x000adc1a        0x0 /opt/altera/13.0sp1/nios2eds/bin/gnu/H-i686-pc-linux-gnu/bin/../lib/gcc/nios2-elf/4.1.2/mno-hw-mul/libgcc.a(_pack_df.o)
 .bss           0x000adc1a        0x0 /opt/altera/13.0sp1/nios2eds/bin/gnu/H-i686-pc-linux-gnu/bin/../lib/gcc/nios2-elf/4.1.2/mno-hw-mul/libgcc.a(_unpack_df.o)
 .bss           0x000adc1a        0x0 /opt/altera/13.0sp1/nios2eds/bin/gnu/H-i686-pc-linux-gnu/bin/../lib/gcc/nios2-elf/4.1.2/mno-hw-mul/libgcc.a(_clz.o)
 .bss           0x000adc1a        0x0 /opt/altera/13.0sp1/nios2eds/bin/gnu/H-i686-pc-linux-gnu/bin/../lib/gcc/nios2-elf/4.1.2/../../../../nios2-elf/lib/mno-hw-mul/libc.a(lib_a-printf.o)
 .bss           0x000adc1a        0x0 /opt/altera/13.0sp1/nios2eds/bin/gnu/H-i686-pc-linux-gnu/bin/../lib/gcc/nios2-elf/4.1.2/../../../../nios2-elf/lib/mno-hw-mul/libc.a(lib_a-putchar.o)
 .bss           0x000adc1a        0x0 /opt/altera/13.0sp1/nios2eds/bin/gnu/H-i686-pc-linux-gnu/bin/../lib/gcc/nios2-elf/4.1.2/../../../../nios2-elf/lib/mno-hw-mul/libc.a(lib_a-puts.o)
 .bss           0x000adc1a        0x0 /opt/altera/13.0sp1/nios2eds/bin/gnu/H-i686-pc-linux-gnu/bin/../lib/gcc/nios2-elf/4.1.2/../../../../nios2-elf/lib/mno-hw-mul/libc.a(lib_a-strlen.o)
 .bss           0x000adc1a        0x0 /opt/altera/13.0sp1/nios2eds/bin/gnu/H-i686-pc-linux-gnu/bin/../lib/gcc/nios2-elf/4.1.2/../../../../nios2-elf/lib/mno-hw-mul/libc.a(lib_a-vfprintf.o)
 .bss           0x000adc1a        0x0 /opt/altera/13.0sp1/nios2eds/bin/gnu/H-i686-pc-linux-gnu/bin/../lib/gcc/nios2-elf/4.1.2/../../../../nios2-elf/lib/mno-hw-mul/libc.a(lib_a-wsetup.o)
 .bss           0x000adc1a        0x0 /opt/altera/13.0sp1/nios2eds/bin/gnu/H-i686-pc-linux-gnu/bin/../lib/gcc/nios2-elf/4.1.2/../../../../nios2-elf/lib/mno-hw-mul/libc.a(lib_a-dtoa.o)
 .bss           0x000adc1a        0x0 /opt/altera/13.0sp1/nios2eds/bin/gnu/H-i686-pc-linux-gnu/bin/../lib/gcc/nios2-elf/4.1.2/../../../../nios2-elf/lib/mno-hw-mul/libc.a(lib_a-fflush.o)
 .bss           0x000adc1a        0x0 /opt/altera/13.0sp1/nios2eds/bin/gnu/H-i686-pc-linux-gnu/bin/../lib/gcc/nios2-elf/4.1.2/../../../../nios2-elf/lib/mno-hw-mul/libc.a(lib_a-findfp.o)
 .bss           0x000adc1a        0x0 /opt/altera/13.0sp1/nios2eds/bin/gnu/H-i686-pc-linux-gnu/bin/../lib/gcc/nios2-elf/4.1.2/../../../../nios2-elf/lib/mno-hw-mul/libc.a(lib_a-freer.o)
 .bss           0x000adc1a        0x0 /opt/altera/13.0sp1/nios2eds/bin/gnu/H-i686-pc-linux-gnu/bin/../lib/gcc/nios2-elf/4.1.2/../../../../nios2-elf/lib/mno-hw-mul/libc.a(lib_a-fvwrite.o)
 .bss           0x000adc1a        0x0 /opt/altera/13.0sp1/nios2eds/bin/gnu/H-i686-pc-linux-gnu/bin/../lib/gcc/nios2-elf/4.1.2/../../../../nios2-elf/lib/mno-hw-mul/libc.a(lib_a-fwalk.o)
 .bss           0x000adc1a        0x0 /opt/altera/13.0sp1/nios2eds/bin/gnu/H-i686-pc-linux-gnu/bin/../lib/gcc/nios2-elf/4.1.2/../../../../nios2-elf/lib/mno-hw-mul/libc.a(lib_a-impure.o)
 .bss           0x000adc1a        0x0 /opt/altera/13.0sp1/nios2eds/bin/gnu/H-i686-pc-linux-gnu/bin/../lib/gcc/nios2-elf/4.1.2/../../../../nios2-elf/lib/mno-hw-mul/libc.a(lib_a-locale.o)
 .bss           0x000adc1a        0x0 /opt/altera/13.0sp1/nios2eds/bin/gnu/H-i686-pc-linux-gnu/bin/../lib/gcc/nios2-elf/4.1.2/../../../../nios2-elf/lib/mno-hw-mul/libc.a(lib_a-makebuf.o)
 *fill*         0x000adc1a        0x2 00
 .bss           0x000adc1c       0x28 /opt/altera/13.0sp1/nios2eds/bin/gnu/H-i686-pc-linux-gnu/bin/../lib/gcc/nios2-elf/4.1.2/../../../../nios2-elf/lib/mno-hw-mul/libc.a(lib_a-mallocr.o)
                0x000adc1c                __malloc_current_mallinfo
 .bss           0x000adc44        0x0 /opt/altera/13.0sp1/nios2eds/bin/gnu/H-i686-pc-linux-gnu/bin/../lib/gcc/nios2-elf/4.1.2/../../../../nios2-elf/lib/mno-hw-mul/libc.a(lib_a-memchr.o)
 .bss           0x000adc44        0x0 /opt/altera/13.0sp1/nios2eds/bin/gnu/H-i686-pc-linux-gnu/bin/../lib/gcc/nios2-elf/4.1.2/../../../../nios2-elf/lib/mno-hw-mul/libc.a(lib_a-memcpy.o)
 .bss           0x000adc44        0x0 /opt/altera/13.0sp1/nios2eds/bin/gnu/H-i686-pc-linux-gnu/bin/../lib/gcc/nios2-elf/4.1.2/../../../../nios2-elf/lib/mno-hw-mul/libc.a(lib_a-memmove.o)
 .bss           0x000adc44        0x0 /opt/altera/13.0sp1/nios2eds/bin/gnu/H-i686-pc-linux-gnu/bin/../lib/gcc/nios2-elf/4.1.2/../../../../nios2-elf/lib/mno-hw-mul/libc.a(lib_a-memset.o)
 .bss           0x000adc44        0x0 /opt/altera/13.0sp1/nios2eds/bin/gnu/H-i686-pc-linux-gnu/bin/../lib/gcc/nios2-elf/4.1.2/../../../../nios2-elf/lib/mno-hw-mul/libc.a(lib_a-mprec.o)
 .bss           0x000adc44        0x0 /opt/altera/13.0sp1/nios2eds/bin/gnu/H-i686-pc-linux-gnu/bin/../lib/gcc/nios2-elf/4.1.2/../../../../nios2-elf/lib/mno-hw-mul/libc.a(lib_a-putc.o)
 .bss           0x000adc44        0x0 /opt/altera/13.0sp1/nios2eds/bin/gnu/H-i686-pc-linux-gnu/bin/../lib/gcc/nios2-elf/4.1.2/../../../../nios2-elf/lib/mno-hw-mul/libc.a(lib_a-reallocr.o)
 .bss           0x000adc44        0x0 /opt/altera/13.0sp1/nios2eds/bin/gnu/H-i686-pc-linux-gnu/bin/../lib/gcc/nios2-elf/4.1.2/../../../../nios2-elf/lib/mno-hw-mul/libc.a(lib_a-s_isinfd.o)
 .bss           0x000adc44        0x0 /opt/altera/13.0sp1/nios2eds/bin/gnu/H-i686-pc-linux-gnu/bin/../lib/gcc/nios2-elf/4.1.2/../../../../nios2-elf/lib/mno-hw-mul/libc.a(lib_a-s_isnand.o)
 .bss           0x000adc44        0x0 /opt/altera/13.0sp1/nios2eds/bin/gnu/H-i686-pc-linux-gnu/bin/../lib/gcc/nios2-elf/4.1.2/../../../../nios2-elf/lib/mno-hw-mul/libc.a(lib_a-sbrkr.o)
 .bss           0x000adc44        0x0 /opt/altera/13.0sp1/nios2eds/bin/gnu/H-i686-pc-linux-gnu/bin/../lib/gcc/nios2-elf/4.1.2/../../../../nios2-elf/lib/mno-hw-mul/libc.a(lib_a-stdio.o)
 .bss           0x000adc44        0x0 /opt/altera/13.0sp1/nios2eds/bin/gnu/H-i686-pc-linux-gnu/bin/../lib/gcc/nios2-elf/4.1.2/../../../../nios2-elf/lib/mno-hw-mul/libc.a(lib_a-strcmp.o)
 .bss           0x000adc44        0x0 /opt/altera/13.0sp1/nios2eds/bin/gnu/H-i686-pc-linux-gnu/bin/../lib/gcc/nios2-elf/4.1.2/../../../../nios2-elf/lib/mno-hw-mul/libc.a(lib_a-wbuf.o)
 .bss           0x000adc44        0x0 /opt/altera/13.0sp1/nios2eds/bin/gnu/H-i686-pc-linux-gnu/bin/../lib/gcc/nios2-elf/4.1.2/../../../../nios2-elf/lib/mno-hw-mul/libc.a(lib_a-writer.o)
 .bss           0x000adc44        0x0 /opt/altera/13.0sp1/nios2eds/bin/gnu/H-i686-pc-linux-gnu/bin/../lib/gcc/nios2-elf/4.1.2/../../../../nios2-elf/lib/mno-hw-mul/libc.a(lib_a-callocr.o)
 .bss           0x000adc44        0x0 /opt/altera/13.0sp1/nios2eds/bin/gnu/H-i686-pc-linux-gnu/bin/../lib/gcc/nios2-elf/4.1.2/../../../../nios2-elf/lib/mno-hw-mul/libc.a(lib_a-closer.o)
 .bss           0x000adc44        0x0 /opt/altera/13.0sp1/nios2eds/bin/gnu/H-i686-pc-linux-gnu/bin/../lib/gcc/nios2-elf/4.1.2/../../../../nios2-elf/lib/mno-hw-mul/libc.a(lib_a-fclose.o)
 .bss           0x000adc44        0x0 /opt/altera/13.0sp1/nios2eds/bin/gnu/H-i686-pc-linux-gnu/bin/../lib/gcc/nios2-elf/4.1.2/../../../../nios2-elf/lib/mno-hw-mul/libc.a(lib_a-fstatr.o)
 .bss           0x000adc44        0x0 /opt/altera/13.0sp1/nios2eds/bin/gnu/H-i686-pc-linux-gnu/bin/../lib/gcc/nios2-elf/4.1.2/../../../../nios2-elf/lib/mno-hw-mul/libc.a(lib_a-int_errno.o)
 .bss           0x000adc44        0x0 /opt/altera/13.0sp1/nios2eds/bin/gnu/H-i686-pc-linux-gnu/bin/../lib/gcc/nios2-elf/4.1.2/../../../../nios2-elf/lib/mno-hw-mul/libc.a(lib_a-isattyr.o)
 .bss           0x000adc44        0x0 /opt/altera/13.0sp1/nios2eds/bin/gnu/H-i686-pc-linux-gnu/bin/../lib/gcc/nios2-elf/4.1.2/../../../../nios2-elf/lib/mno-hw-mul/libc.a(lib_a-lseekr.o)
 .bss           0x000adc44        0x0 /opt/altera/13.0sp1/nios2eds/bin/gnu/H-i686-pc-linux-gnu/bin/../lib/gcc/nios2-elf/4.1.2/../../../../nios2-elf/lib/mno-hw-mul/libc.a(lib_a-readr.o)
 .bss           0x000adc44        0x0 /opt/altera/13.0sp1/nios2eds/bin/gnu/H-i686-pc-linux-gnu/bin/../lib/gcc/nios2-elf/4.1.2/mno-hw-mul/libgcc.a(_udivdi3.o)
 .bss           0x000adc44        0x0 /opt/altera/13.0sp1/nios2eds/bin/gnu/H-i686-pc-linux-gnu/bin/../lib/gcc/nios2-elf/4.1.2/mno-hw-mul/libgcc.a(_umoddi3.o)
 .bss           0x000adc44        0x0 /opt/altera/13.0sp1/nios2eds/bin/gnu/H-i686-pc-linux-gnu/bin/../lib/gcc/nios2-elf/4.1.2/mno-hw-mul/libgcc.a(_addsub_df.o)
 .bss           0x000adc44        0x0 /opt/altera/13.0sp1/nios2eds/bin/gnu/H-i686-pc-linux-gnu/bin/../lib/gcc/nios2-elf/4.1.2/mno-hw-mul/libgcc.a(_mul_df.o)
 .bss           0x000adc44        0x0 /opt/altera/13.0sp1/nios2eds/bin/gnu/H-i686-pc-linux-gnu/bin/../lib/gcc/nios2-elf/4.1.2/mno-hw-mul/libgcc.a(_eq_df.o)
 .bss           0x000adc44        0x0 /opt/altera/13.0sp1/nios2eds/bin/gnu/H-i686-pc-linux-gnu/bin/../lib/gcc/nios2-elf/4.1.2/mno-hw-mul/libgcc.a(_ne_df.o)
 .bss           0x000adc44        0x0 /opt/altera/13.0sp1/nios2eds/bin/gnu/H-i686-pc-linux-gnu/bin/../lib/gcc/nios2-elf/4.1.2/mno-hw-mul/libgcc.a(_gt_df.o)
 .bss           0x000adc44        0x0 /opt/altera/13.0sp1/nios2eds/bin/gnu/H-i686-pc-linux-gnu/bin/../lib/gcc/nios2-elf/4.1.2/mno-hw-mul/libgcc.a(_ge_df.o)
 .bss           0x000adc44        0x0 /opt/altera/13.0sp1/nios2eds/bin/gnu/H-i686-pc-linux-gnu/bin/../lib/gcc/nios2-elf/4.1.2/mno-hw-mul/libgcc.a(_lt_df.o)
 .bss           0x000adc44        0x0 /opt/altera/13.0sp1/nios2eds/bin/gnu/H-i686-pc-linux-gnu/bin/../lib/gcc/nios2-elf/4.1.2/mno-hw-mul/libgcc.a(_si_to_df.o)
 .bss           0x000adc44        0x0 /opt/altera/13.0sp1/nios2eds/bin/gnu/H-i686-pc-linux-gnu/bin/../lib/gcc/nios2-elf/4.1.2/mno-hw-mul/libgcc.a(_df_to_si.o)
 .bss           0x000adc44        0x0 /opt/altera/13.0sp1/nios2eds/bin/gnu/H-i686-pc-linux-gnu/bin/../lib/gcc/nios2-elf/4.1.2/mno-hw-mul/libgcc.a(_muldi3.o)
 .bss           0x000adc44        0x0 /opt/altera/13.0sp1/nios2eds/bin/gnu/H-i686-pc-linux-gnu/bin/../lib/gcc/nios2-elf/4.1.2/mno-hw-mul/libgcc.a(_fpcmp_parts_df.o)
 .bss           0x000adc44        0x0 ../../bsp/single-rtos_bsp//libucosii_bsp.a(alt_close.o)
 .bss           0x000adc44        0x0 ../../bsp/single-rtos_bsp//libucosii_bsp.a(alt_dev.o)
 .bss           0x000adc44        0x0 ../../bsp/single-rtos_bsp//libucosii_bsp.a(alt_errno.o)
 .bss           0x000adc44        0x0 ../../bsp/single-rtos_bsp//libucosii_bsp.a(alt_fstat.o)
 .bss           0x000adc44        0x0 ../../bsp/single-rtos_bsp//libucosii_bsp.a(alt_isatty.o)
 .bss           0x000adc44        0x0 ../../bsp/single-rtos_bsp//libucosii_bsp.a(alt_load.o)
 .bss           0x000adc44        0x0 ../../bsp/single-rtos_bsp//libucosii_bsp.a(alt_lseek.o)
 .bss           0x000adc44        0x0 ../../bsp/single-rtos_bsp//libucosii_bsp.a(alt_main.o)
 .bss           0x000adc44        0x0 ../../bsp/single-rtos_bsp//libucosii_bsp.a(alt_read.o)
 .bss           0x000adc44        0x0 ../../bsp/single-rtos_bsp//libucosii_bsp.a(alt_release_fd.o)
 .bss           0x000adc44        0x0 ../../bsp/single-rtos_bsp//libucosii_bsp.a(alt_sbrk.o)
 .bss           0x000adc44        0x0 ../../bsp/single-rtos_bsp//libucosii_bsp.a(alt_write.o)
 .bss           0x000adc44        0x0 ../../bsp/single-rtos_bsp//libucosii_bsp.a(alt_env_lock.o)
 .bss           0x000adc44        0x0 ../../bsp/single-rtos_bsp//libucosii_bsp.a(alt_malloc_lock.o)
 .bss           0x000adc44        0x0 ../../bsp/single-rtos_bsp//libucosii_bsp.a(os_core.o)
 .bss           0x000adc44        0x0 ../../bsp/single-rtos_bsp//libucosii_bsp.a(os_dbg.o)
 .bss           0x000adc44        0x0 ../../bsp/single-rtos_bsp//libucosii_bsp.a(os_flag.o)
 .bss           0x000adc44        0x0 ../../bsp/single-rtos_bsp//libucosii_bsp.a(os_mem.o)
 .bss           0x000adc44        0x0 ../../bsp/single-rtos_bsp//libucosii_bsp.a(os_q.o)
 .bss           0x000adc44        0x0 ../../bsp/single-rtos_bsp//libucosii_bsp.a(os_sem.o)
 .bss           0x000adc44        0x0 ../../bsp/single-rtos_bsp//libucosii_bsp.a(os_task.o)
 .bss           0x000adc44        0x0 ../../bsp/single-rtos_bsp//libucosii_bsp.a(os_time.o)
 .bss           0x000adc44        0x0 ../../bsp/single-rtos_bsp//libucosii_bsp.a(os_tmr.o)
 .bss           0x000adc44        0x0 ../../bsp/single-rtos_bsp//libucosii_bsp.a(alt_sys_init.o)
 .bss           0x000adc44        0x0 ../../bsp/single-rtos_bsp//libucosii_bsp.a(altera_avalon_jtag_uart_fd.o)
 .bss           0x000adc44        0x0 ../../bsp/single-rtos_bsp//libucosii_bsp.a(altera_avalon_jtag_uart_init.o)
 .bss           0x000adc44        0x0 ../../bsp/single-rtos_bsp//libucosii_bsp.a(altera_avalon_jtag_uart_ioctl.o)
 .bss           0x000adc44        0x0 ../../bsp/single-rtos_bsp//libucosii_bsp.a(altera_avalon_jtag_uart_read.o)
 .bss           0x000adc44        0x0 ../../bsp/single-rtos_bsp//libucosii_bsp.a(altera_avalon_jtag_uart_write.o)
 .bss           0x000adc44        0x0 ../../bsp/single-rtos_bsp//libucosii_bsp.a(altera_avalon_mutex.o)
 .bss           0x000adc44        0x0 ../../bsp/single-rtos_bsp//libucosii_bsp.a(altera_avalon_timer_sc.o)
 .bss           0x000adc44        0x0 ../../bsp/single-rtos_bsp//libucosii_bsp.a(alt_alarm_start.o)
 .bss           0x000adc44        0x0 ../../bsp/single-rtos_bsp//libucosii_bsp.a(alt_dcache_flush_all.o)
 .bss           0x000adc44        0x0 ../../bsp/single-rtos_bsp//libucosii_bsp.a(alt_dev_llist_insert.o)
 .bss           0x000adc44        0x0 ../../bsp/single-rtos_bsp//libucosii_bsp.a(alt_do_ctors.o)
 .bss           0x000adc44        0x0 ../../bsp/single-rtos_bsp//libucosii_bsp.a(alt_do_dtors.o)
 .bss           0x000adc44        0x0 ../../bsp/single-rtos_bsp//libucosii_bsp.a(alt_find_dev.o)
 .bss           0x000adc44        0x0 ../../bsp/single-rtos_bsp//libucosii_bsp.a(alt_icache_flush_all.o)
 .bss           0x000adc44        0x0 ../../bsp/single-rtos_bsp//libucosii_bsp.a(alt_io_redirect.o)
 .bss           0x000adc44        0x0 ../../bsp/single-rtos_bsp//libucosii_bsp.a(alt_irq_register.o)
 .bss           0x000adc44        0x0 ../../bsp/single-rtos_bsp//libucosii_bsp.a(alt_irq_vars.o)
 .bss           0x000adc44        0x0 ../../bsp/single-rtos_bsp//libucosii_bsp.a(alt_open.o)
 .bss           0x000adc44        0x0 ../../bsp/single-rtos_bsp//libucosii_bsp.a(alt_tick.o)
 .bss           0x000adc44        0x0 ../../bsp/single-rtos_bsp//libucosii_bsp.a(altera_nios2_qsys_irq.o)
 .bss           0x000adc44        0x0 ../../bsp/single-rtos_bsp//libucosii_bsp.a(os_cpu_a.o)
 .bss           0x000adc44        0x0 ../../bsp/single-rtos_bsp//libucosii_bsp.a(os_cpu_c.o)
 .bss           0x000adc44        0x0 ../../bsp/single-rtos_bsp//libucosii_bsp.a(alt_find_file.o)
 .bss           0x000adc44        0x0 ../../bsp/single-rtos_bsp//libucosii_bsp.a(alt_get_fd.o)
 .bss           0x000adc44        0x0 ../../bsp/single-rtos_bsp//libucosii_bsp.a(alt_irq_entry.o)
 .bss           0x000adc44        0x0 ../../bsp/single-rtos_bsp//libucosii_bsp.a(alt_irq_handler.o)
 .bss           0x000adc44        0x0 ../../bsp/single-rtos_bsp//libucosii_bsp.a(alt_exception_entry.o)
 .bss           0x000adc44        0x0 /opt/altera/13.0sp1/nios2eds/bin/gnu/H-i686-pc-linux-gnu/bin/../lib/gcc/nios2-elf/4.1.2/../../../../nios2-elf/lib/mno-hw-mul/libc.a(lib_a-atexit.o)
 .bss           0x000adc44        0x0 /opt/altera/13.0sp1/nios2eds/bin/gnu/H-i686-pc-linux-gnu/bin/../lib/gcc/nios2-elf/4.1.2/../../../../nios2-elf/lib/mno-hw-mul/libc.a(lib_a-exit.o)
 .bss           0x000adc44        0x0 /opt/altera/13.0sp1/nios2eds/bin/gnu/H-i686-pc-linux-gnu/bin/../lib/gcc/nios2-elf/4.1.2/../../../../nios2-elf/lib/mno-hw-mul/libc.a(lib_a-memcmp.o)
 .bss           0x000adc44        0x0 /opt/altera/13.0sp1/nios2eds/bin/gnu/H-i686-pc-linux-gnu/bin/../lib/gcc/nios2-elf/4.1.2/../../../../nios2-elf/lib/mno-hw-mul/libc.a(lib_a-__atexit.o)
 .bss           0x000adc44        0x0 /opt/altera/13.0sp1/nios2eds/bin/gnu/H-i686-pc-linux-gnu/bin/../lib/gcc/nios2-elf/4.1.2/../../../../nios2-elf/lib/mno-hw-mul/libc.a(lib_a-__call_atexit.o)
 .bss           0x000adc44        0x0 /opt/altera/13.0sp1/nios2eds/bin/gnu/H-i686-pc-linux-gnu/bin/../lib/gcc/nios2-elf/4.1.2/mno-hw-mul/libgcc.a(_fixunsdfsi.o)
 .bss           0x000adc44        0x0 ../../bsp/single-rtos_bsp//libucosii_bsp.a(alt_exit.o)
 *(COMMON)
 COMMON         0x000adc44    0x13440 obj/default/src_0/cpu_0.o
                0x000adc44                task1_stk
                0x000afc44                task4_stk
                0x000b1c44                sumMatrix
                0x000b2c44                task7_stk
                0x000b4c44                task6_stk
                0x000b6c44                task2_stk
                0x000b8c44                task3_stk
                0x000bac44                StartTask_Stack
                0x000bcc44                grayed_matrix
                0x000bdc44                cropMatrix
                0x000bf084                task5_stk
 COMMON         0x000c1084     0x3d74 ../../bsp/single-rtos_bsp//libucosii_bsp.a(os_core.o)
                0x000c1084                OSTmrWheelTbl
                0x000c1094                OSFlagTbl
                0x000c1404                OSTmrTbl
                0x000c1744                OSMemTbl
                0x000c2374                OSTaskStatStk
                0x000c2b74                OSQTbl
                0x000c2d54                OSTmrTaskStk
                0x000c3554                OSTaskIdleStk
                0x000c3d54                OSEventTbl
                0x000c4894                OSTCBTbl
                0x000c4da4                OSTCBPrioTbl
 COMMON         0x000c4df8      0x100 ../../bsp/single-rtos_bsp//libucosii_bsp.a(alt_irq_handler.o)
                0x000c4df8                alt_irq
 COMMON         0x000c4ef8      0x190 /opt/altera/13.0sp1/nios2eds/bin/gnu/H-i686-pc-linux-gnu/bin/../lib/gcc/nios2-elf/4.1.2/../../../../nios2-elf/lib/mno-hw-mul/libc.a(lib_a-atexit.o)
                0x000c4ef8                _atexit0
                0x000c5088                . = ALIGN (0x4)
                0x000c5088                __bss_end = ABSOLUTE (.)

.sram           0x000c5088        0x0
                0x000c5088                PROVIDE (_alt_partition_sram_start, ABSOLUTE (.))
 *(.sram. sram.*)
                0x000c5088                . = ALIGN (0x4)
                0x000c5088                PROVIDE (_alt_partition_sram_end, ABSOLUTE (.))
                0x000c5088                _end = ABSOLUTE (.)
                0x000c5088                end = ABSOLUTE (.)
                0x000c5088                __alt_stack_base = ABSOLUTE (.)
                0x000c5088                PROVIDE (_alt_partition_sram_load_addr, LOADADDR (.sram))

.shared_onchip  0x00102000        0x0 load address 0x000c5088
                0x00102000                PROVIDE (_alt_partition_shared_onchip_start, ABSOLUTE (.))
 *(.shared_onchip. shared_onchip.*)
                0x00102000                . = ALIGN (0x4)
                0x00102000                PROVIDE (_alt_partition_shared_onchip_end, ABSOLUTE (.))
                0x000c5088                PROVIDE (_alt_partition_shared_onchip_load_addr, LOADADDR (.shared_onchip))

.sdram          0x01000000        0x0 load address 0x000c5088
                0x01000000                PROVIDE (_alt_partition_sdram_start, ABSOLUTE (.))
 *(.sdram. sdram.*)
                0x01000000                . = ALIGN (0x4)
                0x01000000                PROVIDE (_alt_partition_sdram_end, ABSOLUTE (.))
                0x000c5088                PROVIDE (_alt_partition_sdram_load_addr, LOADADDR (.sdram))

.stab
 *(.stab)

.stabstr
 *(.stabstr)

.stab.excl
 *(.stab.excl)

.stab.exclstr
 *(.stab.exclstr)

.stab.index
 *(.stab.index)

.stab.indexstr
 *(.stab.indexstr)

.comment        0x00000000       0x26
 *(.comment)
 .comment       0x00000000       0x26 obj/default/src_0/cpu_0.o
                                 0x27 (size before relaxing)
 .comment       0x00000000       0x27 /opt/altera/13.0sp1/nios2eds/bin/gnu/H-i686-pc-linux-gnu/bin/../lib/gcc/nios2-elf/4.1.2/mno-hw-mul/libgcc.a(_div_df.o)
 .comment       0x00000000       0x27 /opt/altera/13.0sp1/nios2eds/bin/gnu/H-i686-pc-linux-gnu/bin/../lib/gcc/nios2-elf/4.1.2/mno-hw-mul/libgcc.a(_thenan_df.o)
 .comment       0x00000000       0x27 /opt/altera/13.0sp1/nios2eds/bin/gnu/H-i686-pc-linux-gnu/bin/../lib/gcc/nios2-elf/4.1.2/mno-hw-mul/libgcc.a(_usi_to_df.o)
 .comment       0x00000000       0x27 /opt/altera/13.0sp1/nios2eds/bin/gnu/H-i686-pc-linux-gnu/bin/../lib/gcc/nios2-elf/4.1.2/mno-hw-mul/libgcc.a(lib2-divmod.o)
 .comment       0x00000000       0x27 /opt/altera/13.0sp1/nios2eds/bin/gnu/H-i686-pc-linux-gnu/bin/../lib/gcc/nios2-elf/4.1.2/mno-hw-mul/libgcc.a(lib2-mul.o)
 .comment       0x00000000       0x27 /opt/altera/13.0sp1/nios2eds/bin/gnu/H-i686-pc-linux-gnu/bin/../lib/gcc/nios2-elf/4.1.2/mno-hw-mul/libgcc.a(_clzsi2.o)