Archive member included because of file (symbol)

/opt/altera/13.0sp1/nios2eds/bin/gnu/H-i686-pc-linux-gnu/bin/../lib/gcc/nios2-elf/4.1.2/mno-hw-mul/libgcc.a(lib2-divmod.o)
                              obj/default/src_0/cpu_0.o (__divsi3)
/opt/altera/13.0sp1/nios2eds/bin/gnu/H-i686-pc-linux-gnu/bin/../lib/gcc/nios2-elf/4.1.2/mno-hw-mul/libgcc.a(lib2-mul.o)
                              obj/default/src_0/cpu_0.o (__mulsi3)
/opt/altera/13.0sp1/nios2eds/bin/gnu/H-i686-pc-linux-gnu/bin/../lib/gcc/nios2-elf/4.1.2/../../../../nios2-elf/lib/mno-hw-mul/libsmallc.a(lib_a-printf.o)
                              obj/default/src_0/cpu_0.o (printf)
/opt/altera/13.0sp1/nios2eds/bin/gnu/H-i686-pc-linux-gnu/bin/../lib/gcc/nios2-elf/4.1.2/../../../../nios2-elf/lib/mno-hw-mul/libsmallc.a(lib_a-putchar.o)
                              obj/default/src_0/cpu_0.o (putchar)
/opt/altera/13.0sp1/nios2eds/bin/gnu/H-i686-pc-linux-gnu/bin/../lib/gcc/nios2-elf/4.1.2/../../../../nios2-elf/lib/mno-hw-mul/libsmallc.a(lib_a-puts.o)
                              obj/default/src_0/cpu_0.o (puts)
/opt/altera/13.0sp1/nios2eds/bin/gnu/H-i686-pc-linux-gnu/bin/../lib/gcc/nios2-elf/4.1.2/../../../../nios2-elf/lib/mno-hw-mul/libsmallc.a(lib_a-strlen.o)
                              /opt/altera/13.0sp1/nios2eds/bin/gnu/H-i686-pc-linux-gnu/bin/../lib/gcc/nios2-elf/4.1.2/../../../../nios2-elf/lib/mno-hw-mul/libsmallc.a(lib_a-puts.o) (strlen)
/opt/altera/13.0sp1/nios2eds/bin/gnu/H-i686-pc-linux-gnu/bin/../lib/gcc/nios2-elf/4.1.2/../../../../nios2-elf/lib/mno-hw-mul/libsmallc.a(lib_a-vfprintf.o)
                              /opt/altera/13.0sp1/nios2eds/bin/gnu/H-i686-pc-linux-gnu/bin/../lib/gcc/nios2-elf/4.1.2/../../../../nios2-elf/lib/mno-hw-mul/libsmallc.a(lib_a-printf.o) (___vfprintf_internal_r)
/opt/altera/13.0sp1/nios2eds/bin/gnu/H-i686-pc-linux-gnu/bin/../lib/gcc/nios2-elf/4.1.2/../../../../nios2-elf/lib/mno-hw-mul/libsmallc.a(lib_a-fvwrite_small_dev.o)
                              /opt/altera/13.0sp1/nios2eds/bin/gnu/H-i686-pc-linux-gnu/bin/../lib/gcc/nios2-elf/4.1.2/../../../../nios2-elf/lib/mno-hw-mul/libsmallc.a(lib_a-printf.o) (__sfvwrite_small_dev)
/opt/altera/13.0sp1/nios2eds/bin/gnu/H-i686-pc-linux-gnu/bin/../lib/gcc/nios2-elf/4.1.2/../../../../nios2-elf/lib/mno-hw-mul/libsmallc.a(lib_a-impure.o)
                              /opt/altera/13.0sp1/nios2eds/bin/gnu/H-i686-pc-linux-gnu/bin/../lib/gcc/nios2-elf/4.1.2/../../../../nios2-elf/lib/mno-hw-mul/libsmallc.a(lib_a-printf.o) (_impure_ptr)
/opt/altera/13.0sp1/nios2eds/bin/gnu/H-i686-pc-linux-gnu/bin/../lib/gcc/nios2-elf/4.1.2/../../../../nios2-elf/lib/mno-hw-mul/libsmallc.a(lib_a-putc.o)
                              /opt/altera/13.0sp1/nios2eds/bin/gnu/H-i686-pc-linux-gnu/bin/../lib/gcc/nios2-elf/4.1.2/../../../../nios2-elf/lib/mno-hw-mul/libsmallc.a(lib_a-putchar.o) (_putc_r)
/opt/altera/13.0sp1/nios2eds/bin/gnu/H-i686-pc-linux-gnu/bin/../lib/gcc/nios2-elf/4.1.2/../../../../nios2-elf/lib/mno-hw-mul/libsmallc.a(lib_a-writer.o)
                              /opt/altera/13.0sp1/nios2eds/bin/gnu/H-i686-pc-linux-gnu/bin/../lib/gcc/nios2-elf/4.1.2/../../../../nios2-elf/lib/mno-hw-mul/libsmallc.a(lib_a-fvwrite_small_dev.o) (_write_r)
/opt/altera/13.0sp1/nios2eds/bin/gnu/H-i686-pc-linux-gnu/bin/../lib/gcc/nios2-elf/4.1.2/../../../../nios2-elf/lib/mno-hw-mul/libsmallc.a(lib_a-int_errno.o)
                              /opt/altera/13.0sp1/nios2eds/bin/gnu/H-i686-pc-linux-gnu/bin/../lib/gcc/nios2-elf/4.1.2/../../../../nios2-elf/lib/mno-hw-mul/libsmallc.a(lib_a-writer.o) (errno)
../../bsp/mpsoc_hello_mpsoc_0//libhal_bsp.a(alt_load.o)
                              ../../bsp/mpsoc_hello_mpsoc_0//obj/HAL/src/crt0.o (alt_load)
../../bsp/mpsoc_hello_mpsoc_0//libhal_bsp.a(alt_main.o)
                              ../../bsp/mpsoc_hello_mpsoc_0//obj/HAL/src/crt0.o (alt_main)
../../bsp/mpsoc_hello_mpsoc_0//libhal_bsp.a(alt_write.o)
                              /opt/altera/13.0sp1/nios2eds/bin/gnu/H-i686-pc-linux-gnu/bin/../lib/gcc/nios2-elf/4.1.2/../../../../nios2-elf/lib/mno-hw-mul/libsmallc.a(lib_a-writer.o) (write)
../../bsp/mpsoc_hello_mpsoc_0//libhal_bsp.a(alt_sys_init.o)
                              ../../bsp/mpsoc_hello_mpsoc_0//libhal_bsp.a(alt_main.o) (alt_sys_init)
../../bsp/mpsoc_hello_mpsoc_0//libhal_bsp.a(altera_avalon_fifo_util.o)
                              obj/default/src_0/cpu_0.o (altera_avalon_fifo_read_status)
../../bsp/mpsoc_hello_mpsoc_0//libhal_bsp.a(altera_avalon_jtag_uart_write.o)
                              ../../bsp/mpsoc_hello_mpsoc_0//libhal_bsp.a(alt_write.o) (altera_avalon_jtag_uart_write)
../../bsp/mpsoc_hello_mpsoc_0//libhal_bsp.a(altera_avalon_mutex.o)
                              obj/default/src_0/cpu_0.o (altera_avalon_mutex_unlock)
../../bsp/mpsoc_hello_mpsoc_0//libhal_bsp.a(altera_avalon_timer_sc.o)
                              ../../bsp/mpsoc_hello_mpsoc_0//libhal_bsp.a(alt_sys_init.o) (alt_avalon_timer_sc_init)
[...]
Memory Configuration

Name             Origin             Length             Attributes
reset            0x00080000         0x00000020
sram             0x00080020         0x0007ffe0
shared_onchip    0x00102000         0x00002000
sdram            0x01000000         0x00800000
*default*        0x00000000         0xffffffff

Linker script and memory map

LOAD ../../bsp/mpsoc_hello_mpsoc_0//obj/HAL/src/crt0.o
LOAD obj/default/src_0/cpu_0.o
LOAD obj/default/src_0/delay_asm.o
LOAD /opt/altera/13.0sp1/nios2eds/bin/gnu/H-i686-pc-linux-gnu/bin/../lib/gcc/nios2-elf/4.1.2/../../../../nios2-elf/lib/mno-hw-mul/libstdc++.a
LOAD /opt/altera/13.0sp1/nios2eds/bin/gnu/H-i686-pc-linux-gnu/bin/../lib/gcc/nios2-elf/4.1.2/../../../../nios2-elf/lib/mno-hw-mul/libm.a
LOAD /opt/altera/13.0sp1/nios2eds/bin/gnu/H-i686-pc-linux-gnu/bin/../lib/gcc/nios2-elf/4.1.2/mno-hw-mul/libgcc.a
START GROUP
LOAD /opt/altera/13.0sp1/nios2eds/bin/gnu/H-i686-pc-linux-gnu/bin/../lib/gcc/nios2-elf/4.1.2/../../../../nios2-elf/lib/mno-hw-mul/libsmallc.a
LOAD /opt/altera/13.0sp1/nios2eds/bin/gnu/H-i686-pc-linux-gnu/bin/../lib/gcc/nios2-elf/4.1.2/mno-hw-mul/libgcc.a
LOAD ../../bsp/mpsoc_hello_mpsoc_0//libhal_bsp.a
END GROUP
LOAD /opt/altera/13.0sp1/nios2eds/bin/gnu/H-i686-pc-linux-gnu/bin/../lib/gcc/nios2-elf/4.1.2/mno-hw-mul/libgcc.a
                0x00080000                __alt_mem_sram = 0x80000
                0x00102000                __alt_mem_shared_onchip = 0x102000
                0x01000000                __alt_mem_sdram = 0x1000000

.entry          0x00080000       0x20
 *(.entry)
 .entry         0x00080000       0x20 ../../bsp/mpsoc_hello_mpsoc_0//obj/HAL/src/crt0.o
                0x00080000                __reset

.exceptions     0x00080020      0x128
                0x00080020                PROVIDE (__ram_exceptions_start, ABSOLUTE (.))
                0x00080020                . = ALIGN (0x20)
 *(.irq)
 *(.exceptions.entry.label)
 .exceptions.entry.label
                0x00080020        0x0 ../../bsp/mpsoc_hello_mpsoc_0//libhal_bsp.a(alt_irq_entry.o)
                0x00080020                alt_irq_entry
 .exceptions.entry.label
                0x00080020        0x0 ../../bsp/mpsoc_hello_mpsoc_0//libhal_bsp.a(alt_exception_entry.o)
                0x00080020                alt_exception
 *(.exceptions.entry.user)
 *(.exceptions.entry)
 .exceptions.entry
                0x00080020       0x54 ../../bsp/mpsoc_hello_mpsoc_0//libhal_bsp.a(alt_exception_entry.o)
 *(.exceptions.irqtest.user)
 *(.exceptions.irqtest)
 .exceptions.irqtest
                0x00080074       0x10 ../../bsp/mpsoc_hello_mpsoc_0//libhal_bsp.a(alt_irq_entry.o)
 *(.exceptions.irqhandler.user)
 *(.exceptions.irqhandler)
 .exceptions.irqhandler
                0x00080084        0x4 ../../bsp/mpsoc_hello_mpsoc_0//libhal_bsp.a(alt_irq_entry.o)
 *(.exceptions.irqreturn.user)
 *(.exceptions.irqreturn)
 .exceptions.irqreturn
                0x00080088        0x4 ../../bsp/mpsoc_hello_mpsoc_0//libhal_bsp.a(alt_irq_entry.o)
 *(.exceptions.notirq.label)
 .exceptions.notirq.label
                0x0008008c        0x0 ../../bsp/mpsoc_hello_mpsoc_0//libhal_bsp.a(alt_irq_entry.o)
 *(.exceptions.notirq.user)
 *(.exceptions.notirq)
 .exceptions.notirq
                0x0008008c        0x8 ../../bsp/mpsoc_hello_mpsoc_0//libhal_bsp.a(alt_exception_entry.o)
 *(.exceptions.soft.user)
 *(.exceptions.soft)
 *(.exceptions.unknown.user)
 *(.exceptions.unknown)
 .exceptions.unknown
                0x00080094        0x4 ../../bsp/mpsoc_hello_mpsoc_0//libhal_bsp.a(alt_exception_entry.o)
 *(.exceptions.exit.label)
 .exceptions.exit.label
                0x00080098        0x0 ../../bsp/mpsoc_hello_mpsoc_0//libhal_bsp.a(alt_irq_entry.o)
 .exceptions.exit.label
                0x00080098        0x0 ../../bsp/mpsoc_hello_mpsoc_0//libhal_bsp.a(alt_exception_entry.o)
 *(.exceptions.exit.user)
 *(.exceptions.exit)
 .exceptions.exit
                0x00080098       0x54 ../../bsp/mpsoc_hello_mpsoc_0//libhal_bsp.a(alt_exception_entry.o)
 *(.exceptions)
 .exceptions    0x000800ec       0x5c ../../bsp/mpsoc_hello_mpsoc_0//libhal_bsp.a(alt_irq_handler.o)
                0x000800ec                alt_irq_handler
                0x00080148                PROVIDE (__ram_exceptions_end, ABSOLUTE (.))
                0x00080020                PROVIDE (__flash_exceptions_start, LOADADDR (.exceptions))

.text           0x00080148     0x2f34
                0x00080148                PROVIDE (stext, ABSOLUTE (.))
 *(.interp)
 *(.hash)
 *(.dynsym)
 *(.dynstr)
 *(.gnu.version)
 *(.gnu.version_d)
 *(.gnu.version_r)
 *(.rel.init)
 *(.rela.init)
 *(.rel.text .rel.text.* .rel.gnu.linkonce.t.*)
 *(.rela.text .rela.text.* .rela.gnu.linkonce.t.*)
 *(.rel.fini)
 *(.rela.fini)
 *(.rel.rodata .rel.rodata.* .rel.gnu.linkonce.r.*)
 *(.rela.rodata .rela.rodata.* .rela.gnu.linkonce.r.*)
 *(.rel.data .rel.data.* .rel.gnu.linkonce.d.*)
 *(.rela.data .rela.data.* .rela.gnu.linkonce.d.*)
 *(.rel.tdata .rel.tdata.* .rel.gnu.linkonce.td.*)
 *(.rela.tdata .rela.tdata.* .rela.gnu.linkonce.td.*)
 *(.rel.tbss .rel.tbss.* .rel.gnu.linkonce.tb.*)
 *(.rela.tbss .rela.tbss.* .rela.gnu.linkonce.tb.*)
 *(.rel.ctors)
 *(.rela.ctors)
 *(.rel.dtors)
 *(.rela.dtors)
 *(.rel.got)
 *(.rela.got)
 *(.rel.sdata .rel.sdata.* .rel.gnu.linkonce.s.*)
 *(.rela.sdata .rela.sdata.* .rela.gnu.linkonce.s.*)
 *(.rel.sbss .rel.sbss.* .rel.gnu.linkonce.sb.*)
 *(.rela.sbss .rela.sbss.* .rela.gnu.linkonce.sb.*)
 *(.rel.sdata2 .rel.sdata2.* .rel.gnu.linkonce.s2.*)
 *(.rela.sdata2 .rela.sdata2.* .rela.gnu.linkonce.s2.*)
 *(.rel.sbss2 .rel.sbss2.* .rel.gnu.linkonce.sb2.*)
 *(.rela.sbss2 .rela.sbss2.* .rela.gnu.linkonce.sb2.*)
 *(.rel.bss .rel.bss.* .rel.gnu.linkonce.b.*)
 *(.rela.bss .rela.bss.* .rela.gnu.linkonce.b.*)
 *(.rel.plt)
 *(.rela.plt)
 *(.rel.dyn)
 *(.init)
 *(.plt)
 *(.text .stub .text.* .gnu.linkonce.t.*)
 .text          0x00080148       0x3c ../../bsp/mpsoc_hello_mpsoc_0//obj/HAL/src/crt0.o
                0x00080148                _start
 .text          0x00080184      0xb04 obj/default/src_0/cpu_0.o
                0x00080184                read_image
                0x000802bc                main
                0x00080724                gray_displayAsciiHidden
                0x0008089c                gray_displayAscii
                0x000809dc                printAsciiHidden
                0x00080aec                printAscii_int
                0x00080bcc                printAscii
 .text          0x00080c88       0x20 obj/default/src_0/delay_asm.o
                0x00080c88                delay
 .text          0x00080ca8      0x14c /opt/altera/13.0sp1/nios2eds/bin/gnu/H-i686-pc-linux-gnu/bin/../lib/gcc/nios2-elf/4.1.2/mno-hw-mul/libgcc.a(lib2-divmod.o)
                0x00080d24                __divsi3
                0x00080d84                __modsi3
                0x00080de4                __udivsi3
                0x00080dec                __umodsi3
 .text          0x00080df4       0x38 /opt/altera/13.0sp1/nios2eds/bin/gnu/H-i686-pc-linux-gnu/bin/../lib/gcc/nios2-elf/4.1.2/mno-hw-mul/libgcc.a(lib2-mul.o)
                0x00080df4                __mulsi3
 .text          0x00080e2c       0x98 /opt/altera/13.0sp1/nios2eds/bin/gnu/H-i686-pc-linux-gnu/bin/../lib/gcc/nios2-elf/4.1.2/../../../../nios2-elf/lib/mno-hw-mul/libsmallc.a(lib_a-printf.o)
                0x00080e2c                printf
                0x00080e80                _printf_r
 .text          0x00080ec4       0x24 /opt/altera/13.0sp1/nios2eds/bin/gnu/H-i686-pc-linux-gnu/bin/../lib/gcc/nios2-elf/4.1.2/../../../../nios2-elf/lib/mno-hw-mul/libsmallc.a(lib_a-putchar.o)
                0x00080ec4                putchar
                0x00080ee0                _putchar_r
 .text          0x00080ee8       0xa4 /opt/altera/13.0sp1/nios2eds/bin/gnu/H-i686-pc-linux-gnu/bin/../lib/gcc/nios2-elf/4.1.2/../../../../nios2-elf/lib/mno-hw-mul/libsmallc.a(lib_a-puts.o)
                0x00080ee8                _puts_r
                0x00080f78                puts
 .text          0x00080f8c       0x20 /opt/altera/13.0sp1/nios2eds/bin/gnu/H-i686-pc-linux-gnu/bin/../lib/gcc/nios2-elf/4.1.2/../../../../nios2-elf/lib/mno-hw-mul/libsmallc.a(lib_a-strlen.o)
                0x00080f8c                strlen
 .text          0x00080fac      0x740 /opt/altera/13.0sp1/nios2eds/bin/gnu/H-i686-pc-linux-gnu/bin/../lib/gcc/nios2-elf/4.1.2/../../../../nios2-elf/lib/mno-hw-mul/libsmallc.a(lib_a-vfprintf.o)
                0x0008102c                ___vfprintf_internal_r
                0x000816c8                __vfprintf_internal
 .text          0x000816ec       0xbc /opt/altera/13.0sp1/nios2eds/bin/gnu/H-i686-pc-linux-gnu/bin/../lib/gcc/nios2-elf/4.1.2/../../../../nios2-elf/lib/mno-hw-mul/libsmallc.a(lib_a-fvwrite_small_dev.o)
                0x000816ec                __sfvwrite_small_dev
 .text          0x000817a8        0x0 /opt/altera/13.0sp1/nios2eds/bin/gnu/H-i686-pc-linux-gnu/bin/../lib/gcc/nios2-elf/4.1.2/../../../../nios2-elf/lib/mno-hw-mul/libsmallc.a(lib_a-impure.o)
 .text          0x000817a8       0xe4 /opt/altera/13.0sp1/nios2eds/bin/gnu/H-i686-pc-linux-gnu/bin/../lib/gcc/nios2-elf/4.1.2/../../../../nios2-elf/lib/mno-hw-mul/libsmallc.a(lib_a-putc.o)
                0x000817a8                putc
                0x00081818                _putc_r
 .text          0x0008188c       0x78 /opt/altera/13.0sp1/nios2eds/bin/gnu/H-i686-pc-linux-gnu/bin/../lib/gcc/nios2-elf/4.1.2/../../../../nios2-elf/lib/mno-hw-mul/libsmallc.a(lib_a-writer.o)
                0x0008188c                _write_r
 .text          0x00081904        0x0 /opt/altera/13.0sp1/nios2eds/bin/gnu/H-i686-pc-linux-gnu/bin/../lib/gcc/nios2-elf/4.1.2/../../../../nios2-elf/lib/mno-hw-mul/libsmallc.a(lib_a-int_errno.o)
 .text          0x00081904       0x8c ../../bsp/mpsoc_hello_mpsoc_0//libhal_bsp.a(alt_load.o)
                0x00081924                alt_load
 .text          0x00081990       0x4c ../../bsp/mpsoc_hello_mpsoc_0//libhal_bsp.a(alt_main.o)
                0x00081990                alt_main
 .text          0x000819dc       0x78 ../../bsp/mpsoc_hello_mpsoc_0//libhal_bsp.a(alt_write.o)
                0x000819dc                write
 .text          0x00081a54       0xd0 ../../bsp/mpsoc_hello_mpsoc_0//libhal_bsp.a(alt_sys_init.o)
                0x00081a6c                alt_sys_init
                0x00081b04                alt_irq_init
 .text          0x00081b24      0x298 ../../bsp/mpsoc_hello_mpsoc_0//libhal_bsp.a(altera_avalon_fifo_util.o)
                0x00081b24                altera_avalon_fifo_read_backpressure
                0x00081b2c                altera_avalon_fifo_read_other_info
                0x00081b34                altera_avalon_fifo_read_level
                0x00081b3c                altera_avalon_fifo_read_event
                0x00081b48                altera_avalon_fifo_read_almostempty
                0x00081b50                altera_avalon_fifo_read_almostfull
                0x00081b58                altera_avalon_fifo_read_ienable
                0x00081b64                altera_avalon_fifo_read_status
                0x00081b70                altera_avalon_fifo_read_fifo
                0x00081bac                altera_avalon_read_fifo
                0x00081c14                altera_avalon_fifo_write_other_info
                0x00081c60                altera_avalon_fifo_write_fifo
                0x00081cac                altera_avalon_fifo_write_almostempty
                0x00081ccc                altera_avalon_fifo_write_almostfull
                0x00081cec                altera_avalon_fifo_write_ienable
                0x00081d0c                altera_avalon_fifo_clear_event
                0x00081d28                altera_avalon_fifo_init
 .text          0x00081dbc       0x34 ../../bsp/mpsoc_hello_mpsoc_0//libhal_bsp.a(altera_avalon_jtag_uart_write.o)
                0x00081dbc                altera_avalon_jtag_uart_write
 .text          0x00081df0      0x11c ../../bsp/mpsoc_hello_mpsoc_0//libhal_bsp.a(altera_avalon_mutex.o)
                0x00081df0                altera_avalon_mutex_close
                0x00081df4                altera_avalon_mutex_first_lock
                0x00081e04                altera_avalon_mutex_is_mine
                0x00081e2c                altera_avalon_mutex_unlock
                0x00081e74                altera_avalon_mutex_open
                0x00081ecc                altera_avalon_mutex_lock
                0x00081f08                altera_avalon_mutex_trylock
 .text          0x00081f0c       0x6c ../../bsp/mpsoc_hello_mpsoc_0//libhal_bsp.a(altera_avalon_timer_sc.o)
                0x00081f0c                alt_avalon_timer_sc_init
 .text          0x00081f78      0x228 ../../bsp/mpsoc_hello_mpsoc_0//libhal_bsp.a(perf_print_formatted_report.o)
                0x00081f78                perf_print_formatted_report
 .text          0x000821a0       0x40 ../../bsp/mpsoc_hello_mpsoc_0//libhal_bsp.a(alt_close.o)
                0x000821a0                close
 .text          0x000821e0        0x4 ../../bsp/mpsoc_hello_mpsoc_0//libhal_bsp.a(alt_dcache_flush_all.o)
                0x000821e0                alt_dcache_flush_all
 .text          0x000821e4        0x8 ../../bsp/mpsoc_hello_mpsoc_0//libhal_bsp.a(alt_dev.o)
 .text          0x000821ec       0x70 ../../bsp/mpsoc_hello_mpsoc_0//libhal_bsp.a(alt_dev_llist_insert.o)
                0x000821ec                alt_dev_llist_insert
 .text          0x0008225c       0x40 ../../bsp/mpsoc_hello_mpsoc_0//libhal_bsp.a(alt_do_ctors.o)
                0x0008225c                _do_ctors
 .text          0x0008229c       0x40 ../../bsp/mpsoc_hello_mpsoc_0//libhal_bsp.a(alt_do_dtors.o)
                0x0008229c                _do_dtors
 .text          0x000822dc        0x0 ../../bsp/mpsoc_hello_mpsoc_0//libhal_bsp.a(alt_errno.o)
 .text          0x000822dc       0x70 ../../bsp/mpsoc_hello_mpsoc_0//libhal_bsp.a(alt_find_dev.o)
                0x000822dc                alt_find_dev
 .text          0x0008234c        0x4 ../../bsp/mpsoc_hello_mpsoc_0//libhal_bsp.a(alt_icache_flush_all.o)
                0x0008234c                alt_icache_flush_all
 .text          0x00082350       0xa0 ../../bsp/mpsoc_hello_mpsoc_0//libhal_bsp.a(alt_irq_register.o)
                0x00082350                alt_irq_register
 .text          0x000823f0        0x0 ../../bsp/mpsoc_hello_mpsoc_0//libhal_bsp.a(alt_irq_vars.o)
 .text          0x000823f0       0xe0 ../../bsp/mpsoc_hello_mpsoc_0//libhal_bsp.a(alt_tick.o)
                0x000823f0                alt_alarm_stop
                0x00082424                alt_tick
 .text          0x000824d0        0x8 ../../bsp/mpsoc_hello_mpsoc_0//libhal_bsp.a(altera_nios2_qsys_irq.o)
                0x000824d0                altera_nios2_qsys_irq_init
 .text          0x000824d8       0x60 ../../bsp/mpsoc_hello_mpsoc_0//libhal_bsp.a(altera_avalon_performance_counter.o)
                0x000824d8                alt_get_performance_counter_base
                0x000824e4                alt_get_cpu_freq
                0x000824f0                perf_get_num_starts
                0x00082500                perf_get_section_time
                0x00082530                perf_get_total_time
 .text          0x00082538        0x0 ../../bsp/mpsoc_hello_mpsoc_0//libhal_bsp.a(alt_irq_entry.o)
 .text          0x00082538        0x0 ../../bsp/mpsoc_hello_mpsoc_0//libhal_bsp.a(alt_irq_handler.o)
 .text          0x00082538        0x0 ../../bsp/mpsoc_hello_mpsoc_0//libhal_bsp.a(alt_exception_entry.o)
 .text          0x00082538       0x14 /opt/altera/13.0sp1/nios2eds/bin/gnu/H-i686-pc-linux-gnu/bin/../lib/gcc/nios2-elf/4.1.2/../../../../nios2-elf/lib/mno-hw-mul/libsmallc.a(lib_a-atexit.o)
                0x00082538                atexit
 .text          0x0008254c       0x20 /opt/altera/13.0sp1/nios2eds/bin/gnu/H-i686-pc-linux-gnu/bin/../lib/gcc/nios2-elf/4.1.2/../../../../nios2-elf/lib/mno-hw-mul/libsmallc.a(lib_a-exit.o)
                0x0008254c                exit
 .text          0x0008256c       0x3c /opt/altera/13.0sp1/nios2eds/bin/gnu/H-i686-pc-linux-gnu/bin/../lib/gcc/nios2-elf/4.1.2/../../../../nios2-elf/lib/mno-hw-mul/libsmallc.a(lib_a-memcmp.o)
                0x0008256c                memcmp
 .text          0x000825a8      0x16c /opt/altera/13.0sp1/nios2eds/bin/gnu/H-i686-pc-linux-gnu/bin/../lib/gcc/nios2-elf/4.1.2/../../../../nios2-elf/lib/mno-hw-mul/libsmallc.a(lib_a-__atexit.o)
                0x000825a8                __register_exitproc
 .text          0x00082714      0x1c0 /opt/altera/13.0sp1/nios2eds/bin/gnu/H-i686-pc-linux-gnu/bin/../lib/gcc/nios2-elf/4.1.2/../../../../nios2-elf/lib/mno-hw-mul/libsmallc.a(lib_a-__call_atexit.o)
                0x00082718                __call_exitprocs
 .text          0x000828d4      0x124 /opt/altera/13.0sp1/nios2eds/bin/gnu/H-i686-pc-linux-gnu/bin/../lib/gcc/nios2-elf/4.1.2/mno-hw-mul/libgcc.a(_muldi3.o)
                0x000828d4                __muldi3
 .text          0x000829f8      0x66c /opt/altera/13.0sp1/nios2eds/bin/gnu/H-i686-pc-linux-gnu/bin/../lib/gcc/nios2-elf/4.1.2/mno-hw-mul/libgcc.a(_udivdi3.o)
                0x000829f8                __udivdi3
 .text          0x00083064        0x0 /opt/altera/13.0sp1/nios2eds/bin/gnu/H-i686-pc-linux-gnu/bin/../lib/gcc/nios2-elf/4.1.2/mno-hw-mul/libgcc.a(_clz.o)
 .text          0x00083064       0x14 ../../bsp/mpsoc_hello_mpsoc_0//libhal_bsp.a(alt_exit.o)
                0x00083064                _exit
 *(.gnu.warning.*)
 *(.fini)
                0x00083078                PROVIDE (__etext, ABSOLUTE (.))
                0x00083078                PROVIDE (_etext, ABSOLUTE (.))
                0x00083078                PROVIDE (etext, ABSOLUTE (.))
 *(.eh_frame_hdr)
                0x00083078                . = ALIGN (0x4)
                0x00083078                PROVIDE (__preinit_array_start, ABSOLUTE (.))
 *(.preinit_array)
                0x00083078                PROVIDE (__preinit_array_end, ABSOLUTE (.))
                0x00083078                PROVIDE (__init_array_start, ABSOLUTE (.))
 *(.init_array)
                0x00083078                PROVIDE (__init_array_end, ABSOLUTE (.))
                0x00083078                PROVIDE (__fini_array_start, ABSOLUTE (.))
 *(.fini_array)
                0x00083078                PROVIDE (__fini_array_end, ABSOLUTE (.))
 *(.eh_frame)
 *(.gcc_except_table)
 *(.dynamic)
                0x00083078                PROVIDE (__CTOR_LIST__, ABSOLUTE (.))
 *(.ctors)
 *(SORT(.ctors.*))
 .ctors.65535   0x00083078        0x4 /opt/altera/13.0sp1/nios2eds/bin/gnu/H-i686-pc-linux-gnu/bin/../lib/gcc/nios2-elf/4.1.2/../../../../nios2-elf/lib/mno-hw-mul/libsmallc.a(lib_a-__call_atexit.o)
                0x0008307c                PROVIDE (__CTOR_END__, ABSOLUTE (.))
                0x0008307c                PROVIDE (__DTOR_LIST__, ABSOLUTE (.))
 *(.dtors)
 *(SORT(.dtors.*))
                0x0008307c                PROVIDE (__DTOR_END__, ABSOLUTE (.))
 *(.jcr)
                0x0008307c                . = ALIGN (0x4)

.rodata         0x0008307c      0x30c
                0x0008307c                PROVIDE (__ram_rodata_start, ABSOLUTE (.))
                0x0008307c                . = ALIGN (0x4)
 *(.rodata .rodata.* .gnu.linkonce.r.*)
 .rodata.str1.4
                0x0008307c       0x88 obj/default/src_0/cpu_0.o
 .rodata.str1.4
                0x00000000       0x88 /opt/altera/13.0sp1/nios2eds/bin/gnu/H-i686-pc-linux-gnu/bin/../lib/gcc/nios2-elf/4.1.2/../../../../nios2-elf/lib/mno-hw-mul/libsmallc.a(lib_a-puts.o)
                                  0x4 (size before relaxing)
 .rodata.str1.4
                0x00083104       0x6f ../../bsp/mpsoc_hello_mpsoc_0//libhal_bsp.a(alt_sys_init.o)
                                 0x80 (size before relaxing)
 *fill*         0x00083173        0x1 00
 .rodata.str1.4
                0x00083174      0x106 ../../bsp/mpsoc_hello_mpsoc_0//libhal_bsp.a(perf_print_formatted_report.o)
                                0x108 (size before relaxing)
 *fill*         0x0008327a        0x2 00
 .rodata.str1.4
                0x0008327c        0xc ../../bsp/mpsoc_hello_mpsoc_0//libhal_bsp.a(alt_dev.o)
 .rodata        0x00083288      0x100 /opt/altera/13.0sp1/nios2eds/bin/gnu/H-i686-pc-linux-gnu/bin/../lib/gcc/nios2-elf/4.1.2/mno-hw-mul/libgcc.a(_clz.o)
                0x00083288                __clz_tab
 *(.rodata1)
                0x00083388                . = ALIGN (0x4)
                0x00083388                PROVIDE (__ram_rodata_end, ABSOLUTE (.))
                0x0008307c                PROVIDE (__flash_rodata_start, LOADADDR (.rodata))

.rwdata         0x00083388     0xc274 load address 0x0008f5fc
                0x00083388                PROVIDE (__ram_rwdata_start, ABSOLUTE (.))
                0x00083388                . = ALIGN (0x4)
 *(.got.plt)
 *(.got)
 *(.data1)
 *(.data .data.* .gnu.linkonce.d.*)
 .data          0x00083388        0x0 ../../bsp/mpsoc_hello_mpsoc_0//obj/HAL/src/crt0.o
 .data          0x00083388     0xc02c obj/default/src_0/cpu_0.o
                0x00083388                asciiChars
                0x00083398                test_ppm_1
                0x0008639b                test_ppm_2
                0x0008939e                test_ppm_3
                0x0008c3a1                test_ppm_4
                0x0008f3a4                image_sequence
 .data          0x0008f3b4        0x0 obj/default/src_0/delay_asm.o
 .data          0x0008f3b4        0x0 /opt/altera/13.0sp1/nios2eds/bin/gnu/H-i686-pc-linux-gnu/bin/../lib/gcc/nios2-elf/4.1.2/mno-hw-mul/libgcc.a(lib2-divmod.o)
 .data          0x0008f3b4        0x0 /opt/altera/13.0sp1/nios2eds/bin/gnu/H-i686-pc-linux-gnu/bin/../lib/gcc/nios2-elf/4.1.2/mno-hw-mul/libgcc.a(lib2-mul.o)
 .data          0x0008f3b4        0x0 /opt/altera/13.0sp1/nios2eds/bin/gnu/H-i686-pc-linux-gnu/bin/../lib/gcc/nios2-elf/4.1.2/../../../../nios2-elf/lib/mno-hw-mul/libsmallc.a(lib_a-printf.o)
 .data          0x0008f3b4        0x0 /opt/altera/13.0sp1/nios2eds/bin/gnu/H-i686-pc-linux-gnu/bin/../lib/gcc/nios2-elf/4.1.2/../../../../nios2-elf/lib/mno-hw-mul/libsmallc.a(lib_a-putchar.o)
 .data          0x0008f3b4        0x0 /opt/altera/13.0sp1/nios2eds/bin/gnu/H-i686-pc-linux-gnu/bin/../lib/gcc/nios2-elf/4.1.2/../../../../nios2-elf/lib/mno-hw-mul/libsmallc.a(lib_a-puts.o)
 .data          0x0008f3b4        0x0 /opt/altera/13.0sp1/nios2eds/bin/gnu/H-i686-pc-linux-gnu/bin/../lib/gcc/nios2-elf/4.1.2/../../../../nios2-elf/lib/mno-hw-mul/libsmallc.a(lib_a-strlen.o)
 .data          0x0008f3b4        0x0 /opt/altera/13.0sp1/nios2eds/bin/gnu/H-i686-pc-linux-gnu/bin/../lib/gcc/nios2-elf/4.1.2/../../../../nios2-elf/lib/mno-hw-mul/libsmallc.a(lib_a-vfprintf.o)
 .data          0x0008f3b4        0x0 /opt/altera/13.0sp1/nios2eds/bin/gnu/H-i686-pc-linux-gnu/bin/../lib/gcc/nios2-elf/4.1.2/../../../../nios2-elf/lib/mno-hw-mul/libsmallc.a(lib_a-fvwrite_small_dev.o)
 .data          0x0008f3b4       0xe0 /opt/altera/13.0sp1/nios2eds/bin/gnu/H-i686-pc-linux-gnu/bin/../lib/gcc/nios2-elf/4.1.2/../../../../nios2-elf/lib/mno-hw-mul/libsmallc.a(lib_a-impure.o)
 .data          0x0008f494        0x0 /opt/altera/13.0sp1/nios2eds/bin/gnu/H-i686-pc-linux-gnu/bin/../lib/gcc/nios2-elf/4.1.2/../../../../nios2-elf/lib/mno-hw-mul/libsmallc.a(lib_a-putc.o)
 .data          0x0008f494        0x0 /opt/altera/13.0sp1/nios2eds/bin/gnu/H-i686-pc-linux-gnu/bin/../lib/gcc/nios2-elf/4.1.2/../../../../nios2-elf/lib/mno-hw-mul/libsmallc.a(lib_a-writer.o)
 .data          0x0008f494        0x0 /opt/altera/13.0sp1/nios2eds/bin/gnu/H-i686-pc-linux-gnu/bin/../lib/gcc/nios2-elf/4.1.2/../../../../nios2-elf/lib/mno-hw-mul/libsmallc.a(lib_a-int_errno.o)
 .data          0x0008f494        0x0 ../../bsp/mpsoc_hello_mpsoc_0//libhal_bsp.a(alt_load.o)
 .data          0x0008f494        0x0 ../../bsp/mpsoc_hello_mpsoc_0//libhal_bsp.a(alt_main.o)
 .data          0x0008f494        0x0 ../../bsp/mpsoc_hello_mpsoc_0//libhal_bsp.a(alt_write.o)
 .data          0x0008f494       0xd4 ../../bsp/mpsoc_hello_mpsoc_0//libhal_bsp.a(alt_sys_init.o)
 .data          0x0008f568        0x0 ../../bsp/mpsoc_hello_mpsoc_0//libhal_bsp.a(altera_avalon_fifo_util.o)
 .data          0x0008f568        0x0 ../../bsp/mpsoc_hello_mpsoc_0//libhal_bsp.a(altera_avalon_jtag_uart_write.o)
 .data          0x0008f568        0x0 ../../bsp/mpsoc_hello_mpsoc_0//libhal_bsp.a(altera_avalon_mutex.o)
 .data          0x0008f568        0x0 ../../bsp/mpsoc_hello_mpsoc_0//libhal_bsp.a(altera_avalon_timer_sc.o)
 .data          0x0008f568        0x0 ../../bsp/mpsoc_hello_mpsoc_0//libhal_bsp.a(perf_print_formatted_report.o)
 .data          0x0008f568        0x0 ../../bsp/mpsoc_hello_mpsoc_0//libhal_bsp.a(alt_close.o)
 .data          0x0008f568        0x0 ../../bsp/mpsoc_hello_mpsoc_0//libhal_bsp.a(alt_dcache_flush_all.o)
 .data          0x0008f568       0x58 ../../bsp/mpsoc_hello_mpsoc_0//libhal_bsp.a(alt_dev.o)
                0x0008f568                alt_dev_null
                0x0008f590                alt_fd_list
 .data          0x0008f5c0        0x0 ../../bsp/mpsoc_hello_mpsoc_0//libhal_bsp.a(alt_dev_llist_insert.o)
 .data          0x0008f5c0        0x0 ../../bsp/mpsoc_hello_mpsoc_0//libhal_bsp.a(alt_do_ctors.o)
 .data          0x0008f5c0        0x0 ../../bsp/mpsoc_hello_mpsoc_0//libhal_bsp.a(alt_do_dtors.o)
 .data          0x0008f5c0        0x0 ../../bsp/mpsoc_hello_mpsoc_0//libhal_bsp.a(alt_errno.o)
 .data          0x0008f5c0        0x0 ../../bsp/mpsoc_hello_mpsoc_0//libhal_bsp.a(alt_find_dev.o)
 .data          0x0008f5c0        0x0 ../../bsp/mpsoc_hello_mpsoc_0//libhal_bsp.a(alt_icache_flush_all.o)
 .data          0x0008f5c0        0x0 ../../bsp/mpsoc_hello_mpsoc_0//libhal_bsp.a(alt_irq_register.o)
 .data          0x0008f5c0        0x0 ../../bsp/mpsoc_hello_mpsoc_0//libhal_bsp.a(alt_irq_vars.o)
 .data          0x0008f5c0        0x0 ../../bsp/mpsoc_hello_mpsoc_0//libhal_bsp.a(alt_tick.o)
 .data          0x0008f5c0        0x0 ../../bsp/mpsoc_hello_mpsoc_0//libhal_bsp.a(altera_nios2_qsys_irq.o)
 .data          0x0008f5c0        0x0 ../../bsp/mpsoc_hello_mpsoc_0//libhal_bsp.a(altera_avalon_performance_counter.o)
 .data          0x0008f5c0        0x0 ../../bsp/mpsoc_hello_mpsoc_0//libhal_bsp.a(alt_irq_entry.o)
 .data          0x0008f5c0        0x0 ../../bsp/mpsoc_hello_mpsoc_0//libhal_bsp.a(alt_irq_handler.o)
 .data          0x0008f5c0        0x0 ../../bsp/mpsoc_hello_mpsoc_0//libhal_bsp.a(alt_exception_entry.o)
 .data          0x0008f5c0        0x0 /opt/altera/13.0sp1/nios2eds/bin/gnu/H-i686-pc-linux-gnu/bin/../lib/gcc/nios2-elf/4.1.2/../../../../nios2-elf/lib/mno-hw-mul/libsmallc.a(lib_a-atexit.o)
 .data          0x0008f5c0        0x0 /opt/altera/13.0sp1/nios2eds/bin/gnu/H-i686-pc-linux-gnu/bin/../lib/gcc/nios2-elf/4.1.2/../../../../nios2-elf/lib/mno-hw-mul/libsmallc.a(lib_a-exit.o)
 .data          0x0008f5c0        0x0 /opt/altera/13.0sp1/nios2eds/bin/gnu/H-i686-pc-linux-gnu/bin/../lib/gcc/nios2-elf/4.1.2/../../../../nios2-elf/lib/mno-hw-mul/libsmallc.a(lib_a-memcmp.o)
 .data          0x0008f5c0        0x0 /opt/altera/13.0sp1/nios2eds/bin/gnu/H-i686-pc-linux-gnu/bin/../lib/gcc/nios2-elf/4.1.2/../../../../nios2-elf/lib/mno-hw-mul/libsmallc.a(lib_a-__atexit.o)
 .data          0x0008f5c0        0x0 /opt/altera/13.0sp1/nios2eds/bin/gnu/H-i686-pc-linux-gnu/bin/../lib/gcc/nios2-elf/4.1.2/../../../../nios2-elf/lib/mno-hw-mul/libsmallc.a(lib_a-__call_atexit.o)
 .data          0x0008f5c0        0x0 /opt/altera/13.0sp1/nios2eds/bin/gnu/H-i686-pc-linux-gnu/bin/../lib/gcc/nios2-elf/4.1.2/mno-hw-mul/libgcc.a(_muldi3.o)
 .data          0x0008f5c0        0x0 /opt/altera/13.0sp1/nios2eds/bin/gnu/H-i686-pc-linux-gnu/bin/../lib/gcc/nios2-elf/4.1.2/mno-hw-mul/libgcc.a(_udivdi3.o)
 .data          0x0008f5c0        0x0 /opt/altera/13.0sp1/nios2eds/bin/gnu/H-i686-pc-linux-gnu/bin/../lib/gcc/nios2-elf/4.1.2/mno-hw-mul/libgcc.a(_clz.o)
 .data          0x0008f5c0        0x0 ../../bsp/mpsoc_hello_mpsoc_0//libhal_bsp.a(alt_exit.o)
                0x000975c0                _gp = ABSOLUTE ((. + 0x8000))
                0x000975c0                PROVIDE (gp, _gp)
 *(.rwdata .rwdata.*)
 *(.sdata .sdata.* .gnu.linkonce.s.*)
 .sdata         0x0008f5c0        0x2 obj/default/src_0/cpu_0.o
                0x0008f5c0                NR_ASCII_CHARS
                0x0008f5c1                sequence_length
 *fill*         0x0008f5c2        0x2 00
 .sdata         0x0008f5c4        0x8 /opt/altera/13.0sp1/nios2eds/bin/gnu/H-i686-pc-linux-gnu/bin/../lib/gcc/nios2-elf/4.1.2/../../../../nios2-elf/lib/mno-hw-mul/libsmallc.a(lib_a-impure.o)
                0x0008f5c4                _impure_ptr
                0x0008f5c8                _global_impure_ptr
 .sdata         0x0008f5cc        0x4 ../../bsp/mpsoc_hello_mpsoc_0//libhal_bsp.a(alt_sys_init.o)
                0x0008f5cc                jtag_uart_0
 .sdata         0x0008f5d0        0x8 ../../bsp/mpsoc_hello_mpsoc_0//libhal_bsp.a(altera_avalon_mutex.o)
                0x0008f5d0                alt_mutex_list
 .sdata         0x0008f5d8       0x14 ../../bsp/mpsoc_hello_mpsoc_0//libhal_bsp.a(alt_dev.o)
                0x0008f5d8                alt_fs_list
                0x0008f5e0                alt_dev_list
                0x0008f5e8                alt_max_fd
 .sdata         0x0008f5ec        0x4 ../../bsp/mpsoc_hello_mpsoc_0//libhal_bsp.a(alt_errno.o)
                0x0008f5ec                alt_errno
 .sdata         0x0008f5f0        0x4 ../../bsp/mpsoc_hello_mpsoc_0//libhal_bsp.a(alt_irq_vars.o)
                0x0008f5f0                alt_priority_mask
 .sdata         0x0008f5f4        0x8 ../../bsp/mpsoc_hello_mpsoc_0//libhal_bsp.a(alt_tick.o)
                0x0008f5f4                alt_alarm_list
 *(.sdata2 .sdata2.* .gnu.linkonce.s2.*)
                0x0008f5fc                . = ALIGN (0x4)
                0x0008f5fc                _edata = ABSOLUTE (.)
                0x0008f5fc                PROVIDE (edata, ABSOLUTE (.))
                0x0008f5fc                PROVIDE (__ram_rwdata_end, ABSOLUTE (.))
                0x0008f5fc                PROVIDE (__flash_rwdata_start, LOADADDR (.rwdata))

.bss            0x0009b870      0x1b8
                0x0009b870                __bss_start = ABSOLUTE (.)
                0x0009b870                PROVIDE (__sbss_start, ABSOLUTE (.))
                0x0009b870                PROVIDE (___sbss_start, ABSOLUTE (.))
 *(.dynsbss)
 *(.sbss .sbss.* .gnu.linkonce.sb.*)
 .sbss          0x0009b870        0x1 obj/default/src_0/cpu_0.o
 .sbss          0x0009b871        0xe obj/default/src_0/cpu_0.o
                0x0009b871                p
                0x0009b872                cropY
                0x0009b873                sizeX
                0x0009b874                i
                0x0009b875                CoordinateX
                0x0009b879                cropX
                0x0009b87a                sizeY
                0x0009b87b                CoordinateY
 *fill*         0x0009b87f        0x1 00
 .sbss          0x0009b880        0x4 /opt/altera/13.0sp1/nios2eds/bin/gnu/H-i686-pc-linux-gnu/bin/../lib/gcc/nios2-elf/4.1.2/../../../../nios2-elf/lib/mno-hw-mul/libsmallc.a(lib_a-int_errno.o)
                0x0009b880                errno
 .sbss          0x0009b884        0xc ../../bsp/mpsoc_hello_mpsoc_0//libhal_bsp.a(alt_main.o)
                0x0009b884                alt_argc
                0x0009b888                alt_argv
                0x0009b88c                alt_envp
 .sbss          0x0009b890        0x4 ../../bsp/mpsoc_hello_mpsoc_0//libhal_bsp.a(alt_irq_vars.o)
                0x0009b890                alt_irq_active
 .sbss          0x0009b894        0x8 ../../bsp/mpsoc_hello_mpsoc_0//libhal_bsp.a(alt_tick.o)
                0x0009b894                _alt_tick_rate
                0x0009b898                _alt_nticks
 *(.sbss2 .sbss2.* .gnu.linkonce.sb2.*)
 *(.scommon)
                0x0009b89c                PROVIDE (__sbss_end, ABSOLUTE (.))
                0x0009b89c                PROVIDE (___sbss_end, ABSOLUTE (.))
 *(.dynbss)
 *(.bss .bss.* .gnu.linkonce.b.*)
 .bss           0x0009b89c        0x0 ../../bsp/mpsoc_hello_mpsoc_0//obj/HAL/src/crt0.o
 .bss           0x0009b89c        0x0 obj/default/src_0/cpu_0.o
 .bss           0x0009b89c        0x0 obj/default/src_0/delay_asm.o
 .bss           0x0009b89c        0x0 /opt/altera/13.0sp1/nios2eds/bin/gnu/H-i686-pc-linux-gnu/bin/../lib/gcc/nios2-elf/4.1.2/mno-hw-mul/libgcc.a(lib2-divmod.o)
 .bss           0x0009b89c        0x0 /opt/altera/13.0sp1/nios2eds/bin/gnu/H-i686-pc-linux-gnu/bin/../lib/gcc/nios2-elf/4.1.2/mno-hw-mul/libgcc.a(lib2-mul.o)
 .bss           0x0009b89c        0x0 /opt/altera/13.0sp1/nios2eds/bin/gnu/H-i686-pc-linux-gnu/bin/../lib/gcc/nios2-elf/4.1.2/../../../../nios2-elf/lib/mno-hw-mul/libsmallc.a(lib_a-printf.o)
 .bss           0x0009b89c        0x0 /opt/altera/13.0sp1/nios2eds/bin/gnu/H-i686-pc-linux-gnu/bin/../lib/gcc/nios2-elf/4.1.2/../../../../nios2-elf/lib/mno-hw-mul/libsmallc.a(lib_a-putchar.o)
 .bss           0x0009b89c        0x0 /opt/altera/13.0sp1/nios2eds/bin/gnu/H-i686-pc-linux-gnu/bin/../lib/gcc/nios2-elf/4.1.2/../../../../nios2-elf/lib/mno-hw-mul/libsmallc.a(lib_a-puts.o)
 .bss           0x0009b89c        0x0 /opt/altera/13.0sp1/nios2eds/bin/gnu/H-i686-pc-linux-gnu/bin/../lib/gcc/nios2-elf/4.1.2/../../../../nios2-elf/lib/mno-hw-mul/libsmallc.a(lib_a-strlen.o)
 .bss           0x0009b89c        0x0 /opt/altera/13.0sp1/nios2eds/bin/gnu/H-i686-pc-linux-gnu/bin/../lib/gcc/nios2-elf/4.1.2/../../../../nios2-elf/lib/mno-hw-mul/libsmallc.a(lib_a-vfprintf.o)
 .bss           0x0009b89c        0x0 /opt/altera/13.0sp1/nios2eds/bin/gnu/H-i686-pc-linux-gnu/bin/../lib/gcc/nios2-elf/4.1.2/../../../../nios2-elf/lib/mno-hw-mul/libsmallc.a(lib_a-fvwrite_small_dev.o)
 .bss           0x0009b89c        0x0 /opt/altera/13.0sp1/nios2eds/bin/gnu/H-i686-pc-linux-gnu/bin/../lib/gcc/nios2-elf/4.1.2/../../../../nios2-elf/lib/mno-hw-mul/libsmallc.a(lib_a-impure.o)
 .bss           0x0009b89c        0x0 /opt/altera/13.0sp1/nios2eds/bin/gnu/H-i686-pc-linux-gnu/bin/../lib/gcc/nios2-elf/4.1.2/../../../../nios2-elf/lib/mno-hw-mul/libsmallc.a(lib_a-putc.o)
 .bss           0x0009b89c        0x0 /opt/altera/13.0sp1/nios2eds/bin/gnu/H-i686-pc-linux-gnu/bin/../lib/gcc/nios2-elf/4.1.2/../../../../nios2-elf/lib/mno-hw-mul/libsmallc.a(lib_a-writer.o)
 .bss           0x0009b89c        0x0 /opt/altera/13.0sp1/nios2eds/bin/gnu/H-i686-pc-linux-gnu/bin/../lib/gcc/nios2-elf/4.1.2/../../../../nios2-elf/lib/mno-hw-mul/libsmallc.a(lib_a-int_errno.o)
 .bss           0x0009b89c        0x0 ../../bsp/mpsoc_hello_mpsoc_0//libhal_bsp.a(alt_load.o)
 .bss           0x0009b89c        0x0 ../../bsp/mpsoc_hello_mpsoc_0//libhal_bsp.a(alt_main.o)
 .bss           0x0009b89c        0x0 ../../bsp/mpsoc_hello_mpsoc_0//libhal_bsp.a(alt_write.o)
 .bss           0x0009b89c        0x0 ../../bsp/mpsoc_hello_mpsoc_0//libhal_bsp.a(alt_sys_init.o)
 .bss           0x0009b89c        0x0 ../../bsp/mpsoc_hello_mpsoc_0//libhal_bsp.a(altera_avalon_fifo_util.o)
 .bss           0x0009b89c        0x0 ../../bsp/mpsoc_hello_mpsoc_0//libhal_bsp.a(altera_avalon_jtag_uart_write.o)
 .bss           0x0009b89c        0x0 ../../bsp/mpsoc_hello_mpsoc_0//libhal_bsp.a(altera_avalon_mutex.o)
 .bss           0x0009b89c        0x0 ../../bsp/mpsoc_hello_mpsoc_0//libhal_bsp.a(altera_avalon_timer_sc.o)
 .bss           0x0009b89c        0x0 ../../bsp/mpsoc_hello_mpsoc_0//libhal_bsp.a(perf_print_formatted_report.o)
 .bss           0x0009b89c        0x0 ../../bsp/mpsoc_hello_mpsoc_0//libhal_bsp.a(alt_close.o)
 .bss           0x0009b89c        0x0 ../../bsp/mpsoc_hello_mpsoc_0//libhal_bsp.a(alt_dcache_flush_all.o)
 .bss           0x0009b89c        0x0 ../../bsp/mpsoc_hello_mpsoc_0//libhal_bsp.a(alt_dev.o)
 .bss           0x0009b89c        0x0 ../../bsp/mpsoc_hello_mpsoc_0//libhal_bsp.a(alt_dev_llist_insert.o)
 .bss           0x0009b89c        0x0 ../../bsp/mpsoc_hello_mpsoc_0//libhal_bsp.a(alt_do_ctors.o)
 .bss           0x0009b89c        0x0 ../../bsp/mpsoc_hello_mpsoc_0//libhal_bsp.a(alt_do_dtors.o)
 .bss           0x0009b89c        0x0 ../../bsp/mpsoc_hello_mpsoc_0//libhal_bsp.a(alt_errno.o)
 .bss           0x0009b89c        0x0 ../../bsp/mpsoc_hello_mpsoc_0//libhal_bsp.a(alt_find_dev.o)
 .bss           0x0009b89c        0x0 ../../bsp/mpsoc_hello_mpsoc_0//libhal_bsp.a(alt_icache_flush_all.o)
 .bss           0x0009b89c        0x0 ../../bsp/mpsoc_hello_mpsoc_0//libhal_bsp.a(alt_irq_register.o)
 .bss           0x0009b89c        0x0 ../../bsp/mpsoc_hello_mpsoc_0//libhal_bsp.a(alt_irq_vars.o)
 .bss           0x0009b89c        0x0 ../../bsp/mpsoc_hello_mpsoc_0//libhal_bsp.a(alt_tick.o)
 .bss           0x0009b89c        0x0 ../../bsp/mpsoc_hello_mpsoc_0//libhal_bsp.a(altera_nios2_qsys_irq.o)
 .bss           0x0009b89c        0x0 ../../bsp/mpsoc_hello_mpsoc_0//libhal_bsp.a(altera_avalon_performance_counter.o)
 .bss           0x0009b89c        0x0 ../../bsp/mpsoc_hello_mpsoc_0//libhal_bsp.a(alt_irq_entry.o)
 .bss           0x0009b89c        0x0 ../../bsp/mpsoc_hello_mpsoc_0//libhal_bsp.a(alt_irq_handler.o)
 .bss           0x0009b89c        0x0 ../../bsp/mpsoc_hello_mpsoc_0//libhal_bsp.a(alt_exception_entry.o)
 .bss           0x0009b89c        0x0 /opt/altera/13.0sp1/nios2eds/bin/gnu/H-i686-pc-linux-gnu/bin/../lib/gcc/nios2-elf/4.1.2/../../../../nios2-elf/lib/mno-hw-mul/libsmallc.a(lib_a-atexit.o)
 .bss           0x0009b89c        0x0 /opt/altera/13.0sp1/nios2eds/bin/gnu/H-i686-pc-linux-gnu/bin/../lib/gcc/nios2-elf/4.1.2/../../../../nios2-elf/lib/mno-hw-mul/libsmallc.a(lib_a-exit.o)
 .bss           0x0009b89c        0x0 /opt/altera/13.0sp1/nios2eds/bin/gnu/H-i686-pc-linux-gnu/bin/../lib/gcc/nios2-elf/4.1.2/../../../../nios2-elf/lib/mno-hw-mul/libsmallc.a(lib_a-memcmp.o)
 .bss           0x0009b89c        0x0 /opt/altera/13.0sp1/nios2eds/bin/gnu/H-i686-pc-linux-gnu/bin/../lib/gcc/nios2-elf/4.1.2/../../../../nios2-elf/lib/mno-hw-mul/libsmallc.a(lib_a-__atexit.o)
 .bss           0x0009b89c        0x0 /opt/altera/13.0sp1/nios2eds/bin/gnu/H-i686-pc-linux-gnu/bin/../lib/gcc/nios2-elf/4.1.2/../../../../nios2-elf/lib/mno-hw-mul/libsmallc.a(lib_a-__call_atexit.o)
 .bss           0x0009b89c        0x0 /opt/altera/13.0sp1/nios2eds/bin/gnu/H-i686-pc-linux-gnu/bin/../lib/gcc/nios2-elf/4.1.2/mno-hw-mul/libgcc.a(_muldi3.o)
 .bss           0x0009b89c        0x0 /opt/altera/13.0sp1/nios2eds/bin/gnu/H-i686-pc-linux-gnu/bin/../lib/gcc/nios2-elf/4.1.2/mno-hw-mul/libgcc.a(_udivdi3.o)
 .bss           0x0009b89c        0x0 /opt/altera/13.0sp1/nios2eds/bin/gnu/H-i686-pc-linux-gnu/bin/../lib/gcc/nios2-elf/4.1.2/mno-hw-mul/libgcc.a(_clz.o)
 .bss           0x0009b89c        0x0 ../../bsp/mpsoc_hello_mpsoc_0//libhal_bsp.a(alt_exit.o)
 *(COMMON)
 COMMON         0x0009b89c      0x100 ../../bsp/mpsoc_hello_mpsoc_0//libhal_bsp.a(alt_irq_handler.o)
                0x0009b89c                alt_irq
 COMMON         0x0009b99c       0x8c /opt/altera/13.0sp1/nios2eds/bin/gnu/H-i686-pc-linux-gnu/bin/../lib/gcc/nios2-elf/4.1.2/../../../../nios2-elf/lib/mno-hw-mul/libsmallc.a(lib_a-atexit.o)
                0x0009b99c                _atexit0
                0x0009ba28                . = ALIGN (0x4)
                0x0009ba28                __bss_end = ABSOLUTE (.)

.sram           0x0009ba28        0x0
                0x0009ba28                PROVIDE (_alt_partition_sram_start, ABSOLUTE (.))
 *(.sram. sram.*)
                0x0009ba28                . = ALIGN (0x4)
                0x0009ba28                PROVIDE (_alt_partition_sram_end, ABSOLUTE (.))
                0x0009ba28                _end = ABSOLUTE (.)
                0x0009ba28                end = ABSOLUTE (.)
                0x0009ba28                __alt_stack_base = ABSOLUTE (.)
                0x0009ba28                PROVIDE (_alt_partition_sram_load_addr, LOADADDR (.sram))

.shared_onchip  0x00102000        0x0 load address 0x0009ba28
                0x00102000                PROVIDE (_alt_partition_shared_onchip_start, ABSOLUTE (.))
 *(.shared_onchip. shared_onchip.*)
                0x00102000                . = ALIGN (0x4)
                0x00102000                PROVIDE (_alt_partition_shared_onchip_end, ABSOLUTE (.))
                0x0009ba28                PROVIDE (_alt_partition_shared_onchip_load_addr, LOADADDR (.shared_onchip))

.sdram          0x01000000        0x0 load address 0x0009ba28
                0x01000000                PROVIDE (_alt_partition_sdram_start, ABSOLUTE (.))
 *(.sdram. sdram.*)
                0x01000000                . = ALIGN (0x4)
                0x01000000                PROVIDE (_alt_partition_sdram_end, ABSOLUTE (.))
                0x0009ba28                PROVIDE (_alt_partition_sdram_load_addr, LOADADDR (.sdram))

.stab
 *(.stab)

.stabstr
 *(.stabstr)

.stab.excl
 *(.stab.excl)

.stab.exclstr
 *(.stab.exclstr)

.stab.index
 *(.stab.index)

.stab.indexstr
 *(.stab.indexstr)

.comment        0x00000000       0x26
 *(.comment)
 .comment       0x00000000       0x26 obj/default/src_0/cpu_0.o
                                 0x27 (size before relaxing)
 .comment       0x00000000       0x27 /opt/altera/13.0sp1/nios2eds/bin/gnu/H-i686-pc-linux-gnu/bin/../lib/gcc/nios2-elf/4.1.2/mno-hw-mul/libgcc.a(lib2-divmod.o)
 .comment       0x00000000       0x27 /opt/altera/13.0sp1/nios2eds/bin/gnu/H-i686-pc-linux-gnu/bin/../lib/gcc/nios2-elf/4.1.2/mno-hw-mul/libgcc.a(lib2-mul.o)
 .comment       0x00000000       0x27 /opt/altera/13.0sp1/nios2eds/bin/gnu/H-i686-pc-linux-gnu/bin/../lib/gcc/nios2-elf/4.1.2/../../../../nios2-elf/lib/mno-hw-mul/libsmallc.a(lib_a-printf.o)
 .comment       0x00000000       0x27 /opt/altera/13.0sp1/nios2eds/bin/gnu/H-i686-pc-linux-gnu/bin/../lib/gcc/nios2-elf/4.1.2/../../../../nios2-elf/lib/mno-hw-mul/libsmallc.a(lib_a-putchar.o)
 .comment       0x00000000       0x27 /opt/altera/13.0sp1/nios2eds/bin/gnu/H-i686-pc-linux-gnu/bin/../lib/gcc/nios2-elf/4.1.2/../../../../nios2-elf/lib/mno-hw-mul/libsmallc.a(lib_a-puts.o)
 .comment       0x00000000       0x27 /opt/altera/13.0sp1/nios2eds/bin/gnu/H-i686-pc-linux-gnu/bin/../lib/gcc/nios2-elf/4.1.2/../../../../nios2-elf/lib/mno-hw-mul/libsmallc.a(lib_a-strlen.o)
 .comment       0x00000000       0x27 /opt/altera/13.0sp1/nios2eds/bin/gnu/H-i686-pc-linux-gnu/bin/../lib/gcc/nios2-elf/4.1.2/../../../../nios2-elf/lib/mno-hw-mul/libsmallc.a(lib_a-vfprintf.o)
 .comment       0x00000000       0x27 /opt/altera/13.0sp1/nios2eds/bin/gnu/H-i686-pc-linux-gnu/bin/../lib/gcc/nios2-elf/4.1.2/../../../../nios2-elf/lib/mno-hw-mul/libsmallc.a(lib_a-fvwrite_small_dev.o)
 .comment       0x00000000       0x27 /opt/altera/13.0sp1/nios2eds/bin/gnu/H-i686-pc-linux-gnu/bin/../lib/gcc/nios2-elf/4.1.2/../../../../nios2-elf/lib/mno-hw-mul/libsmallc.a(lib_a-impure.o)
 .comment       0x00000000       0x27 /opt/altera/13.0sp1/nios2eds/bin/gnu/H-i686-pc-linux-gnu/bin/../lib/gcc/nios2-elf/4.1.2/../../../../nios2-elf/lib/mno-hw-mul/libsmallc.a(lib_a-putc.o)
 .comment       0x00000000       0x27 /opt/altera/13.0sp1/nios2eds/bin/gnu/H-i686-pc-linux-gnu/bin/../lib/gcc/nios2-elf/4.1.2/../../../../nios2-elf/lib/mno-hw-mul/libsmallc.a(lib_a-writer.o)
 .comment       0x00000000       0x27 /opt/altera/13.0sp1/nios2eds/bin/gnu/H-i686-pc-linux-gnu/bin/../lib/gcc/nios2-elf/4.1.2/../../../../nios2-elf/lib/mno-hw-mul/libsmallc.a(lib_a-int_errno.o)
 .comment       0x00000000       0x27 ../../bsp/mpsoc_hello_mpsoc_0//libhal_bsp.a(alt_load.o)
 .comment       0x00000000       0x27 ../../bsp/mpsoc_hello_mpsoc_0//libhal_bsp.a(alt_main.o)
 .comment       0x00000000       0x27 ../../bsp/mpsoc_hello_mpsoc_0//libhal_bsp.a(alt_write.o)
 .comment       0x00000000       0x27 ../../bsp/mpsoc_hello_mpsoc_0//libhal_bsp.a(alt_sys_init.o)
 .comment       0x00000000       0x27 ../../bsp/mpsoc_hello_mpsoc_0//libhal_bsp.a(altera_avalon_fifo_util.o)
 .comment       0x00000000       0x27 ../../bsp/mpsoc_hello_mpsoc_0//libhal_bsp.a(altera_avalon_jtag_uart_write.o)
 .comment       0x00000000       0x27 ../../bsp/mpsoc_hello_mpsoc_0//libhal_bsp.a(altera_avalon_mutex.o)
 .comment       0x00000000       0x27 ../../bsp/mpsoc_hello_mpsoc_0//libhal_bsp.a(altera_avalon_timer_sc.o)
 .comment       0x00000000       0x27 ../../bsp/mpsoc_hello_mpsoc_0//libhal_bsp.a(perf_print_formatted_report.o)
 .comment       0x00000000       0x27 ../../bsp/mpsoc_hello_mpsoc_0//libhal_bsp.a(alt_close.o)
 .comment       0x00000000       0x27 ../../bsp/mpsoc_hello_mpsoc_0//libhal_bsp.a(alt_dcache_flush_all.o)
 .comment       0x00000000       0x27 ../../bsp/mpsoc_hello_mpsoc_0//libhal_bsp.a(alt_dev.o)
 .comment       0x00000000       0x27 ../../bsp/mpsoc_hello_mpsoc_0//libhal_bsp.a(alt_dev_llist_insert.o)
 .comment       0x00000000       0x27 ../../bsp/mpsoc_hello_mpsoc_0//libhal_bsp.a(alt_do_ctors.o)
 .comment       0x00000000       0x27 ../../bsp/mpsoc_hello_mpsoc_0//libhal_bsp.a(alt_do_dtors.o)
 .comment       0x00000000       0x27 ../../bsp/mpsoc_hello_mpsoc_0//libhal_bsp.a(alt_errno.o)
 .comment       0x00000000       0x27 ../../bsp/mpsoc_hello_mpsoc_0//libhal_bsp.a(alt_find_dev.o)
 .comment       0x00000000       0x27 ../../bsp/mpsoc_hello_mpsoc_0//libhal_bsp.a(alt_icache_flush_all.o)
 .comment       0x00000000       0x27 ../../bsp/mpsoc_hello_mpsoc_0//libhal_bsp.a(alt_irq_register.o)
 .comment       0x00000000       0x27 ../../bsp/mpsoc_hello_mpsoc_0//libhal_bsp.a(alt_irq_vars.o)
 .comment       0x00000000       0x27 ../../bsp/mpsoc_hello_mpsoc_0//libhal_bsp.a(alt_tick.o)
 .comment       0x00000000       0x27 ../../bsp/mpsoc_hello_mpsoc_0//libhal_bsp.a(altera_nios2_qsys_irq.o)
 .comment       0x00000000       0x27 ../../bsp/mpsoc_hello_mpsoc_0//libhal_bsp.a(altera_avalon_performance_counter.o)
 .comment       0x00000000       0x27 ../../bsp/mpsoc_hello_mpsoc_0//libhal_bsp.a(alt_irq_handler.o)
 .comment       0x00000000       0x27 /opt/altera/13.0sp1/nios2eds/bin/gnu/H-i686-pc-linux-gnu/bin/../lib/gcc/nios2-elf/4.1.2/../../../../nios2-elf/lib/mno-hw-mul/libsmallc.a(lib_a-atexit.o)
 .comment       0x00000000       0x27 /opt/altera/13.0sp1/nios2eds/bin/gnu/H-i686-pc-linux-gnu/bin/../lib/gcc/nios2-elf/4.1.2/../../../../nios2-elf/lib/mno-hw-mul/libsmallc.a(lib_a-exit.o)
 .comment       0x00000000       0x27 /opt/altera/13.0sp1/nios2eds/bin/gnu/H-i686-pc-linux-gnu/bin/../lib/gcc/nios2-elf/4.1.2/../../../../nios2-elf/lib/mno-hw-mul/libsmallc.a(lib_a-memcmp.o)
 .comment       0x00000000       0x27 /opt/altera/13.0sp1/nios2eds/bin/gnu/H-i686-pc-linux-gnu/bin/../lib/gcc/nios2-elf/4.1.2/../../../../nios2-elf/lib/mno-hw-mul/libsmallc.a(lib_a-__atexit.o)
 .comment       0x00000000       0x27 /opt/altera/13.0sp1/nios2eds/bin/gnu/H-i686-pc-linux-gnu/bin/../lib/gcc/nios2-elf/4.1.2/../../../../nios2-elf/lib/mno-hw-mul/libsmallc.a(lib_a-__call_atexit.o)
 .comment       0x00000000       0x27 /opt/altera/13.0sp1/nios2eds/bin/gnu/H-i686-pc-linux-gnu/bin/../lib/gcc/nios2-elf/4.1.2/mno-hw-mul/libgcc.a(_muldi3.o)
 .comment       0x00000000       0x27 /opt/altera/13.0sp1/nios2eds/bin/gnu/H-i686-pc-linux-gnu/bin/../lib/gcc/nios2-elf/4.1.2/mno-hw-mul/libgcc.a(_udivdi3.o)
 .comment       0x00000000       0x27 /opt/altera/13.0sp1/nios2eds/bin/gnu/H-i686-pc-linux-gnu/bin/../lib/gcc/nios2-elf/4.1.2/mno-hw-mul/libgcc.a(_clz.o)
 .comment       0x00000000       0x27 ../../bsp/mpsoc_hello_mpsoc_0//libhal_bsp.a(alt_exit.o)

.debug
 *(.debug)

.line
 *(.line)

.debug_srcinfo
 *(.debug_srcinfo)

.debug_sfnames
 *(.debug_sfnames)

.debug_aranges  0x00000000      0x5d8
 *(.debug_aranges)
 .debug_aranges
                0x00000000       0x28 ../../bsp/mpsoc_hello_mpsoc_0//obj/HAL/src/crt0.o
 .debug_aranges
                0x00000028       0x20 obj/default/src_0/cpu_0.o
 .debug_aranges
                0x00000048       0x20 obj/default/src_0/delay_asm.o
 .debug_aranges
                0x00000068       0x20 /opt/altera/13.0sp1/nios2eds/bin/gnu/H-i686-pc-linux-gnu/bin/../lib/gcc/nios2-elf/4.1.2/mno-hw-mul/libgcc.a(lib2-divmod.o)
 .debug_aranges
                0x00000088       0x20 /opt/altera/13.0sp1/nios2eds/bin/gnu/H-i686-pc-linux-gnu/bin/../lib/gcc/nios2-elf/4.1.2/mno-hw-mul/libgcc.a(lib2-mul.o)
 .debug_aranges
                0x000000a8       0x20 /opt/altera/13.0sp1/nios2eds/bin/gnu/H-i686-pc-linux-gnu/bin/../lib/gcc/nios2-elf/4.1.2/../../../../nios2-elf/lib/mno-hw-mul/libsmallc.a(lib_a-printf.o)
 .debug_aranges
                0x000000c8       0x20 /opt/altera/13.0sp1/nios2eds/bin/gnu/H-i686-pc-linux-gnu/bin/../lib/gcc/nios2-elf/4.1.2/../../../../nios2-elf/lib/mno-hw-mul/libsmallc.a(lib_a-putchar.o)
 .debug_aranges
                0x000000e8       0x20 /opt/altera/13.0sp1/nios2eds/bin/gnu/H-i686-pc-linux-gnu/bin/../lib/gcc/nios2-elf/4.1.2/../../../../nios2-elf/lib/mno-hw-mul/libsmallc.a(lib_a-puts.o)
 .debug_aranges
                0x00000108       0x20 /opt/altera/13.0sp1/nios2eds/bin/gnu/H-i686-pc-linux-gnu/bin/../lib/gcc/nios2-elf/4.1.2/../../../../nios2-elf/lib/mno-hw-mul/libsmallc.a(lib_a-strlen.o)
 .debug_aranges
                0x00000128       0x20 /opt/altera/13.0sp1/nios2eds/bin/gnu/H-i686-pc-linux-gnu/bin/../lib/gcc/nios2-elf/4.1.2/../../../../nios2-elf/lib/mno-hw-mul/libsmallc.a(lib_a-vfprintf.o)
 .debug_aranges
                0x00000148       0x20 /opt/altera/13.0sp1/nios2eds/bin/gnu/H-i686-pc-linux-gnu/bin/../lib/gcc/nios2-elf/4.1.2/../../../../nios2-elf/lib/mno-hw-mul/libsmallc.a(lib_a-fvwrite_small_dev.o)
 .debug_aranges
                0x00000168       0x20 /opt/altera/13.0sp1/nios2eds/bin/gnu/H-i686-pc-linux-gnu/bin/../lib/gcc/nios2-elf/4.1.2/../../../../nios2-elf/lib/mno-hw-mul/libsmallc.a(lib_a-putc.o)
 .debug_aranges
                0x00000188       0x20 /opt/altera/13.0sp1/nios2eds/bin/gnu/H-i686-pc-linux-gnu/bin/../lib/gcc/nios2-elf/4.1.2/../../../../nios2-elf/lib/mno-hw-mul/libsmallc.a(lib_a-writer.o)
 .debug_aranges
                0x000001a8       0x20 ../../bsp/mpsoc_hello_mpsoc_0//libhal_bsp.a(alt_load.o)
 .debug_aranges
                0x000001c8       0x20 ../../bsp/mpsoc_hello_mpsoc_0//libhal_bsp.a(alt_main.o)
 .debug_aranges
                0x000001e8       0x20 ../../bsp/mpsoc_hello_mpsoc_0//libhal_bsp.a(alt_write.o)
 .debug_aranges
                0x00000208       0x20 ../../bsp/mpsoc_hello_mpsoc_0//libhal_bsp.a(alt_sys_init.o)
 .debug_aranges
                0x00000228       0x20 ../../bsp/mpsoc_hello_mpsoc_0//libhal_bsp.a(altera_avalon_fifo_util.o)
 .debug_aranges
                0x00000248       0x20 ../../bsp/mpsoc_hello_mpsoc_0//libhal_bsp.a(altera_avalon_jtag_uart_write.o)
 .debug_aranges
                0x00000268       0x20 ../../bsp/mpsoc_hello_mpsoc_0//libhal_bsp.a(altera_avalon_mutex.o)
 .debug_aranges
                0x00000288       0x20 ../../bsp/mpsoc_hello_mpsoc_0//libhal_bsp.a(altera_avalon_timer_sc.o)
 .debug_aranges
                0x000002a8       0x20 ../../bsp/mpsoc_hello_mpsoc_0//libhal_bsp.a(perf_print_formatted_report.o)
 .debug_aranges
                0x000002c8       0x20 ../../bsp/mpsoc_hello_mpsoc_0//libhal_bsp.a(alt_close.o)
 .debug_aranges
                0x000002e8       0x20 ../../bsp/mpsoc_hello_mpsoc_0//libhal_bsp.a(alt_dcache_flush_all.o)
 .debug_aranges
                0x00000308       0x20 ../../bsp/mpsoc_hello_mpsoc_0//libhal_bsp.a(alt_dev.o)
 .debug_aranges
                0x00000328       0x20 ../../bsp/mpsoc_hello_mpsoc_0//libhal_bsp.a(alt_dev_llist_insert.o)
 .debug_aranges
                0x00000348       0x20 ../../bsp/mpsoc_hello_mpsoc_0//libhal_bsp.a(alt_do_ctors.o)
 .debug_aranges
                0x00000368       0x20 ../../bsp/mpsoc_hello_mpsoc_0//libhal_bsp.a(alt_do_dtors.o)
 .debug_aranges
                0x00000388       0x20 ../../bsp/mpsoc_hello_mpsoc_0//libhal_bsp.a(alt_find_dev.o)
 .debug_aranges
                0x000003a8       0x20 ../../bsp/mpsoc_hello_mpsoc_0//libhal_bsp.a(alt_icache_flush_all.o)
 .debug_aranges
                0x000003c8       0x20 ../../bsp/mpsoc_hello_mpsoc_0//libhal_bsp.a(alt_irq_register.o)
 .debug_aranges
                0x000003e8       0x20 ../../bsp/mpsoc_hello_mpsoc_0//libhal_bsp.a(alt_tick.o)
 .debug_aranges
                0x00000408       0x20 ../../bsp/mpsoc_hello_mpsoc_0//libhal_bsp.a(altera_nios2_qsys_irq.o)
 .debug_aranges
                0x00000428       0x20 ../../bsp/mpsoc_hello_mpsoc_0//libhal_bsp.a(altera_avalon_performance_counter.o)
 .debug_aranges
                0x00000448       0x30 ../../bsp/mpsoc_hello_mpsoc_0//libhal_bsp.a(alt_irq_entry.o)
 .debug_aranges
                0x00000478       0x28 ../../bsp/mpsoc_hello_mpsoc_0//libhal_bsp.a(alt_irq_handler.o)
 .debug_aranges
                0x000004a0       0x38 ../../bsp/mpsoc_hello_mpsoc_0//libhal_bsp.a(alt_exception_entry.o)
 .debug_aranges
                0x000004d8       0x20 /opt/altera/13.0sp1/nios2eds/bin/gnu/H-i686-pc-linux-gnu/bin/../lib/gcc/nios2-elf/4.1.2/../../../../nios2-elf/lib/mno-hw-mul/libsmallc.a(lib_a-atexit.o)
 .debug_aranges
                0x000004f8       0x20 /opt/altera/13.0sp1/nios2eds/bin/gnu/H-i686-pc-linux-gnu/bin/../lib/gcc/nios2-elf/4.1.2/../../../../nios2-elf/lib/mno-hw-mul/libsmallc.a(lib_a-exit.o)
 .debug_aranges
                0x00000518       0x20 /opt/altera/13.0sp1/nios2eds/bin/gnu/H-i686-pc-linux-gnu/bin/../lib/gcc/nios2-elf/4.1.2/../../../../nios2-elf/lib/mno-hw-mul/libsmallc.a(lib_a-memcmp.o)
 .debug_aranges
                0x00000538       0x20 /opt/altera/13.0sp1/nios2eds/bin/gnu/H-i686-pc-linux-gnu/bin/../lib/gcc/nios2-elf/4.1.2/../../../../nios2-elf/lib/mno-hw-mul/libsmallc.a(lib_a-__atexit.o)
 .debug_aranges
                0x00000558       0x20 /opt/altera/13.0sp1/nios2eds/bin/gnu/H-i686-pc-linux-gnu/bin/../lib/gcc/nios2-elf/4.1.2/../../../../nios2-elf/lib/mno-hw-mul/libsmallc.a(lib_a-__call_atexit.o)
 .debug_aranges
                0x00000578       0x20 /opt/altera/13.0sp1/nios2eds/bin/gnu/H-i686-pc-linux-gnu/bin/../lib/gcc/nios2-elf/4.1.2/mno-hw-mul/libgcc.a(_muldi3.o)
 .debug_aranges
                0x00000598       0x20 /opt/altera/13.0sp1/nios2eds/bin/gnu/H-i686-pc-linux-gnu/bin/../lib/gcc/nios2-elf/4.1.2/mno-hw-mul/libgcc.a(_udivdi3.o)
 .debug_aranges
                0x000005b8       0x20 ../../bsp/mpsoc_hello_mpsoc_0//libhal_bsp.a(alt_exit.o)

.debug_pubnames
                0x00000000      0xcbf
 *(.debug_pubnames)
 .debug_pubnames
                0x00000000      0x16c obj/default/src_0/cpu_0.o
 .debug_pubnames
                0x0000016c       0x48 /opt/altera/13.0sp1/nios2eds/bin/gnu/H-i686-pc-linux-gnu/bin/../lib/gcc/nios2-elf/4.1.2/mno-hw-mul/libgcc.a(lib2-divmod.o)
 .debug_pubnames
                0x000001b4       0x1f /opt/altera/13.0sp1/nios2eds/bin/gnu/H-i686-pc-linux-gnu/bin/../lib/gcc/nios2-elf/4.1.2/mno-hw-mul/libgcc.a(lib2-mul.o)
 .debug_pubnames
                0x000001d3       0x2b /opt/altera/13.0sp1/nios2eds/bin/gnu/H-i686-pc-linux-gnu/bin/../lib/gcc/nios2-elf/4.1.2/../../../../nios2-elf/lib/mno-hw-mul/libsmallc.a(lib_a-printf.o)
 .debug_pubnames
                0x000001fe       0x2d /opt/altera/13.0sp1/nios2eds/bin/gnu/H-i686-pc-linux-gnu/bin/../lib/gcc/nios2-elf/4.1.2/../../../../nios2-elf/lib/mno-hw-mul/libsmallc.a(lib_a-putchar.o)
 .debug_pubnames
                0x0000022b       0x27 /opt/altera/13.0sp1/nios2eds/bin/gnu/H-i686-pc-linux-gnu/bin/../lib/gcc/nios2-elf/4.1.2/../../../../nios2-elf/lib/mno-hw-mul/libsmallc.a(lib_a-puts.o)
 .debug_pubnames
                0x00000252       0x1d /opt/altera/13.0sp1/nios2eds/bin/gnu/H-i686-pc-linux-gnu/bin/../lib/gcc/nios2-elf/4.1.2/../../../../nios2-elf/lib/mno-hw-mul/libsmallc.a(lib_a-strlen.o)
 .debug_pubnames
                0x0000026f       0x45 /opt/altera/13.0sp1/nios2eds/bin/gnu/H-i686-pc-linux-gnu/bin/../lib/gcc/nios2-elf/4.1.2/../../../../nios2-elf/lib/mno-hw-mul/libsmallc.a(lib_a-vfprintf.o)
 .debug_pubnames
                0x000002b4       0x2b /opt/altera/13.0sp1/nios2eds/bin/gnu/H-i686-pc-linux-gnu/bin/../lib/gcc/nios2-elf/4.1.2/../../../../nios2-elf/lib/mno-hw-mul/libsmallc.a(lib_a-fvwrite_small_dev.o)
 .debug_pubnames
                0x000002df       0x39 /opt/altera/13.0sp1/nios2eds/bin/gnu/H-i686-pc-linux-gnu/bin/../lib/gcc/nios2-elf/4.1.2/../../../../nios2-elf/lib/mno-hw-mul/libsmallc.a(lib_a-impure.o)
 .debug_pubnames
                0x00000318       0x27 /opt/altera/13.0sp1/nios2eds/bin/gnu/H-i686-pc-linux-gnu/bin/../lib/gcc/nios2-elf/4.1.2/../../../../nios2-elf/lib/mno-hw-mul/libsmallc.a(lib_a-putc.o)
 .debug_pubnames
                0x0000033f       0x1f /opt/altera/13.0sp1/nios2eds/bin/gnu/H-i686-pc-linux-gnu/bin/../lib/gcc/nios2-elf/4.1.2/../../../../nios2-elf/lib/mno-hw-mul/libsmallc.a(lib_a-writer.o)
 .debug_pubnames
                0x0000035e       0x1c /opt/altera/13.0sp1/nios2eds/bin/gnu/H-i686-pc-linux-gnu/bin/../lib/gcc/nios2-elf/4.1.2/../../../../nios2-elf/lib/mno-hw-mul/libsmallc.a(lib_a-int_errno.o)
 .debug_pubnames
                0x0000037a       0x1f ../../bsp/mpsoc_hello_mpsoc_0//libhal_bsp.a(alt_load.o)
 .debug_pubnames
                0x00000399       0x46 ../../bsp/mpsoc_hello_mpsoc_0//libhal_bsp.a(alt_main.o)
 .debug_pubnames
                0x000003df       0x1c ../../bsp/mpsoc_hello_mpsoc_0//libhal_bsp.a(alt_write.o)
 .debug_pubnames
                0x000003fb       0x44 ../../bsp/mpsoc_hello_mpsoc_0//libhal_bsp.a(alt_sys_init.o)
 .debug_pubnames
                0x0000043f      0x278 ../../bsp/mpsoc_hello_mpsoc_0//libhal_bsp.a(altera_avalon_fifo_util.o)
 .debug_pubnames
                0x000006b7       0x34 ../../bsp/mpsoc_hello_mpsoc_0//libhal_bsp.a(altera_avalon_jtag_uart_write.o)
 .debug_pubnames
                0x000006eb       0xff ../../bsp/mpsoc_hello_mpsoc_0//libhal_bsp.a(altera_avalon_mutex.o)
 .debug_pubnames
                0x000007ea       0x2f ../../bsp/mpsoc_hello_mpsoc_0//libhal_bsp.a(altera_avalon_timer_sc.o)
 .debug_pubnames
                0x00000819       0x32 ../../bsp/mpsoc_hello_mpsoc_0//libhal_bsp.a(perf_print_formatted_report.o)
 .debug_pubnames
                0x0000084b       0x1c ../../bsp/mpsoc_hello_mpsoc_0//libhal_bsp.a(alt_close.o)
 .debug_pubnames
                0x00000867       0x2b ../../bsp/mpsoc_hello_mpsoc_0//libhal_bsp.a(alt_dcache_flush_all.o)
 .debug_pubnames
                0x00000892       0x63 ../../bsp/mpsoc_hello_mpsoc_0//libhal_bsp.a(alt_dev.o)
 .debug_pubnames
                0x000008f5       0x2b ../../bsp/mpsoc_hello_mpsoc_0//libhal_bsp.a(alt_dev_llist_insert.o)
 .debug_pubnames
                0x00000920       0x20 ../../bsp/mpsoc_hello_mpsoc_0//libhal_bsp.a(alt_do_ctors.o)
 .debug_pubnames
                0x00000940       0x20 ../../bsp/mpsoc_hello_mpsoc_0//libhal_bsp.a(alt_do_dtors.o)
 .debug_pubnames
                0x00000960       0x20 ../../bsp/mpsoc_hello_mpsoc_0//libhal_bsp.a(alt_errno.o)
 .debug_pubnames
                0x00000980       0x23 ../../bsp/mpsoc_hello_mpsoc_0//libhal_bsp.a(alt_find_dev.o)
 .debug_pubnames
                0x000009a3       0x2b ../../bsp/mpsoc_hello_mpsoc_0//libhal_bsp.a(alt_icache_flush_all.o)
 .debug_pubnames
                0x000009ce       0x27 ../../bsp/mpsoc_hello_mpsoc_0//libhal_bsp.a(alt_irq_register.o)
 .debug_pubnames
                0x000009f5       0x3b ../../bsp/mpsoc_hello_mpsoc_0//libhal_bsp.a(alt_irq_vars.o)
 .debug_pubnames
                0x00000a30       0x68 ../../bsp/mpsoc_hello_mpsoc_0//libhal_bsp.a(alt_tick.o)
 .debug_pubnames
                0x00000a98       0x31 ../../bsp/mpsoc_hello_mpsoc_0//libhal_bsp.a(altera_nios2_qsys_irq.o)
 .debug_pubnames
                0x00000ac9       0x96 ../../bsp/mpsoc_hello_mpsoc_0//libhal_bsp.a(altera_avalon_performance_counter.o)
 .debug_pubnames
                0x00000b5f       0x32 ../../bsp/mpsoc_hello_mpsoc_0//libhal_bsp.a(alt_irq_handler.o)
 .debug_pubnames
                0x00000b91       0x2a /opt/altera/13.0sp1/nios2eds/bin/gnu/H-i686-pc-linux-gnu/bin/../lib/gcc/nios2-elf/4.1.2/../../../../nios2-elf/lib/mno-hw-mul/libsmallc.a(lib_a-atexit.o)
 .debug_pubnames
                0x00000bbb       0x1b /opt/altera/13.0sp1/nios2eds/bin/gnu/H-i686-pc-linux-gnu/bin/../lib/gcc/nios2-elf/4.1.2/../../../../nios2-elf/lib/mno-hw-mul/libsmallc.a(lib_a-exit.o)
 .debug_pubnames
                0x00000bd6       0x1d /opt/altera/13.0sp1/nios2eds/bin/gnu/H-i686-pc-linux-gnu/bin/../lib/gcc/nios2-elf/4.1.2/../../../../nios2-elf/lib/mno-hw-mul/libsmallc.a(lib_a-memcmp.o)
 .debug_pubnames
                0x00000bf3       0x2a /opt/altera/13.0sp1/nios2eds/bin/gnu/H-i686-pc-linux-gnu/bin/../lib/gcc/nios2-elf/4.1.2/../../../../nios2-elf/lib/mno-hw-mul/libsmallc.a(lib_a-__atexit.o)
 .debug_pubnames
                0x00000c1d       0x27 /opt/altera/13.0sp1/nios2eds/bin/gnu/H-i686-pc-linux-gnu/bin/../lib/gcc/nios2-elf/4.1.2/../../../../nios2-elf/lib/mno-hw-mul/libsmallc.a(lib_a-__call_atexit.o)
 .debug_pubnames
                0x00000c44       0x1f /opt/altera/13.0sp1/nios2eds/bin/gnu/H-i686-pc-linux-gnu/bin/../lib/gcc/nios2-elf/4.1.2/mno-hw-mul/libgcc.a(_muldi3.o)
 .debug_pubnames
                0x00000c63       0x20 /opt/altera/13.0sp1/nios2eds/bin/gnu/H-i686-pc-linux-gnu/bin/../lib/gcc/nios2-elf/4.1.2/mno-hw-mul/libgcc.a(_udivdi3.o)
 .debug_pubnames
                0x00000c83       0x20 /opt/altera/13.0sp1/nios2eds/bin/gnu/H-i686-pc-linux-gnu/bin/../lib/gcc/nios2-elf/4.1.2/mno-hw-mul/libgcc.a(_clz.o)
 .debug_pubnames
                0x00000ca3       0x1c ../../bsp/mpsoc_hello_mpsoc_0//libhal_bsp.a(alt_exit.o)

.debug_info     0x00000000     0x8f8d
 *(.debug_info .gnu.linkonce.wi.*)
 .debug_info    0x00000000       0x81 ../../bsp/mpsoc_hello_mpsoc_0//obj/HAL/src/crt0.o
 .debug_info    0x00000081      0x7a4 obj/default/src_0/cpu_0.o
 .debug_info    0x00000825       0x70 obj/default/src_0/delay_asm.o
 .debug_info    0x00000895      0x21c /opt/altera/13.0sp1/nios2eds/bin/gnu/H-i686-pc-linux-gnu/bin/../lib/gcc/nios2-elf/4.1.2/mno-hw-mul/libgcc.a(lib2-divmod.o)
 .debug_info    0x00000ab1       0xf3 /opt/altera/13.0sp1/nios2eds/bin/gnu/H-i686-pc-linux-gnu/bin/../lib/gcc/nios2-elf/4.1.2/mno-hw-mul/libgcc.a(lib2-mul.o)
 .debug_info    0x00000ba4      0x6c8 /opt/altera/13.0sp1/nios2eds/bin/gnu/H-i686-pc-linux-gnu/bin/../lib/gcc/nios2-elf/4.1.2/../../../../nios2-elf/lib/mno-hw-mul/libsmallc.a(lib_a-printf.o)
 .debug_info    0x0000126c      0x66b /opt/altera/13.0sp1/nios2eds/bin/gnu/H-i686-pc-linux-gnu/bin/../lib/gcc/nios2-elf/4.1.2/../../../../nios2-elf/lib/mno-hw-mul/libsmallc.a(lib_a-putchar.o)
 .debug_info    0x000018d7      0x685 /opt/altera/13.0sp1/nios2eds/bin/gnu/H-i686-pc-linux-gnu/bin/../lib/gcc/nios2-elf/4.1.2/../../../../nios2-elf/lib/mno-hw-mul/libsmallc.a(lib_a-puts.o)
 .debug_info    0x00001f5c       0xc2 /opt/altera/13.0sp1/nios2eds/bin/gnu/H-i686-pc-linux-gnu/bin/../lib/gcc/nios2-elf/4.1.2/../../../../nios2-elf/lib/mno-hw-mul/libsmallc.a(lib_a-strlen.o)
 .debug_info    0x0000201e      0x9b6 /opt/altera/13.0sp1/nios2eds/bin/gnu/H-i686-pc-linux-gnu/bin/../lib/gcc/nios2-elf/4.1.2/../../../../nios2-elf/lib/mno-hw-mul/libsmallc.a(lib_a-vfprintf.o)
 .debug_info    0x000029d4      0x68e /opt/altera/13.0sp1/nios2eds/bin/gnu/H-i686-pc-linux-gnu/bin/../lib/gcc/nios2-elf/4.1.2/../../../../nios2-elf/lib/mno-hw-mul/libsmallc.a(lib_a-fvwrite_small_dev.o)
 .debug_info    0x00003062      0x636 /opt/altera/13.0sp1/nios2eds/bin/gnu/H-i686-pc-linux-gnu/bin/../lib/gcc/nios2-elf/4.1.2/../../../../nios2-elf/lib/mno-hw-mul/libsmallc.a(lib_a-impure.o)
 .debug_info    0x00003698      0x6b8 /opt/altera/13.0sp1/nios2eds/bin/gnu/H-i686-pc-linux-gnu/bin/../lib/gcc/nios2-elf/4.1.2/../../../../nios2-elf/lib/mno-hw-mul/libsmallc.a(lib_a-putc.o)
 .debug_info    0x00003d50      0x68c /opt/altera/13.0sp1/nios2eds/bin/gnu/H-i686-pc-linux-gnu/bin/../lib/gcc/nios2-elf/4.1.2/../../../../nios2-elf/lib/mno-hw-mul/libsmallc.a(lib_a-writer.o)
 .debug_info    0x000043dc       0x8c /opt/altera/13.0sp1/nios2eds/bin/gnu/H-i686-pc-linux-gnu/bin/../lib/gcc/nios2-elf/4.1.2/../../../../nios2-elf/lib/mno-hw-mul/libsmallc.a(lib_a-int_errno.o)
 .debug_info    0x00004468      0x12e ../../bsp/mpsoc_hello_mpsoc_0//libhal_bsp.a(alt_load.o)
 .debug_info    0x00004596      0x161 ../../bsp/mpsoc_hello_mpsoc_0//libhal_bsp.a(alt_main.o)
 .debug_info    0x000046f7      0x179 ../../bsp/mpsoc_hello_mpsoc_0//libhal_bsp.a(alt_write.o)
 .debug_info    0x00004870      0x553 ../../bsp/mpsoc_hello_mpsoc_0//libhal_bsp.a(alt_sys_init.o)
 .debug_info    0x00004dc3      0x47e ../../bsp/mpsoc_hello_mpsoc_0//libhal_bsp.a(altera_avalon_fifo_util.o)
 .debug_info    0x00005241      0x1a9 ../../bsp/mpsoc_hello_mpsoc_0//libhal_bsp.a(altera_avalon_jtag_uart_write.o)
 .debug_info    0x000053ea      0x399 ../../bsp/mpsoc_hello_mpsoc_0//libhal_bsp.a(altera_avalon_mutex.o)
 .debug_info    0x00005783      0x247 ../../bsp/mpsoc_hello_mpsoc_0//libhal_bsp.a(altera_avalon_timer_sc.o)
 .debug_info    0x000059ca      0x16e ../../bsp/mpsoc_hello_mpsoc_0//libhal_bsp.a(perf_print_formatted_report.o)
 .debug_info    0x00005b38      0x136 ../../bsp/mpsoc_hello_mpsoc_0//libhal_bsp.a(alt_close.o)
 .debug_info    0x00005c6e       0x8d ../../bsp/mpsoc_hello_mpsoc_0//libhal_bsp.a(alt_dcache_flush_all.o)
 .debug_info    0x00005cfb      0x4dd ../../bsp/mpsoc_hello_mpsoc_0//libhal_bsp.a(alt_dev.o)
 .debug_info    0x000061d8      0x1b7 ../../bsp/mpsoc_hello_mpsoc_0//libhal_bsp.a(alt_dev_llist_insert.o)
 .debug_info    0x0000638f       0x8d ../../bsp/mpsoc_hello_mpsoc_0//libhal_bsp.a(alt_do_ctors.o)
 .debug_info    0x0000641c       0x8d ../../bsp/mpsoc_hello_mpsoc_0//libhal_bsp.a(alt_do_dtors.o)
 .debug_info    0x000064a9       0xab ../../bsp/mpsoc_hello_mpsoc_0//libhal_bsp.a(alt_errno.o)
 .debug_info    0x00006554      0x310 ../../bsp/mpsoc_hello_mpsoc_0//libhal_bsp.a(alt_find_dev.o)
 .debug_info    0x00006864       0x8d ../../bsp/mpsoc_hello_mpsoc_0//libhal_bsp.a(alt_icache_flush_all.o)
 .debug_info    0x000068f1      0x2f9 ../../bsp/mpsoc_hello_mpsoc_0//libhal_bsp.a(alt_irq_register.o)
 .debug_info    0x00006bea       0x92 ../../bsp/mpsoc_hello_mpsoc_0//libhal_bsp.a(alt_irq_vars.o)
 .debug_info    0x00006c7c      0x2bb ../../bsp/mpsoc_hello_mpsoc_0//libhal_bsp.a(alt_tick.o)
 .debug_info    0x00006f37       0xb7 ../../bsp/mpsoc_hello_mpsoc_0//libhal_bsp.a(altera_nios2_qsys_irq.o)
 .debug_info    0x00006fee      0x165 ../../bsp/mpsoc_hello_mpsoc_0//libhal_bsp.a(altera_avalon_performance_counter.o)
 .debug_info    0x00007153       0x8a ../../bsp/mpsoc_hello_mpsoc_0//libhal_bsp.a(alt_irq_entry.o)
 .debug_info    0x000071dd      0x1a3 ../../bsp/mpsoc_hello_mpsoc_0//libhal_bsp.a(alt_irq_handler.o)
 .debug_info    0x00007380       0x90 ../../bsp/mpsoc_hello_mpsoc_0//libhal_bsp.a(alt_exception_entry.o)
 .debug_info    0x00007410      0x186 /opt/altera/13.0sp1/nios2eds/bin/gnu/H-i686-pc-linux-gnu/bin/../lib/gcc/nios2-elf/4.1.2/../../../../nios2-elf/lib/mno-hw-mul/libsmallc.a(lib_a-atexit.o)
 .debug_info    0x00007596       0x9f /opt/altera/13.0sp1/nios2eds/bin/gnu/H-i686-pc-linux-gnu/bin/../lib/gcc/nios2-elf/4.1.2/../../../../nios2-elf/lib/mno-hw-mul/libsmallc.a(lib_a-exit.o)
 .debug_info    0x00007635       0xef /opt/altera/13.0sp1/nios2eds/bin/gnu/H-i686-pc-linux-gnu/bin/../lib/gcc/nios2-elf/4.1.2/../../../../nios2-elf/lib/mno-hw-mul/libsmallc.a(lib_a-memcmp.o)
 .debug_info    0x00007724      0x68f /opt/altera/13.0sp1/nios2eds/bin/gnu/H-i686-pc-linux-gnu/bin/../lib/gcc/nios2-elf/4.1.2/../../../../nios2-elf/lib/mno-hw-mul/libsmallc.a(lib_a-__atexit.o)
 .debug_info    0x00007db3      0x6d5 /opt/altera/13.0sp1/nios2eds/bin/gnu/H-i686-pc-linux-gnu/bin/../lib/gcc/nios2-elf/4.1.2/../../../../nios2-elf/lib/mno-hw-mul/libsmallc.a(lib_a-__call_atexit.o)
 .debug_info    0x00008488      0x210 /opt/altera/13.0sp1/nios2eds/bin/gnu/H-i686-pc-linux-gnu/bin/../lib/gcc/nios2-elf/4.1.2/mno-hw-mul/libgcc.a(_muldi3.o)
 .debug_info    0x00008698      0x71c /opt/altera/13.0sp1/nios2eds/bin/gnu/H-i686-pc-linux-gnu/bin/../lib/gcc/nios2-elf/4.1.2/mno-hw-mul/libgcc.a(_udivdi3.o)
 .debug_info    0x00008db4       0xc9 /opt/altera/13.0sp1/nios2eds/bin/gnu/H-i686-pc-linux-gnu/bin/../lib/gcc/nios2-elf/4.1.2/mno-hw-mul/libgcc.a(_clz.o)
 .debug_info    0x00008e7d      0x110 ../../bsp/mpsoc_hello_mpsoc_0//libhal_bsp.a(alt_exit.o)

.debug_abbrev   0x00000000     0x2c49
 *(.debug_abbrev)
 .debug_abbrev  0x00000000       0x12 ../../bsp/mpsoc_hello_mpsoc_0//obj/HAL/src/crt0.o
 .debug_abbrev  0x00000012      0x15e obj/default/src_0/cpu_0.o
 .debug_abbrev  0x00000170       0x14 obj/default/src_0/delay_asm.o
 .debug_abbrev  0x00000184       0xe0 /opt/altera/13.0sp1/nios2eds/bin/gnu/H-i686-pc-linux-gnu/bin/../lib/gcc/nios2-elf/4.1.2/mno-hw-mul/libgcc.a(lib2-divmod.o)
 .debug_abbrev  0x00000264       0x7b /opt/altera/13.0sp1/nios2eds/bin/gnu/H-i686-pc-linux-gnu/bin/../lib/gcc/nios2-elf/4.1.2/mno-hw-mul/libgcc.a(lib2-mul.o)
 .debug_abbrev  0x000002df      0x179 /opt/altera/13.0sp1/nios2eds/bin/gnu/H-i686-pc-linux-gnu/bin/../lib/gcc/nios2-elf/4.1.2/../../../../nios2-elf/lib/mno-hw-mul/libsmallc.a(lib_a-printf.o)
 .debug_abbrev  0x00000458      0x158 /opt/altera/13.0sp1/nios2eds/bin/gnu/H-i686-pc-linux-gnu/bin/../lib/gcc/nios2-elf/4.1.2/../../../../nios2-elf/lib/mno-hw-mul/libsmallc.a(lib_a-putchar.o)
 .debug_abbrev  0x000005b0      0x180 /opt/altera/13.0sp1/nios2eds/bin/gnu/H-i686-pc-linux-gnu/bin/../lib/gcc/nios2-elf/4.1.2/../../../../nios2-elf/lib/mno-hw-mul/libsmallc.a(lib_a-puts.o)
 .debug_abbrev  0x00000730       0x7a /opt/altera/13.0sp1/nios2eds/bin/gnu/H-i686-pc-linux-gnu/bin/../lib/gcc/nios2-elf/4.1.2/../../../../nios2-elf/lib/mno-hw-mul/libsmallc.a(lib_a-strlen.o)
 .debug_abbrev  0x000007aa      0x263 /opt/altera/13.0sp1/nios2eds/bin/gnu/H-i686-pc-linux-gnu/bin/../lib/gcc/nios2-elf/4.1.2/../../../../nios2-elf/lib/mno-hw-mul/libsmallc.a(lib_a-vfprintf.o)
 .debug_abbrev  0x00000a0d      0x179 /opt/altera/13.0sp1/nios2eds/bin/gnu/H-i686-pc-linux-gnu/bin/../lib/gcc/nios2-elf/4.1.2/../../../../nios2-elf/lib/mno-hw-mul/libsmallc.a(lib_a-fvwrite_small_dev.o)
 .debug_abbrev  0x00000b86      0x13f /opt/altera/13.0sp1/nios2eds/bin/gnu/H-i686-pc-linux-gnu/bin/../lib/gcc/nios2-elf/4.1.2/../../../../nios2-elf/lib/mno-hw-mul/libsmallc.a(lib_a-impure.o)
 .debug_abbrev  0x00000cc5      0x167 /opt/altera/13.0sp1/nios2eds/bin/gnu/H-i686-pc-linux-gnu/bin/../lib/gcc/nios2-elf/4.1.2/../../../../nios2-elf/lib/mno-hw-mul/libsmallc.a(lib_a-putc.o)
 .debug_abbrev  0x00000e2c      0x16c /opt/altera/13.0sp1/nios2eds/bin/gnu/H-i686-pc-linux-gnu/bin/../lib/gcc/nios2-elf/4.1.2/../../../../nios2-elf/lib/mno-hw-mul/libsmallc.a(lib_a-writer.o)
 .debug_abbrev  0x00000f98       0x3b /opt/altera/13.0sp1/nios2eds/bin/gnu/H-i686-pc-linux-gnu/bin/../lib/gcc/nios2-elf/4.1.2/../../../../nios2-elf/lib/mno-hw-mul/libsmallc.a(lib_a-int_errno.o)
 .debug_abbrev  0x00000fd3       0x97 ../../bsp/mpsoc_hello_mpsoc_0//libhal_bsp.a(alt_load.o)
 .debug_abbrev  0x0000106a       0xbe ../../bsp/mpsoc_hello_mpsoc_0//libhal_bsp.a(alt_main.o)
 .debug_abbrev  0x00001128       0xdd ../../bsp/mpsoc_hello_mpsoc_0//libhal_bsp.a(alt_write.o)
 .debug_abbrev  0x00001205      0x177 ../../bsp/mpsoc_hello_mpsoc_0//libhal_bsp.a(alt_sys_init.o)
 .debug_abbrev  0x0000137c       0xb9 ../../bsp/mpsoc_hello_mpsoc_0//libhal_bsp.a(altera_avalon_fifo_util.o)
 .debug_abbrev  0x00001435       0xf0 ../../bsp/mpsoc_hello_mpsoc_0//libhal_bsp.a(altera_avalon_jtag_uart_write.o)
 .debug_abbrev  0x00001525      0x1a2 ../../bsp/mpsoc_hello_mpsoc_0//libhal_bsp.a(altera_avalon_mutex.o)
 .debug_abbrev  0x000016c7      0x158 ../../bsp/mpsoc_hello_mpsoc_0//libhal_bsp.a(altera_avalon_timer_sc.o)
 .debug_abbrev  0x0000181f       0xa4 ../../bsp/mpsoc_hello_mpsoc_0//libhal_bsp.a(perf_print_formatted_report.o)
 .debug_abbrev  0x000018c3       0xc0 ../../bsp/mpsoc_hello_mpsoc_0//libhal_bsp.a(alt_close.o)
 .debug_abbrev  0x00001983       0x3f ../../bsp/mpsoc_hello_mpsoc_0//libhal_bsp.a(alt_dcache_flush_all.o)
 .debug_abbrev  0x000019c2       0xd6 ../../bsp/mpsoc_hello_mpsoc_0//libhal_bsp.a(alt_dev.o)
 .debug_abbrev  0x00001a98      0x117 ../../bsp/mpsoc_hello_mpsoc_0//libhal_bsp.a(alt_dev_llist_insert.o)
 .debug_abbrev  0x00001baf       0x76 ../../bsp/mpsoc_hello_mpsoc_0//libhal_bsp.a(alt_do_ctors.o)
 .debug_abbrev  0x00001c25       0x76 ../../bsp/mpsoc_hello_mpsoc_0//libhal_bsp.a(alt_do_dtors.o)
 .debug_abbrev  0x00001c9b       0x5e ../../bsp/mpsoc_hello_mpsoc_0//libhal_bsp.a(alt_errno.o)
 .debug_abbrev  0x00001cf9       0xed ../../bsp/mpsoc_hello_mpsoc_0//libhal_bsp.a(alt_find_dev.o)
 .debug_abbrev  0x00001de6       0x3f ../../bsp/mpsoc_hello_mpsoc_0//libhal_bsp.a(alt_icache_flush_all.o)
 .debug_abbrev  0x00001e25      0x190 ../../bsp/mpsoc_hello_mpsoc_0//libhal_bsp.a(alt_irq_register.o)
 .debug_abbrev  0x00001fb5       0x44 ../../bsp/mpsoc_hello_mpsoc_0//libhal_bsp.a(alt_irq_vars.o)
 .debug_abbrev  0x00001ff9      0x170 ../../bsp/mpsoc_hello_mpsoc_0//libhal_bsp.a(alt_tick.o)
 .debug_abbrev  0x00002169       0x64 ../../bsp/mpsoc_hello_mpsoc_0//libhal_bsp.a(altera_nios2_qsys_irq.o)
 .debug_abbrev  0x000021cd       0xae ../../bsp/mpsoc_hello_mpsoc_0//libhal_bsp.a(altera_avalon_performance_counter.o)
 .debug_abbrev  0x0000227b       0x12 ../../bsp/mpsoc_hello_mpsoc_0//libhal_bsp.a(alt_irq_entry.o)
 .debug_abbrev  0x0000228d      0x131 ../../bsp/mpsoc_hello_mpsoc_0//libhal_bsp.a(alt_irq_handler.o)
 .debug_abbrev  0x000023be       0x12 ../../bsp/mpsoc_hello_mpsoc_0//libhal_bsp.a(alt_exception_entry.o)
 .debug_abbrev  0x000023d0       0xc6 /opt/altera/13.0sp1/nios2eds/bin/gnu/H-i686-pc-linux-gnu/bin/../lib/gcc/nios2-elf/4.1.2/../../../../nios2-elf/lib/mno-hw-mul/libsmallc.a(lib_a-atexit.o)
 .debug_abbrev  0x00002496       0x4e /opt/altera/13.0sp1/nios2eds/bin/gnu/H-i686-pc-linux-gnu/bin/../lib/gcc/nios2-elf/4.1.2/../../../../nios2-elf/lib/mno-hw-mul/libsmallc.a(lib_a-exit.o)
 .debug_abbrev  0x000024e4       0x7c /opt/altera/13.0sp1/nios2eds/bin/gnu/H-i686-pc-linux-gnu/bin/../lib/gcc/nios2-elf/4.1.2/../../../../nios2-elf/lib/mno-hw-mul/libsmallc.a(lib_a-memcmp.o)
 .debug_abbrev  0x00002560      0x196 /opt/altera/13.0sp1/nios2eds/bin/gnu/H-i686-pc-linux-gnu/bin/../lib/gcc/nios2-elf/4.1.2/../../../../nios2-elf/lib/mno-hw-mul/libsmallc.a(lib_a-__atexit.o)
 .debug_abbrev  0x000026f6      0x1c6 /opt/altera/13.0sp1/nios2eds/bin/gnu/H-i686-pc-linux-gnu/bin/../lib/gcc/nios2-elf/4.1.2/../../../../nios2-elf/lib/mno-hw-mul/libsmallc.a(lib_a-__call_atexit.o)
 .debug_abbrev  0x000028bc       0xfb /opt/altera/13.0sp1/nios2eds/bin/gnu/H-i686-pc-linux-gnu/bin/../lib/gcc/nios2-elf/4.1.2/mno-hw-mul/libgcc.a(_muldi3.o)
 .debug_abbrev  0x000029b7      0x16b /opt/altera/13.0sp1/nios2eds/bin/gnu/H-i686-pc-linux-gnu/bin/../lib/gcc/nios2-elf/4.1.2/mno-hw-mul/libgcc.a(_udivdi3.o)
 .debug_abbrev  0x00002b22       0x61 /opt/altera/13.0sp1/nios2eds/bin/gnu/H-i686-pc-linux-gnu/bin/../lib/gcc/nios2-elf/4.1.2/mno-hw-mul/libgcc.a(_clz.o)
 .debug_abbrev  0x00002b83       0xc6 ../../bsp/mpsoc_hello_mpsoc_0//libhal_bsp.a(alt_exit.o)

.debug_line     0x00000000     0x79ec
 *(.debug_line)
 .debug_line    0x00000000       0x66 ../../bsp/mpsoc_hello_mpsoc_0//obj/HAL/src/crt0.o
 .debug_line    0x00000066      0x98f obj/default/src_0/cpu_0.o
 .debug_line    0x000009f5       0x46 obj/default/src_0/delay_asm.o
 .debug_line    0x00000a3b      0x2c6 /opt/altera/13.0sp1/nios2eds/bin/gnu/H-i686-pc-linux-gnu/bin/../lib/gcc/nios2-elf/4.1.2/mno-hw-mul/libgcc.a(lib2-divmod.o)
 .debug_line    0x00000d01      0x191 /opt/altera/13.0sp1/nios2eds/bin/gnu/H-i686-pc-linux-gnu/bin/../lib/gcc/nios2-elf/4.1.2/mno-hw-mul/libgcc.a(lib2-mul.o)
 .debug_line    0x00000e92      0x2be /opt/altera/13.0sp1/nios2eds/bin/gnu/H-i686-pc-linux-gnu/bin/../lib/gcc/nios2-elf/4.1.2/../../../../nios2-elf/lib/mno-hw-mul/libsmallc.a(lib_a-printf.o)
 .debug_line    0x00001150      0x267 /opt/altera/13.0sp1/nios2eds/bin/gnu/H-i686-pc-linux-gnu/bin/../lib/gcc/nios2-elf/4.1.2/../../../../nios2-elf/lib/mno-hw-mul/libsmallc.a(lib_a-putchar.o)
 .debug_line    0x000013b7      0x2b2 /opt/altera/13.0sp1/nios2eds/bin/gnu/H-i686-pc-linux-gnu/bin/../lib/gcc/nios2-elf/4.1.2/../../../../nios2-elf/lib/mno-hw-mul/libsmallc.a(lib_a-puts.o)
 .debug_line    0x00001669      0x250 /opt/altera/13.0sp1/nios2eds/bin/gnu/H-i686-pc-linux-gnu/bin/../lib/gcc/nios2-elf/4.1.2/../../../../nios2-elf/lib/mno-hw-mul/libsmallc.a(lib_a-strlen.o)
 .debug_line    0x000018b9      0x666 /opt/altera/13.0sp1/nios2eds/bin/gnu/H-i686-pc-linux-gnu/bin/../lib/gcc/nios2-elf/4.1.2/../../../../nios2-elf/lib/mno-hw-mul/libsmallc.a(lib_a-vfprintf.o)
 .debug_line    0x00001f1f      0x2a9 /opt/altera/13.0sp1/nios2eds/bin/gnu/H-i686-pc-linux-gnu/bin/../lib/gcc/nios2-elf/4.1.2/../../../../nios2-elf/lib/mno-hw-mul/libsmallc.a(lib_a-fvwrite_small_dev.o)
 .debug_line    0x000021c8      0x230 /opt/altera/13.0sp1/nios2eds/bin/gnu/H-i686-pc-linux-gnu/bin/../lib/gcc/nios2-elf/4.1.2/../../../../nios2-elf/lib/mno-hw-mul/libsmallc.a(lib_a-impure.o)
 .debug_line    0x000023f8      0x2d2 /opt/altera/13.0sp1/nios2eds/bin/gnu/H-i686-pc-linux-gnu/bin/../lib/gcc/nios2-elf/4.1.2/../../../../nios2-elf/lib/mno-hw-mul/libsmallc.a(lib_a-putc.o)
 .debug_line    0x000026ca      0x29d /opt/altera/13.0sp1/nios2eds/bin/gnu/H-i686-pc-linux-gnu/bin/../lib/gcc/nios2-elf/4.1.2/../../../../nios2-elf/lib/mno-hw-mul/libsmallc.a(lib_a-writer.o)
 .debug_line    0x00002967      0x1e2 /opt/altera/13.0sp1/nios2eds/bin/gnu/H-i686-pc-linux-gnu/bin/../lib/gcc/nios2-elf/4.1.2/../../../../nios2-elf/lib/mno-hw-mul/libsmallc.a(lib_a-int_errno.o)
 .debug_line    0x00002b49      0x225 ../../bsp/mpsoc_hello_mpsoc_0//libhal_bsp.a(alt_load.o)
 .debug_line    0x00002d6e      0x2f4 ../../bsp/mpsoc_hello_mpsoc_0//libhal_bsp.a(alt_main.o)
 .debug_line    0x00003062      0x2b9 ../../bsp/mpsoc_hello_mpsoc_0//libhal_bsp.a(alt_write.o)
 .debug_line    0x0000331b      0x3ce ../../bsp/mpsoc_hello_mpsoc_0//libhal_bsp.a(alt_sys_init.o)
 .debug_line    0x000036e9      0x479 ../../bsp/mpsoc_hello_mpsoc_0//libhal_bsp.a(altera_avalon_fifo_util.o)
 .debug_line    0x00003b62      0x319 ../../bsp/mpsoc_hello_mpsoc_0//libhal_bsp.a(altera_avalon_jtag_uart_write.o)
 .debug_line    0x00003e7b      0x38e ../../bsp/mpsoc_hello_mpsoc_0//libhal_bsp.a(altera_avalon_mutex.o)
 .debug_line    0x00004209      0x2de ../../bsp/mpsoc_hello_mpsoc_0//libhal_bsp.a(altera_avalon_timer_sc.o)
 .debug_line    0x000044e7      0x2f7 ../../bsp/mpsoc_hello_mpsoc_0//libhal_bsp.a(perf_print_formatted_report.o)
 .debug_line    0x000047de      0x259 ../../bsp/mpsoc_hello_mpsoc_0//libhal_bsp.a(alt_close.o)
 .debug_line    0x00004a37      0x1c3 ../../bsp/mpsoc_hello_mpsoc_0//libhal_bsp.a(alt_dcache_flush_all.o)
 .debug_line    0x00004bfa      0x25a ../../bsp/mpsoc_hello_mpsoc_0//libhal_bsp.a(alt_dev.o)
 .debug_line    0x00004e54      0x26a ../../bsp/mpsoc_hello_mpsoc_0//libhal_bsp.a(alt_dev_llist_insert.o)
 .debug_line    0x000050be       0x8b ../../bsp/mpsoc_hello_mpsoc_0//libhal_bsp.a(alt_do_ctors.o)
 .debug_line    0x00005149       0x8b ../../bsp/mpsoc_hello_mpsoc_0//libhal_bsp.a(alt_do_dtors.o)
 .debug_line    0x000051d4      0x1b8 ../../bsp/mpsoc_hello_mpsoc_0//libhal_bsp.a(alt_errno.o)
 .debug_line    0x0000538c      0x26f ../../bsp/mpsoc_hello_mpsoc_0//libhal_bsp.a(alt_find_dev.o)
 .debug_line    0x000055fb      0x1c3 ../../bsp/mpsoc_hello_mpsoc_0//libhal_bsp.a(alt_icache_flush_all.o)
 .debug_line    0x000057be      0x2a0 ../../bsp/mpsoc_hello_mpsoc_0//libhal_bsp.a(alt_irq_register.o)
 .debug_line    0x00005a5e       0x72 ../../bsp/mpsoc_hello_mpsoc_0//libhal_bsp.a(alt_irq_vars.o)
 .debug_line    0x00005ad0      0x319 ../../bsp/mpsoc_hello_mpsoc_0//libhal_bsp.a(alt_tick.o)
 .debug_line    0x00005de9      0x1f5 ../../bsp/mpsoc_hello_mpsoc_0//libhal_bsp.a(altera_nios2_qsys_irq.o)
 .debug_line    0x00005fde      0x111 ../../bsp/mpsoc_hello_mpsoc_0//libhal_bsp.a(altera_avalon_performance_counter.o)
 .debug_line    0x000060ef       0x6b ../../bsp/mpsoc_hello_mpsoc_0//libhal_bsp.a(alt_irq_entry.o)
 .debug_line    0x0000615a      0x24e ../../bsp/mpsoc_hello_mpsoc_0//libhal_bsp.a(alt_irq_handler.o)
 .debug_line    0x000063a8       0xab ../../bsp/mpsoc_hello_mpsoc_0//libhal_bsp.a(alt_exception_entry.o)
 .debug_line    0x00006453      0x203 /opt/altera/13.0sp1/nios2eds/bin/gnu/H-i686-pc-linux-gnu/bin/../lib/gcc/nios2-elf/4.1.2/../../../../nios2-elf/lib/mno-hw-mul/libsmallc.a(lib_a-atexit.o)
 .debug_line    0x00006656      0x223 /opt/altera/13.0sp1/nios2eds/bin/gnu/H-i686-pc-linux-gnu/bin/../lib/gcc/nios2-elf/4.1.2/../../../../nios2-elf/lib/mno-hw-mul/libsmallc.a(lib_a-exit.o)
 .debug_line    0x00006879      0x270 /opt/altera/13.0sp1/nios2eds/bin/gnu/H-i686-pc-linux-gnu/bin/../lib/gcc/nios2-elf/4.1.2/../../../../nios2-elf/lib/mno-hw-mul/libsmallc.a(lib_a-memcmp.o)
 .debug_line    0x00006ae9      0x350 /opt/altera/13.0sp1/nios2eds/bin/gnu/H-i686-pc-linux-gnu/bin/../lib/gcc/nios2-elf/4.1.2/../../../../nios2-elf/lib/mno-hw-mul/libsmallc.a(lib_a-__atexit.o)
 .debug_line    0x00006e39      0x360 /opt/altera/13.0sp1/nios2eds/bin/gnu/H-i686-pc-linux-gnu/bin/../lib/gcc/nios2-elf/4.1.2/../../../../nios2-elf/lib/mno-hw-mul/libsmallc.a(lib_a-__call_atexit.o)
 .debug_line    0x00007199      0x1c6 /opt/altera/13.0sp1/nios2eds/bin/gnu/H-i686-pc-linux-gnu/bin/../lib/gcc/nios2-elf/4.1.2/mno-hw-mul/libgcc.a(_muldi3.o)
 .debug_line    0x0000735f      0x369 /opt/altera/13.0sp1/nios2eds/bin/gnu/H-i686-pc-linux-gnu/bin/../lib/gcc/nios2-elf/4.1.2/mno-hw-mul/libgcc.a(_udivdi3.o)
 .debug_line    0x000076c8      0x121 /opt/altera/13.0sp1/nios2eds/bin/gnu/H-i686-pc-linux-gnu/bin/../lib/gcc/nios2-elf/4.1.2/mno-hw-mul/libgcc.a(_clz.o)
 .debug_line    0x000077e9      0x203 ../../bsp/mpsoc_hello_mpsoc_0//libhal_bsp.a(alt_exit.o)

.debug_frame    0x00000000      0xac8
 *(.debug_frame)
 .debug_frame   0x00000000      0x120 obj/default/src_0/cpu_0.o
 .debug_frame   0x00000120       0x70 /opt/altera/13.0sp1/nios2eds/bin/gnu/H-i686-pc-linux-gnu/bin/../lib/gcc/nios2-elf/4.1.2/mno-hw-mul/libgcc.a(lib2-divmod.o)
 .debug_frame   0x00000190       0x20 /opt/altera/13.0sp1/nios2eds/bin/gnu/H-i686-pc-linux-gnu/bin/../lib/gcc/nios2-elf/4.1.2/mno-hw-mul/libgcc.a(lib2-mul.o)
 .debug_frame   0x000001b0       0x40 /opt/altera/13.0sp1/nios2eds/bin/gnu/H-i686-pc-linux-gnu/bin/../lib/gcc/nios2-elf/4.1.2/../../../../nios2-elf/lib/mno-hw-mul/libsmallc.a(lib_a-printf.o)
 .debug_frame   0x000001f0       0x30 /opt/altera/13.0sp1/nios2eds/bin/gnu/H-i686-pc-linux-gnu/bin/../lib/gcc/nios2-elf/4.1.2/../../../../nios2-elf/lib/mno-hw-mul/libsmallc.a(lib_a-putchar.o)
 .debug_frame   0x00000220       0x3c /opt/altera/13.0sp1/nios2eds/bin/gnu/H-i686-pc-linux-gnu/bin/../lib/gcc/nios2-elf/4.1.2/../../../../nios2-elf/lib/mno-hw-mul/libsmallc.a(lib_a-puts.o)
 .debug_frame   0x0000025c       0x20 /opt/altera/13.0sp1/nios2eds/bin/gnu/H-i686-pc-linux-gnu/bin/../lib/gcc/nios2-elf/4.1.2/../../../../nios2-elf/lib/mno-hw-mul/libsmallc.a(lib_a-strlen.o)
 .debug_frame   0x0000027c       0x64 /opt/altera/13.0sp1/nios2eds/bin/gnu/H-i686-pc-linux-gnu/bin/../lib/gcc/nios2-elf/4.1.2/../../../../nios2-elf/lib/mno-hw-mul/libsmallc.a(lib_a-vfprintf.o)
 .debug_frame   0x000002e0       0x30 /opt/altera/13.0sp1/nios2eds/bin/gnu/H-i686-pc-linux-gnu/bin/../lib/gcc/nios2-elf/4.1.2/../../../../nios2-elf/lib/mno-hw-mul/libsmallc.a(lib_a-fvwrite_small_dev.o)
 .debug_frame   0x00000310       0x48 /opt/altera/13.0sp1/nios2eds/bin/gnu/H-i686-pc-linux-gnu/bin/../lib/gcc/nios2-elf/4.1.2/../../../../nios2-elf/lib/mno-hw-mul/libsmallc.a(lib_a-putc.o)
 .debug_frame   0x00000358       0x2c /opt/altera/13.0sp1/nios2eds/bin/gnu/H-i686-pc-linux-gnu/bin/../lib/gcc/nios2-elf/4.1.2/../../../../nios2-elf/lib/mno-hw-mul/libsmallc.a(lib_a-writer.o)
 .debug_frame   0x00000384       0x38 ../../bsp/mpsoc_hello_mpsoc_0//libhal_bsp.a(alt_load.o)
 .debug_frame   0x000003bc       0x28 ../../bsp/mpsoc_hello_mpsoc_0//libhal_bsp.a(alt_main.o)
 .debug_frame   0x000003e4       0x28 ../../bsp/mpsoc_hello_mpsoc_0//libhal_bsp.a(alt_write.o)
 .debug_frame   0x0000040c       0x60 ../../bsp/mpsoc_hello_mpsoc_0//libhal_bsp.a(alt_sys_init.o)
 .debug_frame   0x0000046c      0x164 ../../bsp/mpsoc_hello_mpsoc_0//libhal_bsp.a(altera_avalon_fifo_util.o)
 .debug_frame   0x000005d0       0x20 ../../bsp/mpsoc_hello_mpsoc_0//libhal_bsp.a(altera_avalon_jtag_uart_write.o)
 .debug_frame   0x000005f0       0xa4 ../../bsp/mpsoc_hello_mpsoc_0//libhal_bsp.a(altera_avalon_mutex.o)
 .debug_frame   0x00000694       0x38 ../../bsp/mpsoc_hello_mpsoc_0//libhal_bsp.a(altera_avalon_timer_sc.o)
 .debug_frame   0x000006cc       0x3c ../../bsp/mpsoc_hello_mpsoc_0//libhal_bsp.a(perf_print_formatted_report.o)
 .debug_frame   0x00000708       0x28 ../../bsp/mpsoc_hello_mpsoc_0//libhal_bsp.a(alt_close.o)
 .debug_frame   0x00000730       0x20 ../../bsp/mpsoc_hello_mpsoc_0//libhal_bsp.a(alt_dcache_flush_all.o)
 .debug_frame   0x00000750       0x20 ../../bsp/mpsoc_hello_mpsoc_0//libhal_bsp.a(alt_dev.o)
 .debug_frame   0x00000770       0x28 ../../bsp/mpsoc_hello_mpsoc_0//libhal_bsp.a(alt_dev_llist_insert.o)
 .debug_frame   0x00000798       0x2c ../../bsp/mpsoc_hello_mpsoc_0//libhal_bsp.a(alt_do_ctors.o)
 .debug_frame   0x000007c4       0x2c ../../bsp/mpsoc_hello_mpsoc_0//libhal_bsp.a(alt_do_dtors.o)
 .debug_frame   0x000007f0       0x30 ../../bsp/mpsoc_hello_mpsoc_0//libhal_bsp.a(alt_find_dev.o)
 .debug_frame   0x00000820       0x20 ../../bsp/mpsoc_hello_mpsoc_0//libhal_bsp.a(alt_icache_flush_all.o)
 .debug_frame   0x00000840       0x20 ../../bsp/mpsoc_hello_mpsoc_0//libhal_bsp.a(alt_irq_register.o)
 .debug_frame   0x00000860       0x3c ../../bsp/mpsoc_hello_mpsoc_0//libhal_bsp.a(alt_tick.o)
 .debug_frame   0x0000089c       0x20 ../../bsp/mpsoc_hello_mpsoc_0//libhal_bsp.a(altera_nios2_qsys_irq.o)
 .debug_frame   0x000008bc       0x60 ../../bsp/mpsoc_hello_mpsoc_0//libhal_bsp.a(altera_avalon_performance_counter.o)
 .debug_frame   0x0000091c       0x28 ../../bsp/mpsoc_hello_mpsoc_0//libhal_bsp.a(alt_irq_handler.o)
 .debug_frame   0x00000944       0x20 /opt/altera/13.0sp1/nios2eds/bin/gnu/H-i686-pc-linux-gnu/bin/../lib/gcc/nios2-elf/4.1.2/../../../../nios2-elf/lib/mno-hw-mul/libsmallc.a(lib_a-atexit.o)
 .debug_frame   0x00000964       0x2c /opt/altera/13.0sp1/nios2eds/bin/gnu/H-i686-pc-linux-gnu/bin/../lib/gcc/nios2-elf/4.1.2/../../../../nios2-elf/lib/mno-hw-mul/libsmallc.a(lib_a-exit.o)
 .debug_frame   0x00000990       0x20 /opt/altera/13.0sp1/nios2eds/bin/gnu/H-i686-pc-linux-gnu/bin/../lib/gcc/nios2-elf/4.1.2/../../../../nios2-elf/lib/mno-hw-mul/libsmallc.a(lib_a-memcmp.o)
 .debug_frame   0x000009b0       0x34 /opt/altera/13.0sp1/nios2eds/bin/gnu/H-i686-pc-linux-gnu/bin/../lib/gcc/nios2-elf/4.1.2/../../../../nios2-elf/lib/mno-hw-mul/libsmallc.a(lib_a-__atexit.o)
 .debug_frame   0x000009e4       0x4c /opt/altera/13.0sp1/nios2eds/bin/gnu/H-i686-pc-linux-gnu/bin/../lib/gcc/nios2-elf/4.1.2/../../../../nios2-elf/lib/mno-hw-mul/libsmallc.a(lib_a-__call_atexit.o)
 .debug_frame   0x00000a30       0x40 /opt/altera/13.0sp1/nios2eds/bin/gnu/H-i686-pc-linux-gnu/bin/../lib/gcc/nios2-elf/4.1.2/mno-hw-mul/libgcc.a(_muldi3.o)
 .debug_frame   0x00000a70       0x38 /opt/altera/13.0sp1/nios2eds/bin/gnu/H-i686-pc-linux-gnu/bin/../lib/gcc/nios2-elf/4.1.2/mno-hw-mul/libgcc.a(_udivdi3.o)
 .debug_frame   0x00000aa8       0x20 ../../bsp/mpsoc_hello_mpsoc_0//libhal_bsp.a(alt_exit.o)

.debug_str      0x00000000     0x1db8
 *(.debug_str)
 .debug_str     0x00000000      0x2e3 obj/default/src_0/cpu_0.o
                                0x35a (size before relaxing)
 .debug_str     0x000002e3      0x110 /opt/altera/13.0sp1/nios2eds/bin/gnu/H-i686-pc-linux-gnu/bin/../lib/gcc/nios2-elf/4.1.2/mno-hw-mul/libgcc.a(lib2-divmod.o)
                                0x1b9 (size before relaxing)
 .debug_str     0x000003f3       0x37 /opt/altera/13.0sp1/nios2eds/bin/gnu/H-i686-pc-linux-gnu/bin/../lib/gcc/nios2-elf/4.1.2/mno-hw-mul/libgcc.a(lib2-mul.o)
                                0x17a (size before relaxing)
 .debug_str     0x0000042a      0x3a1 /opt/altera/13.0sp1/nios2eds/bin/gnu/H-i686-pc-linux-gnu/bin/../lib/gcc/nios2-elf/4.1.2/../../../../nios2-elf/lib/mno-hw-mul/libsmallc.a(lib_a-printf.o)
                                0x46b (size before relaxing)
 .debug_str     0x000007cb       0x51 /opt/altera/13.0sp1/nios2eds/bin/gnu/H-i686-pc-linux-gnu/bin/../lib/gcc/nios2-elf/4.1.2/../../../../nios2-elf/lib/mno-hw-mul/libsmallc.a(lib_a-putchar.o)
                                0x457 (size before relaxing)
 .debug_str     0x0000081c       0x48 /opt/altera/13.0sp1/nios2eds/bin/gnu/H-i686-pc-linux-gnu/bin/../lib/gcc/nios2-elf/4.1.2/../../../../nios2-elf/lib/mno-hw-mul/libsmallc.a(lib_a-puts.o)
                                0x455 (size before relaxing)
 .debug_str     0x00000864       0xe7 /opt/altera/13.0sp1/nios2eds/bin/gnu/H-i686-pc-linux-gnu/bin/../lib/gcc/nios2-elf/4.1.2/../../../../nios2-elf/lib/mno-hw-mul/libsmallc.a(lib_a-strlen.o)
                                0x189 (size before relaxing)
 .debug_str     0x0000094b      0x162 /opt/altera/13.0sp1/nios2eds/bin/gnu/H-i686-pc-linux-gnu/bin/../lib/gcc/nios2-elf/4.1.2/../../../../nios2-elf/lib/mno-hw-mul/libsmallc.a(lib_a-vfprintf.o)
                                0x5b4 (size before relaxing)
 .debug_str     0x00000aad       0x70 /opt/altera/13.0sp1/nios2eds/bin/gnu/H-i686-pc-linux-gnu/bin/../lib/gcc/nios2-elf/4.1.2/../../../../nios2-elf/lib/mno-hw-mul/libsmallc.a(lib_a-fvwrite_small_dev.o)
                                0x46f (size before relaxing)
 .debug_str     0x00000b1d       0xfd /opt/altera/13.0sp1/nios2eds/bin/gnu/H-i686-pc-linux-gnu/bin/../lib/gcc/nios2-elf/4.1.2/../../../../nios2-elf/lib/mno-hw-mul/libsmallc.a(lib_a-impure.o)
                                0x462 (size before relaxing)
 .debug_str     0x00000c1a       0x4f /opt/altera/13.0sp1/nios2eds/bin/gnu/H-i686-pc-linux-gnu/bin/../lib/gcc/nios2-elf/4.1.2/../../../../nios2-elf/lib/mno-hw-mul/libsmallc.a(lib_a-putc.o)
                                0x45a (size before relaxing)
 .debug_str     0x00000c69       0x4f /opt/altera/13.0sp1/nios2eds/bin/gnu/H-i686-pc-linux-gnu/bin/../lib/gcc/nios2-elf/4.1.2/../../../../nios2-elf/lib/mno-hw-mul/libsmallc.a(lib_a-writer.o)
                                0x456 (size before relaxing)
 .debug_str     0x00000cb8       0x40 /opt/altera/13.0sp1/nios2eds/bin/gnu/H-i686-pc-linux-gnu/bin/../lib/gcc/nios2-elf/4.1.2/../../../../nios2-elf/lib/mno-hw-mul/libsmallc.a(lib_a-int_errno.o)
                                0x17c (size before relaxing)
 .debug_str     0x00000cf8      0x139 ../../bsp/mpsoc_hello_mpsoc_0//libhal_bsp.a(alt_load.o)
                                0x1d6 (size before relaxing)
 .debug_str     0x00000e31       0x44 ../../bsp/mpsoc_hello_mpsoc_0//libhal_bsp.a(alt_main.o)
                                0x18a (size before relaxing)
 .debug_str     0x00000e75       0x4e ../../bsp/mpsoc_hello_mpsoc_0//libhal_bsp.a(alt_write.o)
                                0x186 (size before relaxing)
 .debug_str     0x00000ec3      0x16d ../../bsp/mpsoc_hello_mpsoc_0//libhal_bsp.a(alt_sys_init.o)
                                0x371 (size before relaxing)
 .debug_str     0x00001030      0x28e ../../bsp/mpsoc_hello_mpsoc_0//libhal_bsp.a(altera_avalon_fifo_util.o)
                                0x3a5 (size before relaxing)
 .debug_str     0x000012be       0x4a ../../bsp/mpsoc_hello_mpsoc_0//libhal_bsp.a(altera_avalon_jtag_uart_write.o)
                                0x1f3 (size before relaxing)
 .debug_str     0x00001308       0xfe ../../bsp/mpsoc_hello_mpsoc_0//libhal_bsp.a(altera_avalon_mutex.o)
                                0x28e (size before relaxing)
 .debug_str     0x00001406       0xb6 ../../bsp/mpsoc_hello_mpsoc_0//libhal_bsp.a(altera_avalon_timer_sc.o)
                                0x229 (size before relaxing)
 .debug_str     0x000014bc       0xd8 ../../bsp/mpsoc_hello_mpsoc_0//libhal_bsp.a(perf_print_formatted_report.o)
                                0x1dc (size before relaxing)
 .debug_str     0x00001594       0x1b ../../bsp/mpsoc_hello_mpsoc_0//libhal_bsp.a(alt_close.o)
                                0x155 (size before relaxing)
 .debug_str     0x000015af       0x34 ../../bsp/mpsoc_hello_mpsoc_0//libhal_bsp.a(alt_dcache_flush_all.o)
                                0x119 (size before relaxing)
 .debug_str     0x000015e3      0x12c ../../bsp/mpsoc_hello_mpsoc_0//libhal_bsp.a(alt_dev.o)
                                0x2c9 (size before relaxing)
 .debug_str     0x0000170f       0x59 ../../bsp/mpsoc_hello_mpsoc_0//libhal_bsp.a(alt_dev_llist_insert.o)
                                0x190 (size before relaxing)
 .debug_str     0x00001768       0x48 ../../bsp/mpsoc_hello_mpsoc_0//libhal_bsp.a(alt_do_ctors.o)
                                 0xa9 (size before relaxing)
 .debug_str     0x000017b0       0x4c ../../bsp/mpsoc_hello_mpsoc_0//libhal_bsp.a(alt_do_dtors.o)
                                 0xa8 (size before relaxing)
 .debug_str     0x000017fc       0x14 ../../bsp/mpsoc_hello_mpsoc_0//libhal_bsp.a(alt_errno.o)
                                0x109 (size before relaxing)
 .debug_str     0x00001810       0x24 ../../bsp/mpsoc_hello_mpsoc_0//libhal_bsp.a(alt_find_dev.o)
                                0x1b0 (size before relaxing)
 .debug_str     0x00001834       0x34 ../../bsp/mpsoc_hello_mpsoc_0//libhal_bsp.a(alt_icache_flush_all.o)
                                0x119 (size before relaxing)
 .debug_str     0x00001868       0x70 ../../bsp/mpsoc_hello_mpsoc_0//libhal_bsp.a(alt_irq_register.o)
                                0x1cc (size before relaxing)
 .debug_str     0x000018d8       0x17 ../../bsp/mpsoc_hello_mpsoc_0//libhal_bsp.a(alt_irq_vars.o)
                                0x113 (size before relaxing)
 .debug_str     0x000018ef       0x78 ../../bsp/mpsoc_hello_mpsoc_0//libhal_bsp.a(alt_tick.o)
                                0x237 (size before relaxing)
 .debug_str     0x00001967       0x3b ../../bsp/mpsoc_hello_mpsoc_0//libhal_bsp.a(altera_nios2_qsys_irq.o)
                                0x149 (size before relaxing)
 .debug_str     0x000019a2       0xbe ../../bsp/mpsoc_hello_mpsoc_0//libhal_bsp.a(altera_avalon_performance_counter.o)
                                0x1a8 (size before relaxing)
 .debug_str     0x00001a60       0x3a ../../bsp/mpsoc_hello_mpsoc_0//libhal_bsp.a(alt_irq_handler.o)
                                0x17c (size before relaxing)
 .debug_str     0x00001a9a       0xe0 /opt/altera/13.0sp1/nios2eds/bin/gnu/H-i686-pc-linux-gnu/bin/../lib/gcc/nios2-elf/4.1.2/../../../../nios2-elf/lib/mno-hw-mul/libsmallc.a(lib_a-atexit.o)
                                0x1ea (size before relaxing)
 .debug_str     0x00001b7a       0x3c /opt/altera/13.0sp1/nios2eds/bin/gnu/H-i686-pc-linux-gnu/bin/../lib/gcc/nios2-elf/4.1.2/../../../../nios2-elf/lib/mno-hw-mul/libsmallc.a(lib_a-exit.o)
                                0x17d (size before relaxing)
 .debug_str     0x00001bb6       0x45 /opt/altera/13.0sp1/nios2eds/bin/gnu/H-i686-pc-linux-gnu/bin/../lib/gcc/nios2-elf/4.1.2/../../../../nios2-elf/lib/mno-hw-mul/libsmallc.a(lib_a-memcmp.o)
                                0x183 (size before relaxing)